Archive member included to satisfy reference by file (symbol)

c:/program files (x86)/atollic/truestudio for stm32 9.3.0/armtools/bin/../lib/gcc/arm-atollic-eabi/6.3.1/../../../../arm-atollic-eabi/lib/armv7e-m/fpu\libc_nano.a(lib_a-errno.o)
                              Src\syscalls.o (__errno)
c:/program files (x86)/atollic/truestudio for stm32 9.3.0/armtools/bin/../lib/gcc/arm-atollic-eabi/6.3.1/../../../../arm-atollic-eabi/lib/armv7e-m/fpu\libc_nano.a(lib_a-impure.o)
                              c:/program files (x86)/atollic/truestudio for stm32 9.3.0/armtools/bin/../lib/gcc/arm-atollic-eabi/6.3.1/../../../../arm-atollic-eabi/lib/armv7e-m/fpu\libc_nano.a(lib_a-errno.o) (_impure_ptr)
c:/program files (x86)/atollic/truestudio for stm32 9.3.0/armtools/bin/../lib/gcc/arm-atollic-eabi/6.3.1/../../../../arm-atollic-eabi/lib/armv7e-m/fpu\libc_nano.a(lib_a-init.o)
                              startup\startup_stm32f407xx.o (__libc_init_array)
c:/program files (x86)/atollic/truestudio for stm32 9.3.0/armtools/bin/../lib/gcc/arm-atollic-eabi/6.3.1/../../../../arm-atollic-eabi/lib/armv7e-m/fpu\libc_nano.a(lib_a-memset.o)
                              Drivers\u8g2\u8g2_buffer.o (memset)
c:/program files (x86)/atollic/truestudio for stm32 9.3.0/armtools/bin/../lib/gcc/arm-atollic-eabi/6.3.1/../../../../arm-atollic-eabi/lib/armv7e-m/fpu\libc_nano.a(lib_a-putchar.o)
                              Drivers\u8g2\u8x8_d_stdio.o (putchar)
c:/program files (x86)/atollic/truestudio for stm32 9.3.0/armtools/bin/../lib/gcc/arm-atollic-eabi/6.3.1/../../../../arm-atollic-eabi/lib/armv7e-m/fpu\libc_nano.a(lib_a-findfp.o)
                              c:/program files (x86)/atollic/truestudio for stm32 9.3.0/armtools/bin/../lib/gcc/arm-atollic-eabi/6.3.1/../../../../arm-atollic-eabi/lib/armv7e-m/fpu\libc_nano.a(lib_a-putchar.o) (__sinit)
c:/program files (x86)/atollic/truestudio for stm32 9.3.0/armtools/bin/../lib/gcc/arm-atollic-eabi/6.3.1/../../../../arm-atollic-eabi/lib/armv7e-m/fpu\libc_nano.a(lib_a-fwalk.o)
                              c:/program files (x86)/atollic/truestudio for stm32 9.3.0/armtools/bin/../lib/gcc/arm-atollic-eabi/6.3.1/../../../../arm-atollic-eabi/lib/armv7e-m/fpu\libc_nano.a(lib_a-findfp.o) (_fwalk)
c:/program files (x86)/atollic/truestudio for stm32 9.3.0/armtools/bin/../lib/gcc/arm-atollic-eabi/6.3.1/../../../../arm-atollic-eabi/lib/armv7e-m/fpu\libc_nano.a(lib_a-nano-mallocr.o)
                              c:/program files (x86)/atollic/truestudio for stm32 9.3.0/armtools/bin/../lib/gcc/arm-atollic-eabi/6.3.1/../../../../arm-atollic-eabi/lib/armv7e-m/fpu\libc_nano.a(lib_a-findfp.o) (_malloc_r)
c:/program files (x86)/atollic/truestudio for stm32 9.3.0/armtools/bin/../lib/gcc/arm-atollic-eabi/6.3.1/../../../../arm-atollic-eabi/lib/armv7e-m/fpu\libc_nano.a(lib_a-putc.o)
                              c:/program files (x86)/atollic/truestudio for stm32 9.3.0/armtools/bin/../lib/gcc/arm-atollic-eabi/6.3.1/../../../../arm-atollic-eabi/lib/armv7e-m/fpu\libc_nano.a(lib_a-putchar.o) (_putc_r)
c:/program files (x86)/atollic/truestudio for stm32 9.3.0/armtools/bin/../lib/gcc/arm-atollic-eabi/6.3.1/../../../../arm-atollic-eabi/lib/armv7e-m/fpu\libc_nano.a(lib_a-sbrkr.o)
                              c:/program files (x86)/atollic/truestudio for stm32 9.3.0/armtools/bin/../lib/gcc/arm-atollic-eabi/6.3.1/../../../../arm-atollic-eabi/lib/armv7e-m/fpu\libc_nano.a(lib_a-nano-mallocr.o) (_sbrk_r)
c:/program files (x86)/atollic/truestudio for stm32 9.3.0/armtools/bin/../lib/gcc/arm-atollic-eabi/6.3.1/../../../../arm-atollic-eabi/lib/armv7e-m/fpu\libc_nano.a(lib_a-stdio.o)
                              c:/program files (x86)/atollic/truestudio for stm32 9.3.0/armtools/bin/../lib/gcc/arm-atollic-eabi/6.3.1/../../../../arm-atollic-eabi/lib/armv7e-m/fpu\libc_nano.a(lib_a-findfp.o) (__sread)
c:/program files (x86)/atollic/truestudio for stm32 9.3.0/armtools/bin/../lib/gcc/arm-atollic-eabi/6.3.1/../../../../arm-atollic-eabi/lib/armv7e-m/fpu\libc_nano.a(lib_a-wbuf.o)
                              c:/program files (x86)/atollic/truestudio for stm32 9.3.0/armtools/bin/../lib/gcc/arm-atollic-eabi/6.3.1/../../../../arm-atollic-eabi/lib/armv7e-m/fpu\libc_nano.a(lib_a-putc.o) (__swbuf_r)
c:/program files (x86)/atollic/truestudio for stm32 9.3.0/armtools/bin/../lib/gcc/arm-atollic-eabi/6.3.1/../../../../arm-atollic-eabi/lib/armv7e-m/fpu\libc_nano.a(lib_a-writer.o)
                              c:/program files (x86)/atollic/truestudio for stm32 9.3.0/armtools/bin/../lib/gcc/arm-atollic-eabi/6.3.1/../../../../arm-atollic-eabi/lib/armv7e-m/fpu\libc_nano.a(lib_a-stdio.o) (_write_r)
c:/program files (x86)/atollic/truestudio for stm32 9.3.0/armtools/bin/../lib/gcc/arm-atollic-eabi/6.3.1/../../../../arm-atollic-eabi/lib/armv7e-m/fpu\libc_nano.a(lib_a-wsetup.o)
[...]
Memory Configuration

Name             Origin             Length             Attributes
RAM              0x20000000         0x00020000         xrw
CCMRAM           0x10000000         0x00010000         rw
FLASH            0x08000000         0x00100000         xr
*default*        0x00000000         0xffffffff

Linker script and memory map

LOAD c:/program files (x86)/atollic/truestudio for stm32 9.3.0/armtools/bin/../lib/gcc/arm-atollic-eabi/6.3.1/armv7e-m/fpu/crti.o
LOAD c:/program files (x86)/atollic/truestudio for stm32 9.3.0/armtools/bin/../lib/gcc/arm-atollic-eabi/6.3.1/armv7e-m/fpu/crtbegin.o
LOAD Drivers\STM32F4xx_HAL_Driver\Src\stm32f4xx_hal.o
LOAD Drivers\STM32F4xx_HAL_Driver\Src\stm32f4xx_hal_cortex.o
LOAD Drivers\STM32F4xx_HAL_Driver\Src\stm32f4xx_hal_dma.o
LOAD Drivers\STM32F4xx_HAL_Driver\Src\stm32f4xx_hal_dma_ex.o
LOAD Drivers\STM32F4xx_HAL_Driver\Src\stm32f4xx_hal_exti.o
LOAD Drivers\STM32F4xx_HAL_Driver\Src\stm32f4xx_hal_flash.o
LOAD Drivers\STM32F4xx_HAL_Driver\Src\stm32f4xx_hal_flash_ex.o
LOAD Drivers\STM32F4xx_HAL_Driver\Src\stm32f4xx_hal_flash_ramfunc.o
LOAD Drivers\STM32F4xx_HAL_Driver\Src\stm32f4xx_hal_gpio.o
LOAD Drivers\STM32F4xx_HAL_Driver\Src\stm32f4xx_hal_pwr.o
LOAD Drivers\STM32F4xx_HAL_Driver\Src\stm32f4xx_hal_pwr_ex.o
LOAD Drivers\STM32F4xx_HAL_Driver\Src\stm32f4xx_hal_rcc.o
LOAD Drivers\STM32F4xx_HAL_Driver\Src\stm32f4xx_hal_rcc_ex.o
LOAD Drivers\STM32F4xx_HAL_Driver\Src\stm32f4xx_hal_spi.o
LOAD Drivers\STM32F4xx_HAL_Driver\Src\stm32f4xx_hal_tim.o
LOAD Drivers\STM32F4xx_HAL_Driver\Src\stm32f4xx_hal_tim_ex.o
LOAD Drivers\u8g2\u8g2_bitmap.o
LOAD Drivers\u8g2\u8g2_box.o
LOAD Drivers\u8g2\u8g2_buffer.o
LOAD Drivers\u8g2\u8g2_circle.o
LOAD Drivers\u8g2\u8g2_cleardisplay.o
LOAD Drivers\u8g2\u8g2_d_memory.o
LOAD Drivers\u8g2\u8g2_d_setup.o
LOAD Drivers\u8g2\u8g2_font.o
LOAD Drivers\u8g2\u8g2_fonts.o
LOAD Drivers\u8g2\u8g2_hvline.o
LOAD Drivers\u8g2\u8g2_input_value.o
LOAD Drivers\u8g2\u8g2_intersection.o
LOAD Drivers\u8g2\u8g2_kerning.o
LOAD Drivers\u8g2\u8g2_line.o
LOAD Drivers\u8g2\u8g2_ll_hvline.o
LOAD Drivers\u8g2\u8g2_message.o
LOAD Drivers\u8g2\u8g2_polygon.o
LOAD Drivers\u8g2\u8g2_selection_list.o
LOAD Drivers\u8g2\u8g2_setup.o
LOAD Drivers\u8g2\u8log.o
LOAD Drivers\u8g2\u8log_u8g2.o
LOAD Drivers\u8g2\u8log_u8x8.o
LOAD Drivers\u8g2\u8x8_8x8.o
LOAD Drivers\u8g2\u8x8_byte.o
LOAD Drivers\u8g2\u8x8_cad.o
LOAD Drivers\u8g2\u8x8_d_a2printer.o
LOAD Drivers\u8g2\u8x8_d_il3820_296x128.o
LOAD Drivers\u8g2\u8x8_d_ist3020.o
LOAD Drivers\u8g2\u8x8_d_ks0108.o
LOAD Drivers\u8g2\u8x8_d_lc7981.o
LOAD Drivers\u8g2\u8x8_d_ld7032_60x32.o
LOAD Drivers\u8g2\u8x8_d_ls013b7dh03.o
LOAD Drivers\u8g2\u8x8_d_max7219.o
LOAD Drivers\u8g2\u8x8_d_pcd8544_84x48.o
LOAD Drivers\u8g2\u8x8_d_pcf8812.o
LOAD Drivers\u8g2\u8x8_d_pcf8814_hx1230.o
LOAD Drivers\u8g2\u8x8_d_sbn1661.o
LOAD Drivers\u8g2\u8x8_d_sed1330.o
LOAD Drivers\u8g2\u8x8_d_sh1106_64x32.o
LOAD Drivers\u8g2\u8x8_d_sh1106_72x40.o
LOAD Drivers\u8g2\u8x8_d_sh1107.o
LOAD Drivers\u8g2\u8x8_d_sh1108.o
LOAD Drivers\u8g2\u8x8_d_sh1122.o
LOAD Drivers\u8g2\u8x8_d_ssd1305.o
LOAD Drivers\u8g2\u8x8_d_ssd1306_128x32.o
LOAD Drivers\u8g2\u8x8_d_ssd1306_128x64_noname.o
LOAD Drivers\u8g2\u8x8_d_ssd1306_48x64.o
LOAD Drivers\u8g2\u8x8_d_ssd1306_64x32.o
LOAD Drivers\u8g2\u8x8_d_ssd1306_64x48.o
LOAD Drivers\u8g2\u8x8_d_ssd1306_96x16.o
LOAD Drivers\u8g2\u8x8_d_ssd1309.o
LOAD Drivers\u8g2\u8x8_d_ssd1317.o
LOAD Drivers\u8g2\u8x8_d_ssd1322.o
LOAD Drivers\u8g2\u8x8_d_ssd1325.o
LOAD Drivers\u8g2\u8x8_d_ssd1326.o
LOAD Drivers\u8g2\u8x8_d_ssd1327.o
LOAD Drivers\u8g2\u8x8_d_ssd1329.o
LOAD Drivers\u8g2\u8x8_d_ssd1606_172x72.o
LOAD Drivers\u8g2\u8x8_d_ssd1607_200x200.o
LOAD Drivers\u8g2\u8x8_d_st75256.o
LOAD Drivers\u8g2\u8x8_d_st7565.o
LOAD Drivers\u8g2\u8x8_d_st7567.o
LOAD Drivers\u8g2\u8x8_d_st7586s_erc240160.o
LOAD Drivers\u8g2\u8x8_d_st7586s_s028hn118a.o
LOAD Drivers\u8g2\u8x8_d_st7588.o
LOAD Drivers\u8g2\u8x8_d_st7920.o
LOAD Drivers\u8g2\u8x8_d_stdio.o
LOAD Drivers\u8g2\u8x8_d_t6963.o
LOAD Drivers\u8g2\u8x8_d_uc1601.o
LOAD Drivers\u8g2\u8x8_d_uc1604.o
LOAD Drivers\u8g2\u8x8_d_uc1608.o
LOAD Drivers\u8g2\u8x8_d_uc1610.o
LOAD Drivers\u8g2\u8x8_d_uc1611.o
LOAD Drivers\u8g2\u8x8_d_uc1617.o
LOAD Drivers\u8g2\u8x8_d_uc1638.o
LOAD Drivers\u8g2\u8x8_d_uc1701_dogs102.o
LOAD Drivers\u8g2\u8x8_d_uc1701_mini12864.o
LOAD Drivers\u8g2\u8x8_debounce.o
LOAD Drivers\u8g2\u8x8_display.o
LOAD Drivers\u8g2\u8x8_fonts.o
LOAD Drivers\u8g2\u8x8_gpio.o
LOAD Drivers\u8g2\u8x8_input_value.o
LOAD Drivers\u8g2\u8x8_message.o
LOAD Drivers\u8g2\u8x8_selection_list.o
LOAD Drivers\u8g2\u8x8_setup.o
LOAD Drivers\u8g2\u8x8_string.o
LOAD Drivers\u8g2\u8x8_u16toa.o
LOAD Drivers\u8g2\u8x8_u8toa.o
LOAD Src\dma.o
LOAD Src\gpio.o
LOAD Src\main.o
LOAD Src\spi.o
LOAD Src\stm32f4xx_hal_msp.o
LOAD Src\stm32f4xx_it.o
LOAD Src\syscalls.o
LOAD Src\system_stm32f4xx.o
LOAD startup\startup_stm32f407xx.o
                0x00000080                malloc_getpagesize_P = 0x80
START GROUP
LOAD c:/program files (x86)/atollic/truestudio for stm32 9.3.0/armtools/bin/../lib/gcc/arm-atollic-eabi/6.3.1/../../../../arm-atollic-eabi/lib/armv7e-m/fpu\libc_nano.a
LOAD c:/program files (x86)/atollic/truestudio for stm32 9.3.0/armtools/bin/../lib/gcc/arm-atollic-eabi/6.3.1/../../../../arm-atollic-eabi/lib/armv7e-m/fpu\libm.a
END GROUP
START GROUP
LOAD c:/program files (x86)/atollic/truestudio for stm32 9.3.0/armtools/bin/../lib/gcc/arm-atollic-eabi/6.3.1/armv7e-m/fpu\libgcc.a
LOAD c:/program files (x86)/atollic/truestudio for stm32 9.3.0/armtools/bin/../lib/gcc/arm-atollic-eabi/6.3.1/../../../../arm-atollic-eabi/lib/armv7e-m/fpu\libc_nano.a
END GROUP
START GROUP
LOAD c:/program files (x86)/atollic/truestudio for stm32 9.3.0/armtools/bin/../lib/gcc/arm-atollic-eabi/6.3.1/armv7e-m/fpu\libgcc.a
LOAD c:/program files (x86)/atollic/truestudio for stm32 9.3.0/armtools/bin/../lib/gcc/arm-atollic-eabi/6.3.1/../../../../arm-atollic-eabi/lib/armv7e-m/fpu\libc_nano.a
LOAD c:/program files (x86)/atollic/truestudio for stm32 9.3.0/armtools/bin/../lib/gcc/arm-atollic-eabi/6.3.1/../../../../arm-atollic-eabi/lib/armv7e-m/fpu\libnosys.a
END GROUP
START GROUP
LOAD c:/program files (x86)/atollic/truestudio for stm32 9.3.0/armtools/bin/../lib/gcc/arm-atollic-eabi/6.3.1/armv7e-m/fpu\libgcc.a
LOAD c:/program files (x86)/atollic/truestudio for stm32 9.3.0/armtools/bin/../lib/gcc/arm-atollic-eabi/6.3.1/../../../../arm-atollic-eabi/lib/armv7e-m/fpu\libc_nano.a
LOAD c:/program files (x86)/atollic/truestudio for stm32 9.3.0/armtools/bin/../lib/gcc/arm-atollic-eabi/6.3.1/../../../../arm-atollic-eabi/lib/armv7e-m/fpu\libnosys.a
END GROUP
LOAD c:/program files (x86)/atollic/truestudio for stm32 9.3.0/armtools/bin/../lib/gcc/arm-atollic-eabi/6.3.1/armv7e-m/fpu/crtend.o
LOAD c:/program files (x86)/atollic/truestudio for stm32 9.3.0/armtools/bin/../lib/gcc/arm-atollic-eabi/6.3.1/armv7e-m/fpu/crtn.o
                0x20020000                _estack = 0x20020000
                0x00000200                _Min_Heap_Size = 0x200
                0x00000400                _Min_Stack_Size = 0x400

.isr_vector     0x08000000      0x188
                0x08000000                . = ALIGN (0x4)
 *(.isr_vector)
 .isr_vector    0x08000000      0x188 startup\startup_stm32f407xx.o
                0x08000000                g_pfnVectors
                0x08000188                . = ALIGN (0x4)

.text           0x08000188     0x26c4
                0x08000188                . = ALIGN (0x4)
 *(.text)
 .text          0x08000188       0x40 c:/program files (x86)/atollic/truestudio for stm32 9.3.0/armtools/bin/../lib/gcc/arm-atollic-eabi/6.3.1/armv7e-m/fpu/crtbegin.o
 .text          0x080001c8       0x30 c:/program files (x86)/atollic/truestudio for stm32 9.3.0/armtools/bin/../lib/gcc/arm-atollic-eabi/6.3.1/armv7e-m/fpu\libgcc.a(_aeabi_uldivmod.o)
                0x080001c8                __aeabi_uldivmod
 .text          0x080001f8      0x2dc c:/program files (x86)/atollic/truestudio for stm32 9.3.0/armtools/bin/../lib/gcc/arm-atollic-eabi/6.3.1/armv7e-m/fpu\libgcc.a(_udivmoddi4.o)
                0x080001f8                __udivmoddi4
 .text          0x080004d4        0x4 c:/program files (x86)/atollic/truestudio for stm32 9.3.0/armtools/bin/../lib/gcc/arm-atollic-eabi/6.3.1/armv7e-m/fpu\libgcc.a(_dvmd_tls.o)
                0x080004d4                __aeabi_idiv0
                0x080004d4                __aeabi_ldiv0
 *(.text*)
 .text.HAL_InitTick
                0x080004d8       0x48 Drivers\STM32F4xx_HAL_Driver\Src\stm32f4xx_hal.o
                0x080004d8                HAL_InitTick
 .text.HAL_Init
                0x08000520       0x34 Drivers\STM32F4xx_HAL_Driver\Src\stm32f4xx_hal.o
                0x08000520                HAL_Init
 .text.HAL_IncTick
                0x08000554       0x18 Drivers\STM32F4xx_HAL_Driver\Src\stm32f4xx_hal.o
                0x08000554                HAL_IncTick
 .text.HAL_GetTick
                0x0800056c        0xc Drivers\STM32F4xx_HAL_Driver\Src\stm32f4xx_hal.o
                0x0800056c                HAL_GetTick
 .text.HAL_Delay
                0x08000578       0x28 Drivers\STM32F4xx_HAL_Driver\Src\stm32f4xx_hal.o
                0x08000578                HAL_Delay
 .text.HAL_NVIC_SetPriorityGrouping
                0x080005a0       0x24 Drivers\STM32F4xx_HAL_Driver\Src\stm32f4xx_hal_cortex.o
                0x080005a0                HAL_NVIC_SetPriorityGrouping
 .text.HAL_NVIC_SetPriority
                0x080005c4       0x68 Drivers\STM32F4xx_HAL_Driver\Src\stm32f4xx_hal_cortex.o
                0x080005c4                HAL_NVIC_SetPriority
 .text.HAL_NVIC_EnableIRQ
                0x0800062c       0x1c Drivers\STM32F4xx_HAL_Driver\Src\stm32f4xx_hal_cortex.o
                0x0800062c                HAL_NVIC_EnableIRQ
 .text.HAL_SYSTICK_Config
                0x08000648       0x2c Drivers\STM32F4xx_HAL_Driver\Src\stm32f4xx_hal_cortex.o
                0x08000648                HAL_SYSTICK_Config
 .text.DMA_CalcBaseAndBitshift
                0x08000674       0x2c Drivers\STM32F4xx_HAL_Driver\Src\stm32f4xx_hal_dma.o
 .text.HAL_DMA_Init
                0x080006a0       0xfc Drivers\STM32F4xx_HAL_Driver\Src\stm32f4xx_hal_dma.o
                0x080006a0                HAL_DMA_Init
 .text.HAL_DMA_IRQHandler
                0x0800079c      0x174 Drivers\STM32F4xx_HAL_Driver\Src\stm32f4xx_hal_dma.o
                0x0800079c                HAL_DMA_IRQHandler
 .text.HAL_GPIO_Init
                0x08000910      0x1c0 Drivers\STM32F4xx_HAL_Driver\Src\stm32f4xx_hal_gpio.o
                0x08000910                HAL_GPIO_Init
 .text.HAL_GPIO_WritePin
                0x08000ad0        0xa Drivers\STM32F4xx_HAL_Driver\Src\stm32f4xx_hal_gpio.o
                0x08000ad0                HAL_GPIO_WritePin
 *fill*         0x08000ada        0x2 
 .text.HAL_RCC_OscConfig
                0x08000adc      0x34c Drivers\STM32F4xx_HAL_Driver\Src\stm32f4xx_hal_rcc.o
                0x08000adc                HAL_RCC_OscConfig
 .text.HAL_RCC_GetSysClockFreq
                0x08000e28       0x5c Drivers\STM32F4xx_HAL_Driver\Src\stm32f4xx_hal_rcc.o
                0x08000e28                HAL_RCC_GetSysClockFreq
 .text.HAL_RCC_ClockConfig
                0x08000e84      0x138 Drivers\STM32F4xx_HAL_Driver\Src\stm32f4xx_hal_rcc.o
                0x08000e84                HAL_RCC_ClockConfig
 .text.SPI_WaitFlagStateUntilTimeout.constprop.9
                0x08000fbc       0x76 Drivers\STM32F4xx_HAL_Driver\Src\stm32f4xx_hal_spi.o
 *fill*         0x08001032        0x2 
 .text.SPI_EndRxTxTransaction
                0x08001034       0x5c Drivers\STM32F4xx_HAL_Driver\Src\stm32f4xx_hal_spi.o
 .text.HAL_SPI_Init
                0x08001090       0x7a Drivers\STM32F4xx_HAL_Driver\Src\stm32f4xx_hal_spi.o
                0x08001090                HAL_SPI_Init
 .text.HAL_SPI_Transmit
                0x0800110a      0x150 Drivers\STM32F4xx_HAL_Driver\Src\stm32f4xx_hal_spi.o
                0x0800110a                HAL_SPI_Transmit
 .text.u8g2_DrawHXBMP
                0x0800125a       0x80 Drivers\u8g2\u8g2_bitmap.o
                0x0800125a                u8g2_DrawHXBMP
 .text.u8g2_DrawXBMP
                0x080012da       0x4c Drivers\u8g2\u8g2_bitmap.o
                0x080012da                u8g2_DrawXBMP
 .text.u8g2_send_buffer
                0x08001326       0x50 Drivers\u8g2\u8g2_buffer.o
 .text.u8g2_ClearBuffer
                0x08001376       0x14 Drivers\u8g2\u8g2_buffer.o
                0x08001376                u8g2_ClearBuffer
 .text.u8g2_SetBufferCurrTileRow
                0x0800138a       0x1a Drivers\u8g2\u8g2_buffer.o
                0x0800138a                u8g2_SetBufferCurrTileRow
 .text.u8g2_FirstPage
                0x080013a4       0x1a Drivers\u8g2\u8g2_buffer.o
                0x080013a4                u8g2_FirstPage
 .text.u8g2_NextPage
                0x080013be       0x3e Drivers\u8g2\u8g2_buffer.o
                0x080013be                u8g2_NextPage
 .text.u8g2_ClearDisplay
                0x080013fc       0x1e Drivers\u8g2\u8g2_cleardisplay.o
                0x080013fc                u8g2_ClearDisplay
 *fill*         0x0800141a        0x2 
 .text.u8g2_m_32_8_1
                0x0800141c        0xc Drivers\u8g2\u8g2_d_memory.o
                0x0800141c                u8g2_m_32_8_1
 .text.u8g2_Setup_ssd1322_nhd_256x64_1
                0x08001428       0x3c Drivers\u8g2\u8g2_d_setup.o
                0x08001428                u8g2_Setup_ssd1322_nhd_256x64_1
 .text.u8g2_font_get_word
                0x08001464        0xe Drivers\u8g2\u8g2_font.o
 .text.u8g2_add_vector_y
                0x08001472       0x1c Drivers\u8g2\u8g2_font.o
 .text.u8g2_add_vector_x
                0x0800148e       0x1c Drivers\u8g2\u8g2_font.o
 .text.u8g2_font_calc_vref_font
                0x080014aa        0x4 Drivers\u8g2\u8g2_font.o
                0x080014aa                u8g2_font_calc_vref_font
 .text.u8g2_read_font_info
                0x080014ae       0x6a Drivers\u8g2\u8g2_font.o
                0x080014ae                u8g2_read_font_info
 .text.u8g2_font_decode_get_unsigned_bits
                0x08001518       0x3a Drivers\u8g2\u8g2_font.o
                0x08001518                u8g2_font_decode_get_unsigned_bits
 .text.u8g2_font_setup_decode
                0x08001552       0x40 Drivers\u8g2\u8g2_font.o
 .text.u8g2_font_decode_get_signed_bits
                0x08001592       0x14 Drivers\u8g2\u8g2_font.o
                0x08001592                u8g2_font_decode_get_signed_bits
 .text.u8g2_font_decode_len
                0x080015a6       0xa2 Drivers\u8g2\u8g2_font.o
                0x080015a6                u8g2_font_decode_len
 .text.u8g2_font_decode_glyph
                0x08001648      0x13c Drivers\u8g2\u8g2_font.o
                0x08001648                u8g2_font_decode_glyph
 .text.u8g2_font_get_glyph_data
                0x08001784       0x72 Drivers\u8g2\u8g2_font.o
                0x08001784                u8g2_font_get_glyph_data
 .text.u8g2_DrawGlyph
                0x080017f6       0x5a Drivers\u8g2\u8g2_font.o
                0x080017f6                u8g2_DrawGlyph
 .text.u8g2_draw_string
                0x08001850       0x6c Drivers\u8g2\u8g2_font.o
 .text.u8g2_DrawStr
                0x080018bc       0x14 Drivers\u8g2\u8g2_font.o
                0x080018bc                u8g2_DrawStr
 .text.u8g2_UpdateRefHeight
                0x080018d0       0x56 Drivers\u8g2\u8g2_font.o
                0x080018d0                u8g2_UpdateRefHeight
 *fill*         0x08001926        0x2 
 .text.u8g2_SetFontPosBaseline
                0x08001928        0xc Drivers\u8g2\u8g2_font.o
                0x08001928                u8g2_SetFontPosBaseline
 .text.u8g2_SetFont
                0x08001934       0x1e Drivers\u8g2\u8g2_font.o
                0x08001934                u8g2_SetFont
 .text.u8g2_draw_hv_line_2dir
                0x08001952       0x18 Drivers\u8g2\u8g2_hvline.o
                0x08001952                u8g2_draw_hv_line_2dir
 .text.u8g2_DrawHVLine
                0x0800196a       0xd0 Drivers\u8g2\u8g2_hvline.o
                0x0800196a                u8g2_DrawHVLine
 .text.u8g2_is_intersection_decision_tree
                0x08001a3a       0x1e Drivers\u8g2\u8g2_intersection.o
                0x08001a3a                u8g2_is_intersection_decision_tree
 .text.u8g2_IsIntersection
                0x08001a58       0x30 Drivers\u8g2\u8g2_intersection.o
                0x08001a58                u8g2_IsIntersection
 .text.u8g2_ll_hvline_vertical_top_lsb
                0x08001a88       0x90 Drivers\u8g2\u8g2_ll_hvline.o
                0x08001a88                u8g2_ll_hvline_vertical_top_lsb
 .text.u8g2_update_dimension_common
                0x08001b18       0x58 Drivers\u8g2\u8g2_setup.o
 .text.u8g2_draw_l90_r0
                0x08001b70       0x10 Drivers\u8g2\u8g2_setup.o
                0x08001b70                u8g2_draw_l90_r0
 .text.u8g2_apply_clip_window
                0x08001b80       0x6c Drivers\u8g2\u8g2_setup.o
 .text.u8g2_update_page_win_r0
                0x08001bec       0x22 Drivers\u8g2\u8g2_setup.o
                0x08001bec                u8g2_update_page_win_r0
 .text.u8g2_update_dimension_r0
                0x08001c0e        0x4 Drivers\u8g2\u8g2_setup.o
                0x08001c0e                u8g2_update_dimension_r0
 .text.u8g2_SetMaxClipWindow
                0x08001c12       0x1a Drivers\u8g2\u8g2_setup.o
                0x08001c12                u8g2_SetMaxClipWindow
 .text.u8g2_SetupBuffer
                0x08001c2c       0x40 Drivers\u8g2\u8g2_setup.o
                0x08001c2c                u8g2_SetupBuffer
 .text.u8x8_ascii_next
                0x08001c6c       0x10 Drivers\u8g2\u8x8_8x8.o
                0x08001c6c                u8x8_ascii_next
 .text.u8x8_utf8_init
                0x08001c7c        0x8 Drivers\u8g2\u8x8_8x8.o
                0x08001c7c                u8x8_utf8_init
 .text.u8x8_byte_SetDC
                0x08001c84       0x12 Drivers\u8g2\u8x8_byte.o
                0x08001c84                u8x8_byte_SetDC
 .text.u8x8_byte_SendBytes
                0x08001c96       0x12 Drivers\u8g2\u8x8_byte.o
                0x08001c96                u8x8_byte_SendBytes
 .text.u8x8_byte_SendByte
                0x08001ca8       0x14 Drivers\u8g2\u8x8_byte.o
                0x08001ca8                u8x8_byte_SendByte
 .text.u8x8_cad_SendCmd
                0x08001cbc       0x12 Drivers\u8g2\u8x8_cad.o
                0x08001cbc                u8x8_cad_SendCmd
 .text.u8x8_cad_SendArg
                0x08001cce       0x12 Drivers\u8g2\u8x8_cad.o
                0x08001cce                u8x8_cad_SendArg
 .text.u8x8_cad_SendData
                0x08001ce0       0x12 Drivers\u8g2\u8x8_cad.o
                0x08001ce0                u8x8_cad_SendData
 .text.u8x8_cad_StartTransfer
                0x08001cf2       0x12 Drivers\u8g2\u8x8_cad.o
                0x08001cf2                u8x8_cad_StartTransfer
 .text.u8x8_cad_EndTransfer
                0x08001d04       0x12 Drivers\u8g2\u8x8_cad.o
                0x08001d04                u8x8_cad_EndTransfer
 .text.u8x8_cad_SendSequence
                0x08001d16       0x62 Drivers\u8g2\u8x8_cad.o
                0x08001d16                u8x8_cad_SendSequence
 .text.u8x8_cad_011
                0x08001d78       0x56 Drivers\u8g2\u8x8_cad.o
                0x08001d78                u8x8_cad_011
 *fill*         0x08001dce        0x2 
 .text.u8x8_d_ssd1322_common
                0x08001dd0      0x14c Drivers\u8g2\u8x8_d_ssd1322.o
                0x08001dd0                u8x8_d_ssd1322_common
 .text.u8x8_d_ssd1322_nhd_256x64
                0x08001f1c       0x60 Drivers\u8g2\u8x8_d_ssd1322.o
                0x08001f1c                u8x8_d_ssd1322_nhd_256x64
 .text.u8x8_d_helper_display_setup_memory
                0x08001f7c        0xa Drivers\u8g2\u8x8_display.o
                0x08001f7c                u8x8_d_helper_display_setup_memory
 .text.u8x8_d_helper_display_init
                0x08001f86       0x60 Drivers\u8g2\u8x8_display.o
                0x08001f86                u8x8_d_helper_display_init
 .text.u8x8_DrawTile
                0x08001fe6       0x22 Drivers\u8g2\u8x8_display.o
                0x08001fe6                u8x8_DrawTile
 .text.u8x8_SetupMemory
                0x08002008       0x12 Drivers\u8g2\u8x8_display.o
                0x08002008                u8x8_SetupMemory
 .text.u8x8_InitDisplay
                0x0800201a       0x12 Drivers\u8g2\u8x8_display.o
                0x0800201a                u8x8_InitDisplay
 .text.u8x8_SetPowerSave
                0x0800202c       0x12 Drivers\u8g2\u8x8_display.o
                0x0800202c                u8x8_SetPowerSave
 .text.u8x8_RefreshDisplay
                0x0800203e       0x12 Drivers\u8g2\u8x8_display.o
                0x0800203e                u8x8_RefreshDisplay
 .text.u8x8_gpio_call
                0x08002050        0xe Drivers\u8g2\u8x8_gpio.o
                0x08002050                u8x8_gpio_call
 .text.u8x8_dummy_cb
                0x0800205e        0x4 Drivers\u8g2\u8x8_setup.o
                0x0800205e                u8x8_dummy_cb
 *fill*         0x08002062        0x2 
 .text.u8x8_SetupDefaults
                0x08002064       0x2c Drivers\u8g2\u8x8_setup.o
                0x08002064                u8x8_SetupDefaults
 .text.u8x8_Setup
                0x08002090       0x1c Drivers\u8g2\u8x8_setup.o
                0x08002090                u8x8_Setup
 .text.MX_DMA_Init
                0x080020ac       0x34 Src\dma.o
                0x080020ac                MX_DMA_Init
 .text.MX_GPIO_Init
                0x080020e0      0x210 Src\gpio.o
                0x080020e0                MX_GPIO_Init
 .text.u8x8_stm32_gpio_and_delay
                0x080022f0       0x3c Src\main.o
                0x080022f0                u8x8_stm32_gpio_and_delay
 .text.u8x8_byte_4wire_hw_spi
                0x0800232c       0x58 Src\main.o
                0x0800232c                u8x8_byte_4wire_hw_spi
 .text.SystemClock_Config
                0x08002384       0x98 Src\main.o
                0x08002384                SystemClock_Config
 .text.LoadWindow
                0x0800241c       0xa4 Src\main.o
                0x0800241c                LoadWindow
 .text.startup.main
                0x080024c0       0xc0 Src\main.o
                0x080024c0                main
 .text.Error_Handler
                0x08002580        0x2 Src\main.o
                0x08002580                Error_Handler
 *fill*         0x08002582        0x2 
 .text.MX_SPI1_Init
                0x08002584       0x48 Src\spi.o
                0x08002584                MX_SPI1_Init
 .text.MX_SPI2_Init
                0x080025cc       0x44 Src\spi.o
                0x080025cc                MX_SPI2_Init
 .text.HAL_SPI_MspInit
                0x08002610       0xfc Src\spi.o
                0x08002610                HAL_SPI_MspInit
 .text.HAL_MspInit
                0x0800270c       0x40 Src\stm32f4xx_hal_msp.o
                0x0800270c                HAL_MspInit
 .text.NMI_Handler
                0x0800274c        0x2 Src\stm32f4xx_it.o
                0x0800274c                NMI_Handler
 .text.HardFault_Handler
                0x0800274e        0x2 Src\stm32f4xx_it.o
                0x0800274e                HardFault_Handler
 .text.MemManage_Handler
                0x08002750        0x2 Src\stm32f4xx_it.o
                0x08002750                MemManage_Handler
 .text.BusFault_Handler
                0x08002752        0x2 Src\stm32f4xx_it.o
                0x08002752                BusFault_Handler
 .text.UsageFault_Handler
                0x08002754        0x2 Src\stm32f4xx_it.o
                0x08002754                UsageFault_Handler
 .text.SVC_Handler
                0x08002756        0x2 Src\stm32f4xx_it.o
                0x08002756                SVC_Handler
 .text.DebugMon_Handler
                0x08002758        0x2 Src\stm32f4xx_it.o
                0x08002758                DebugMon_Handler
 .text.PendSV_Handler
                0x0800275a        0x2 Src\stm32f4xx_it.o
                0x0800275a                PendSV_Handler
 .text.SysTick_Handler
                0x0800275c        0x4 Src\stm32f4xx_it.o
                0x0800275c                SysTick_Handler
 .text.DMA2_Stream3_IRQHandler
                0x08002760        0xc Src\stm32f4xx_it.o
                0x08002760                DMA2_Stream3_IRQHandler
 .text.SystemInit
                0x0800276c       0x1c Src\system_stm32f4xx.o
                0x0800276c                SystemInit
 .text.Reset_Handler
                0x08002788       0x50 startup\startup_stm32f407xx.o
                0x08002788                Reset_Handler
 .text.Default_Handler
                0x080027d8        0x2 startup\startup_stm32f407xx.o
                0x080027d8                RTC_Alarm_IRQHandler
                0x080027d8                HASH_RNG_IRQHandler
                0x080027d8                EXTI2_IRQHandler
                0x080027d8                TIM8_CC_IRQHandler
                0x080027d8                TIM1_CC_IRQHandler
                0x080027d8                DMA2_Stream5_IRQHandler
                0x080027d8                DMA1_Stream5_IRQHandler
                0x080027d8                PVD_IRQHandler
                0x080027d8                SDIO_IRQHandler
                0x080027d8                TAMP_STAMP_IRQHandler
                0x080027d8                CAN2_RX1_IRQHandler
                0x080027d8                EXTI3_IRQHandler
                0x080027d8                TIM8_TRG_COM_TIM14_IRQHandler
                0x080027d8                TIM1_UP_TIM10_IRQHandler
                0x080027d8                TIM8_UP_TIM13_IRQHandler
                0x080027d8                I2C3_ER_IRQHandler
                0x080027d8                EXTI0_IRQHandler
                0x080027d8                I2C2_EV_IRQHandler
                0x080027d8                DMA1_Stream2_IRQHandler
                0x080027d8                CAN1_RX0_IRQHandler
                0x080027d8                FPU_IRQHandler
                0x080027d8                OTG_HS_WKUP_IRQHandler
                0x080027d8                CAN2_SCE_IRQHandler
                0x080027d8                DMA2_Stream2_IRQHandler
                0x080027d8                SPI1_IRQHandler
                0x080027d8                TIM6_DAC_IRQHandler
                0x080027d8                TIM1_BRK_TIM9_IRQHandler
                0x080027d8                DCMI_IRQHandler
                0x080027d8                CAN2_RX0_IRQHandler
                0x080027d8                USART6_IRQHandler
                0x080027d8                USART3_IRQHandler
                0x080027d8                CAN1_RX1_IRQHandler
                0x080027d8                UART5_IRQHandler
                0x080027d8                DMA2_Stream0_IRQHandler
                0x080027d8                TIM4_IRQHandler
                0x080027d8                I2C1_EV_IRQHandler
                0x080027d8                DMA1_Stream6_IRQHandler
                0x080027d8                DMA1_Stream1_IRQHandler
                0x080027d8                UART4_IRQHandler
                0x080027d8                TIM3_IRQHandler
                0x080027d8                RCC_IRQHandler
                0x080027d8                TIM8_BRK_TIM12_IRQHandler
                0x080027d8                Default_Handler
                0x080027d8                EXTI15_10_IRQHandler
                0x080027d8                ADC_IRQHandler
                0x080027d8                DMA1_Stream7_IRQHandler
                0x080027d8                TIM7_IRQHandler
                0x080027d8                CAN2_TX_IRQHandler
                0x080027d8                TIM5_IRQHandler
                0x080027d8                DMA2_Stream7_IRQHandler
                0x080027d8                I2C3_EV_IRQHandler
                0x080027d8                EXTI9_5_IRQHandler
                0x080027d8                RTC_WKUP_IRQHandler
                0x080027d8                ETH_WKUP_IRQHandler
                0x080027d8                SPI2_IRQHandler
                0x080027d8                OTG_HS_EP1_IN_IRQHandler
                0x080027d8                DMA1_Stream0_IRQHandler
                0x080027d8                CAN1_TX_IRQHandler
                0x080027d8                EXTI4_IRQHandler
                0x080027d8                FSMC_IRQHandler
                0x080027d8                ETH_IRQHandler
                0x080027d8                OTG_HS_EP1_OUT_IRQHandler
                0x080027d8                WWDG_IRQHandler
                0x080027d8                TIM2_IRQHandler
                0x080027d8                OTG_FS_WKUP_IRQHandler
                0x080027d8                TIM1_TRG_COM_TIM11_IRQHandler
                0x080027d8                OTG_HS_IRQHandler
                0x080027d8                EXTI1_IRQHandler
                0x080027d8                USART2_IRQHandler
                0x080027d8                I2C2_ER_IRQHandler
                0x080027d8                DMA2_Stream1_IRQHandler
                0x080027d8                CAN1_SCE_IRQHandler
                0x080027d8                FLASH_IRQHandler
                0x080027d8                DMA2_Stream4_IRQHandler
                0x080027d8                USART1_IRQHandler
                0x080027d8                OTG_FS_IRQHandler
                0x080027d8                SPI3_IRQHandler
                0x080027d8                DMA1_Stream4_IRQHandler
                0x080027d8                I2C1_ER_IRQHandler
                0x080027d8                DMA2_Stream6_IRQHandler
                0x080027d8                DMA1_Stream3_IRQHandler
 *fill*         0x080027da        0x2 
 .text.__libc_init_array
                0x080027dc       0x48 c:/program files (x86)/atollic/truestudio for stm32 9.3.0/armtools/bin/../lib/gcc/arm-atollic-eabi/6.3.1/../../../../arm-atollic-eabi/lib/armv7e-m/fpu\libc_nano.a(lib_a-init.o)
                0x080027dc                __libc_init_array
 .text.memset   0x08002824       0x10 c:/program files (x86)/atollic/truestudio for stm32 9.3.0/armtools/bin/../lib/gcc/arm-atollic-eabi/6.3.1/../../../../arm-atollic-eabi/lib/armv7e-m/fpu\libc_nano.a(lib_a-memset.o)
                0x08002824                memset
 *(.glue_7)
 .glue_7        0x08002834        0x0 linker stubs
 *(.glue_7t)
 .glue_7t       0x08002834        0x0 linker stubs
 *(.eh_frame)
 .eh_frame      0x08002834        0x0 c:/program files (x86)/atollic/truestudio for stm32 9.3.0/armtools/bin/../lib/gcc/arm-atollic-eabi/6.3.1/armv7e-m/fpu/crtbegin.o
 *(.init)
 .init          0x08002834        0x4 c:/program files (x86)/atollic/truestudio for stm32 9.3.0/armtools/bin/../lib/gcc/arm-atollic-eabi/6.3.1/armv7e-m/fpu/crti.o
                0x08002834                _init
 .init          0x08002838        0x8 c:/program files (x86)/atollic/truestudio for stm32 9.3.0/armtools/bin/../lib/gcc/arm-atollic-eabi/6.3.1/armv7e-m/fpu/crtn.o
 *(.fini)
 .fini          0x08002840        0x4 c:/program files (x86)/atollic/truestudio for stm32 9.3.0/armtools/bin/../lib/gcc/arm-atollic-eabi/6.3.1/armv7e-m/fpu/crti.o
                0x08002840                _fini
 .fini          0x08002844        0x8 c:/program files (x86)/atollic/truestudio for stm32 9.3.0/armtools/bin/../lib/gcc/arm-atollic-eabi/6.3.1/armv7e-m/fpu/crtn.o
                0x0800284c                . = ALIGN (0x4)
                0x0800284c                _etext = .

.vfp11_veneer   0x0800284c        0x0
 .vfp11_veneer  0x0800284c        0x0 linker stubs

.v4_bx          0x0800284c        0x0
 .v4_bx         0x0800284c        0x0 linker stubs

.iplt           0x0800284c        0x0
 .iplt          0x0800284c        0x0 c:/program files (x86)/atollic/truestudio for stm32 9.3.0/armtools/bin/../lib/gcc/arm-atollic-eabi/6.3.1/armv7e-m/fpu/crtbegin.o

.rodata         0x0800284c     0x25fc
                0x0800284c                . = ALIGN (0x4)
 *(.rodata)
 *(.rodata*)
 .rodata.flagBitshiftOffset.7484
                0x0800284c        0x8 Drivers\STM32F4xx_HAL_Driver\Src\stm32f4xx_hal_dma.o
 .rodata.u8g2_font_ncenB10_te
                0x08002854     0x250b Drivers\u8g2\u8g2_fonts.o
                0x08002854                u8g2_font_ncenB10_te
 *fill*         0x08004d5f        0x1 
 .rodata.u8g2_cb_r0
                0x08004d60        0xc Drivers\u8g2\u8g2_setup.o
                0x08004d60                u8g2_cb_r0
 .rodata.u8x8_d_ssd1322_256x64_flip0_seq
                0x08004d6c        0x9 Drivers\u8g2\u8x8_d_ssd1322.o
 .rodata.u8x8_d_ssd1322_256x64_flip1_seq
                0x08004d75        0x9 Drivers\u8g2\u8x8_d_ssd1322.o
 .rodata.u8x8_d_ssd1322_256x64_init_seq
                0x08004d7e       0x53 Drivers\u8g2\u8x8_d_ssd1322.o
 .rodata.u8x8_d_ssd1322_powersave0_seq
                0x08004dd1        0x5 Drivers\u8g2\u8x8_d_ssd1322.o
 .rodata.u8x8_d_ssd1322_powersave1_seq
                0x08004dd6        0x5 Drivers\u8g2\u8x8_d_ssd1322.o
 *fill*         0x08004ddb        0x1 
 .rodata.u8x8_ssd1322_256x64_display_info
                0x08004ddc       0x18 Drivers\u8g2\u8x8_d_ssd1322.o
 .rodata.LoadWindow.str1.1
                0x08004df4       0x27 Src\main.o
 .rodata.main.str1.1
                0x08004e1b       0x1d Src\main.o
 .rodata.AHBPrescTable
                0x08004e38       0x10 Src\system_stm32f4xx.o
                0x08004e38                AHBPrescTable
                0x08004e48                . = ALIGN (0x4)

.ARM.extab
 *(.ARM.extab* .gnu.linkonce.armextab.*)

.ARM            0x08004e48        0x8
                0x08004e48                __exidx_start = .
 *(.ARM.exidx*)
 .ARM.exidx     0x08004e48        0x8 c:/program files (x86)/atollic/truestudio for stm32 9.3.0/armtools/bin/../lib/gcc/arm-atollic-eabi/6.3.1/armv7e-m/fpu\libgcc.a(_udivmoddi4.o)
                0x08004e50                __exidx_end = .

.rel.dyn        0x08004e50        0x0
 .rel.iplt      0x08004e50        0x0 c:/program files (x86)/atollic/truestudio for stm32 9.3.0/armtools/bin/../lib/gcc/arm-atollic-eabi/6.3.1/armv7e-m/fpu/crtbegin.o

.preinit_array  0x08004e50        0x0
                0x08004e50                PROVIDE (__preinit_array_start, .)
 *(.preinit_array*)
                0x08004e50                PROVIDE (__preinit_array_end, .)

.init_array     0x08004e50        0x4
                0x08004e50                PROVIDE (__init_array_start, .)
 *(SORT(.init_array.*))
 *(.init_array*)
 .init_array    0x08004e50        0x4 c:/program files (x86)/atollic/truestudio for stm32 9.3.0/armtools/bin/../lib/gcc/arm-atollic-eabi/6.3.1/armv7e-m/fpu/crtbegin.o
                0x08004e54                PROVIDE (__init_array_end, .)

.fini_array     0x08004e54        0x4
                [!provide]                PROVIDE (__fini_array_start, .)
 *(SORT(.fini_array.*))
 *(.fini_array*)
 .fini_array    0x08004e54        0x4 c:/program files (x86)/atollic/truestudio for stm32 9.3.0/armtools/bin/../lib/gcc/arm-atollic-eabi/6.3.1/armv7e-m/fpu/crtbegin.o
                [!provide]                PROVIDE (__fini_array_end, .)
                0x08004e58                _sidata = LOADADDR (.data)

.data           0x20000000      0x5dc load address 0x08004e58
                0x20000000                . = ALIGN (0x4)
                0x20000000                _sdata = .
 *(.data)
 *(.data*)
 .data.uwTickFreq
                0x20000000        0x1 Drivers\STM32F4xx_HAL_Driver\Src\stm32f4xx_hal.o
                0x20000000                uwTickFreq
 *fill*         0x20000001        0x3 
 .data.uwTickPrio
                0x20000004        0x4 Drivers\STM32F4xx_HAL_Driver\Src\stm32f4xx_hal.o
                0x20000004                uwTickPrio
 .data.logo51_bits
                0x20000008      0x5d0 Src\main.o
 .data.SystemCoreClock
                0x200005d8        0x4 Src\system_stm32f4xx.o
                0x200005d8                SystemCoreClock
                0x200005dc                . = ALIGN (0x4)
                0x200005dc                _edata = .
                0x08005434                _siccmram = LOADADDR (.ccmram)

.igot.plt       0x200005dc        0x0 load address 0x08005434
 .igot.plt      0x200005dc        0x0 c:/program files (x86)/atollic/truestudio for stm32 9.3.0/armtools/bin/../lib/gcc/arm-atollic-eabi/6.3.1/armv7e-m/fpu/crtbegin.o

.ccmram         0x10000000        0x0 load address 0x08005434
                0x10000000                . = ALIGN (0x4)
                0x10000000                _sccmram = .
 *(.ccmram)
 *(.ccmram*)
                0x10000000                . = ALIGN (0x4)
                0x10000000                _eccmram = .
                0x10000000                . = ALIGN (0x4)

.bss            0x200005dc      0x2d8
                0x200005dc                _sbss = .
                0x200005dc                __bss_start__ = _sbss
 *(.bss)
 .bss           0x200005dc       0x1c c:/program files (x86)/atollic/truestudio for stm32 9.3.0/armtools/bin/../lib/gcc/arm-atollic-eabi/6.3.1/armv7e-m/fpu/crtbegin.o
 *(.bss*)
 .bss.buf.10736
                0x200005f8      0x100 Drivers\u8g2\u8g2_d_memory.o
 .bss.u8x8_ssd1322_to32_dest_buf
                0x200006f8       0x20 Drivers\u8g2\u8x8_d_ssd1322.o
 .bss.u8g2      0x20000718       0x88 Src\main.o
 *(COMMON)
 COMMON         0x200007a0        0x4 Drivers\STM32F4xx_HAL_Driver\Src\stm32f4xx_hal.o
                0x200007a0                uwTick
 COMMON         0x200007a4      0x110 Src\spi.o
                0x200007a4                hspi2
                0x200007fc                hspi1
                0x20000854                hdma_spi1_tx
                0x200008b4                . = ALIGN (0x4)
                0x200008b4                _ebss = .
                0x200008b4                __bss_end__ = _ebss

._user_heap_stack
                0x200008b4      0x600
                0x200008b4                . = ALIGN (0x4)
                0x200008b4                PROVIDE (end, .)
                [!provide]                PROVIDE (_end, .)
                0x20000ab4                . = (. + _Min_Heap_Size)
 *fill*         0x200008b4      0x200 
                0x20000eb4                . = (. + _Min_Stack_Size)
 *fill*         0x20000ab4      0x400 
                0x20000eb4                . = ALIGN (0x4)

/DISCARD/
 libc.a(*)
 libm.a(*)
 libgcc.a(*)

.ARM.attributes
                0x00000000       0x30
 *(.ARM.attributes)
 .ARM.attributes
                0x00000000       0x22 c:/program files (x86)/atollic/truestudio for stm32 9.3.0/armtools/bin/../lib/gcc/arm-atollic-eabi/6.3.1/armv7e-m/fpu/crti.o
 .ARM.attributes
                0x00000022       0x34 c:/program files (x86)/atollic/truestudio for stm32 9.3.0/armtools/bin/../lib/gcc/arm-atollic-eabi/6.3.1/armv7e-m/fpu/crtbegin.o
 .ARM.attributes
                0x00000056       0x39 Drivers\STM32F4xx_HAL_Driver\Src\stm32f4xx_hal.o
 .ARM.attributes
                0x0000008f       0x39 Drivers\STM32F4xx_HAL_Driver\Src\stm32f4xx_hal_cortex.o
 .ARM.attributes
                0x000000c8       0x39 Drivers\STM32F4xx_HAL_Driver\Src\stm32f4xx_hal_dma.o
 .ARM.attributes
                0x00000101       0x39 Drivers\STM32F4xx_HAL_Driver\Src\stm32f4xx_hal_gpio.o
 .ARM.attributes
                0x0000013a       0x39 Drivers\STM32F4xx_HAL_Driver\Src\stm32f4xx_hal_rcc.o
 .ARM.attributes
                0x00000173       0x39 Drivers\STM32F4xx_HAL_Driver\Src\stm32f4xx_hal_spi.o
 .ARM.attributes
                0x000001ac       0x39 Drivers\u8g2\u8g2_bitmap.o
 .ARM.attributes
                0x000001e5       0x39 Drivers\u8g2\u8g2_buffer.o
 .ARM.attributes
                0x0000021e       0x39 Drivers\u8g2\u8g2_cleardisplay.o
 .ARM.attributes
                0x00000257       0x39 Drivers\u8g2\u8g2_d_memory.o
 .ARM.attributes
                0x00000290       0x39 Drivers\u8g2\u8g2_d_setup.o
 .ARM.attributes
                0x000002c9       0x39 Drivers\u8g2\u8g2_font.o
 .ARM.attributes
                0x00000302       0x39 Drivers\u8g2\u8g2_fonts.o
 .ARM.attributes
                0x0000033b       0x39 Drivers\u8g2\u8g2_hvline.o
 .ARM.attributes
                0x00000374       0x39 Drivers\u8g2\u8g2_intersection.o
 .ARM.attributes
                0x000003ad       0x39 Drivers\u8g2\u8g2_ll_hvline.o
 .ARM.attributes
                0x000003e6       0x39 Drivers\u8g2\u8g2_setup.o
 .ARM.attributes
                0x0000041f       0x39 Drivers\u8g2\u8x8_8x8.o
 .ARM.attributes
                0x00000458       0x39 Drivers\u8g2\u8x8_byte.o
 .ARM.attributes
                0x00000491       0x39 Drivers\u8g2\u8x8_cad.o
 .ARM.attributes
                0x000004ca       0x39 Drivers\u8g2\u8x8_d_ssd1322.o
 .ARM.attributes
                0x00000503       0x39 Drivers\u8g2\u8x8_display.o
 .ARM.attributes
                0x0000053c       0x39 Drivers\u8g2\u8x8_gpio.o
 .ARM.attributes
                0x00000575       0x39 Drivers\u8g2\u8x8_setup.o
 .ARM.attributes
                0x000005ae       0x39 Src\dma.o
 .ARM.attributes
                0x000005e7       0x39 Src\gpio.o
 .ARM.attributes
                0x00000620       0x39 Src\main.o
 .ARM.attributes
                0x00000659       0x39 Src\spi.o
 .ARM.attributes
                0x00000692       0x39 Src\stm32f4xx_hal_msp.o
 .ARM.attributes
                0x000006cb       0x39 Src\stm32f4xx_it.o
 .ARM.attributes
                0x00000704       0x39 Src\system_stm32f4xx.o
 .ARM.attributes
                0x0000073d       0x21 startup\startup_stm32f407xx.o
 .ARM.attributes
                0x0000075e       0x34 c:/program files (x86)/atollic/truestudio for stm32 9.3.0/armtools/bin/../lib/gcc/arm-atollic-eabi/6.3.1/../../../../arm-atollic-eabi/lib/armv7e-m/fpu\libc_nano.a(lib_a-init.o)
 .ARM.attributes
                0x00000792       0x34 c:/program files (x86)/atollic/truestudio for stm32 9.3.0/armtools/bin/../lib/gcc/arm-atollic-eabi/6.3.1/../../../../arm-atollic-eabi/lib/armv7e-m/fpu\libc_nano.a(lib_a-memset.o)
 .ARM.attributes
                0x000007c6       0x22 c:/program files (x86)/atollic/truestudio for stm32 9.3.0/armtools/bin/../lib/gcc/arm-atollic-eabi/6.3.1/armv7e-m/fpu\libgcc.a(_aeabi_uldivmod.o)
 .ARM.attributes
                0x000007e8       0x34 c:/program files (x86)/atollic/truestudio for stm32 9.3.0/armtools/bin/../lib/gcc/arm-atollic-eabi/6.3.1/armv7e-m/fpu\libgcc.a(_udivmoddi4.o)
 .ARM.attributes
                0x0000081c       0x22 c:/program files (x86)/atollic/truestudio for stm32 9.3.0/armtools/bin/../lib/gcc/arm-atollic-eabi/6.3.1/armv7e-m/fpu\libgcc.a(_dvmd_tls.o)
 .ARM.attributes
                0x0000083e       0x22 c:/program files (x86)/atollic/truestudio for stm32 9.3.0/armtools/bin/../lib/gcc/arm-atollic-eabi/6.3.1/armv7e-m/fpu/crtn.o
OUTPUT(Display.elf elf32-littlearm)

.debug_info     0x00000000    0x63d44
 .debug_info    0x00000000      0xa14 Drivers\STM32F4xx_HAL_Driver\Src\stm32f4xx_hal.o
 .debug_info    0x00000a14      0xf8a Drivers\STM32F4xx_HAL_Driver\Src\stm32f4xx_hal_cortex.o
 .debug_info    0x0000199e      0xa9d Drivers\STM32F4xx_HAL_Driver\Src\stm32f4xx_hal_dma.o
 .debug_info    0x0000243b      0x7c6 Drivers\STM32F4xx_HAL_Driver\Src\stm32f4xx_hal_gpio.o
 .debug_info    0x00002c01      0xaad Drivers\STM32F4xx_HAL_Driver\Src\stm32f4xx_hal_rcc.o
 .debug_info    0x000036ae     0x1deb Drivers\STM32F4xx_HAL_Driver\Src\stm32f4xx_hal_spi.o
 .debug_info    0x00005499     0x4942 Drivers\u8g2\u8g2_bitmap.o
 .debug_info    0x00009ddb     0x5002 Drivers\u8g2\u8g2_buffer.o
 .debug_info    0x0000eddd     0x457f Drivers\u8g2\u8g2_cleardisplay.o
 .debug_info    0x0001335c     0x65a9 Drivers\u8g2\u8g2_d_memory.o
 .debug_info    0x00019905    0x1b010 Drivers\u8g2\u8g2_d_setup.o
 .debug_info    0x00034915     0x5d1d Drivers\u8g2\u8g2_font.o
 .debug_info    0x0003a632     0x8de9 Drivers\u8g2\u8g2_fonts.o
 .debug_info    0x0004341b     0x481a Drivers\u8g2\u8g2_hvline.o
 .debug_info    0x00047c35     0x45dc Drivers\u8g2\u8g2_intersection.o
 .debug_info    0x0004c211     0x464e Drivers\u8g2\u8g2_ll_hvline.o
 .debug_info    0x0005085f     0x548b Drivers\u8g2\u8g2_setup.o
 .debug_info    0x00055cea     0x108b Drivers\u8g2\u8x8_8x8.o
 .debug_info    0x00056d75     0x18cf Drivers\u8g2\u8x8_byte.o
 .debug_info    0x00058644     0x1395 Drivers\u8g2\u8x8_cad.o
 .debug_info    0x000599d9      0xfd9 Drivers\u8g2\u8x8_d_ssd1322.o
 .debug_info    0x0005a9b2      0xafb Drivers\u8g2\u8x8_display.o
 .debug_info    0x0005b4ad      0x602 Drivers\u8g2\u8x8_gpio.o
 .debug_info    0x0005baaf      0x755 Drivers\u8g2\u8x8_setup.o
 .debug_info    0x0005c204      0x5b5 Src\dma.o
 .debug_info    0x0005c7b9      0x748 Src\gpio.o
 .debug_info    0x0005cf01     0x5504 Src\main.o
 .debug_info    0x00062405      0xb6e Src\spi.o
 .debug_info    0x00062f73      0x383 Src\stm32f4xx_hal_msp.o
 .debug_info    0x000632f6      0x48e Src\stm32f4xx_it.o
 .debug_info    0x00063784      0x55b Src\system_stm32f4xx.o
 .debug_info    0x00063cdf       0x65 startup\startup_stm32f407xx.o

.debug_abbrev   0x00000000     0x3fe8
 .debug_abbrev  0x00000000      0x239 Drivers\STM32F4xx_HAL_Driver\Src\stm32f4xx_hal.o
 .debug_abbrev  0x00000239      0x314 Drivers\STM32F4xx_HAL_Driver\Src\stm32f4xx_hal_cortex.o
 .debug_abbrev  0x0000054d      0x2e8 Drivers\STM32F4xx_HAL_Driver\Src\stm32f4xx_hal_dma.o
 .debug_abbrev  0x00000835      0x1ef Drivers\STM32F4xx_HAL_Driver\Src\stm32f4xx_hal_gpio.o
 .debug_abbrev  0x00000a24      0x2cb Drivers\STM32F4xx_HAL_Driver\Src\stm32f4xx_hal_rcc.o
 .debug_abbrev  0x00000cef      0x335 Drivers\STM32F4xx_HAL_Driver\Src\stm32f4xx_hal_spi.o
 .debug_abbrev  0x00001024      0x1d0 Drivers\u8g2\u8g2_bitmap.o
 .debug_abbrev  0x000011f4      0x2bb Drivers\u8g2\u8g2_buffer.o
 .debug_abbrev  0x000014af      0x150 Drivers\u8g2\u8g2_cleardisplay.o
 .debug_abbrev  0x000015ff      0x18f Drivers\u8g2\u8g2_d_memory.o
 .debug_abbrev  0x0000178e      0x1ea Drivers\u8g2\u8g2_d_setup.o
 .debug_abbrev  0x00001978      0x3ab Drivers\u8g2\u8g2_font.o
 .debug_abbrev  0x00001d23      0x112 Drivers\u8g2\u8g2_fonts.o
 .debug_abbrev  0x00001e35      0x1c2 Drivers\u8g2\u8g2_hvline.o
 .debug_abbrev  0x00001ff7      0x179 Drivers\u8g2\u8g2_intersection.o
 .debug_abbrev  0x00002170      0x179 Drivers\u8g2\u8g2_ll_hvline.o
 .debug_abbrev  0x000022e9      0x315 Drivers\u8g2\u8g2_setup.o
 .debug_abbrev  0x000025fe      0x2d5 Drivers\u8g2\u8x8_8x8.o
 .debug_abbrev  0x000028d3      0x27c Drivers\u8g2\u8x8_byte.o
 .debug_abbrev  0x00002b4f      0x262 Drivers\u8g2\u8x8_cad.o
 .debug_abbrev  0x00002db1      0x27f Drivers\u8g2\u8x8_d_ssd1322.o
 .debug_abbrev  0x00003030      0x1bd Drivers\u8g2\u8x8_display.o
 .debug_abbrev  0x000031ed      0x109 Drivers\u8g2\u8x8_gpio.o
 .debug_abbrev  0x000032f6      0x17f Drivers\u8g2\u8x8_setup.o
 .debug_abbrev  0x00003475      0x139 Src\dma.o
 .debug_abbrev  0x000035ae      0x173 Src\gpio.o
 .debug_abbrev  0x00003721      0x2b4 Src\main.o
 .debug_abbrev  0x000039d5      0x207 Src\spi.o
 .debug_abbrev  0x00003bdc      0x12e Src\stm32f4xx_hal_msp.o
 .debug_abbrev  0x00003d0a      0x1a6 Src\stm32f4xx_it.o
 .debug_abbrev  0x00003eb0      0x126 Src\system_stm32f4xx.o
 .debug_abbrev  0x00003fd6       0x12 startup\startup_stm32f407xx.o

.debug_loc      0x00000000    0x22c82
 .debug_loc     0x00000000      0x12e Drivers\STM32F4xx_HAL_Driver\Src\stm32f4xx_hal.o
 .debug_loc     0x0000012e      0x4fb Drivers\STM32F4xx_HAL_Driver\Src\stm32f4xx_hal_cortex.o
 .debug_loc     0x00000629      0x727 Drivers\STM32F4xx_HAL_Driver\Src\stm32f4xx_hal_dma.o
 .debug_loc     0x00000d50      0x357 Drivers\STM32F4xx_HAL_Driver\Src\stm32f4xx_hal_gpio.o
 .debug_loc     0x000010a7      0x346 Drivers\STM32F4xx_HAL_Driver\Src\stm32f4xx_hal_rcc.o
 .debug_loc     0x000013ed     0x1830 Drivers\STM32F4xx_HAL_Driver\Src\stm32f4xx_hal_spi.o
 .debug_loc     0x00002c1d      0x3fa Drivers\u8g2\u8g2_bitmap.o
 .debug_loc     0x00003017      0x233 Drivers\u8g2\u8g2_buffer.o
 .debug_loc     0x0000324a       0x37 Drivers\u8g2\u8g2_cleardisplay.o
 .debug_loc     0x00003281      0xfdb Drivers\u8g2\u8g2_d_memory.o
 .debug_loc     0x0000425c    0x177ff Drivers\u8g2\u8g2_d_setup.o
 .debug_loc     0x0001ba5b     0x1807 Drivers\u8g2\u8g2_font.o
 .debug_loc     0x0001d262      0x533 Drivers\u8g2\u8g2_hvline.o
 .debug_loc     0x0001d795      0x124 Drivers\u8g2\u8g2_intersection.o
 .debug_loc     0x0001d8b9      0x38d Drivers\u8g2\u8g2_ll_hvline.o
 .debug_loc     0x0001dc46      0x90e Drivers\u8g2\u8g2_setup.o
 .debug_loc     0x0001e554      0xc01 Drivers\u8g2\u8x8_8x8.o
 .debug_loc     0x0001f155     0x12be Drivers\u8g2\u8x8_byte.o
 .debug_loc     0x00020413     0x124e Drivers\u8g2\u8x8_cad.o
 .debug_loc     0x00021661      0xb9a Drivers\u8g2\u8x8_d_ssd1322.o
 .debug_loc     0x000221fb      0x2e2 Drivers\u8g2\u8x8_display.o
 .debug_loc     0x000224dd       0x63 Drivers\u8g2\u8x8_gpio.o
 .debug_loc     0x00022540      0x23f Drivers\u8g2\u8x8_setup.o
 .debug_loc     0x0002277f      0x36e Src\main.o
 .debug_loc     0x00022aed       0x79 Src\spi.o
 .debug_loc     0x00022b66      0x11c Src\system_stm32f4xx.o

.debug_aranges  0x00000000     0x1f30
 .debug_aranges
                0x00000000       0xe8 Drivers\STM32F4xx_HAL_Driver\Src\stm32f4xx_hal.o
 .debug_aranges
                0x000000e8       0xa8 Drivers\STM32F4xx_HAL_Driver\Src\stm32f4xx_hal_cortex.o
 .debug_aranges
                0x00000190       0x80 Drivers\STM32F4xx_HAL_Driver\Src\stm32f4xx_hal_dma.o
 .debug_aranges
                0x00000210       0x58 Drivers\STM32F4xx_HAL_Driver\Src\stm32f4xx_hal_gpio.o
 .debug_aranges
                0x00000268       0x88 Drivers\STM32F4xx_HAL_Driver\Src\stm32f4xx_hal_rcc.o
 .debug_aranges
                0x000002f0      0x188 Drivers\STM32F4xx_HAL_Driver\Src\stm32f4xx_hal_spi.o
 .debug_aranges
                0x00000478       0x40 Drivers\u8g2\u8g2_bitmap.o
 .debug_aranges
                0x000004b8       0x48 Drivers\u8g2\u8g2_buffer.o
 .debug_aranges
                0x00000500       0x20 Drivers\u8g2\u8g2_cleardisplay.o
 .debug_aranges
                0x00000520      0x3f0 Drivers\u8g2\u8g2_d_memory.o
 .debug_aranges
                0x00000910      0xea0 Drivers\u8g2\u8g2_d_setup.o
 .debug_aranges
                0x000017b0      0x180 Drivers\u8g2\u8g2_font.o
 .debug_aranges
                0x00001930       0x18 Drivers\u8g2\u8g2_fonts.o
 .debug_aranges
                0x00001948       0x48 Drivers\u8g2\u8g2_hvline.o
 .debug_aranges
                0x00001990       0x28 Drivers\u8g2\u8g2_intersection.o
 .debug_aranges
                0x000019b8       0x28 Drivers\u8g2\u8g2_ll_hvline.o
 .debug_aranges
                0x000019e0       0xa8 Drivers\u8g2\u8g2_setup.o
 .debug_aranges
                0x00001a88       0xb8 Drivers\u8g2\u8x8_8x8.o
 .debug_aranges
                0x00001b40       0xb0 Drivers\u8g2\u8x8_byte.o
 .debug_aranges
                0x00001bf0       0xa8 Drivers\u8g2\u8x8_cad.o
 .debug_aranges
                0x00001c98       0x40 Drivers\u8g2\u8x8_d_ssd1322.o
 .debug_aranges
                0x00001cd8       0x80 Drivers\u8g2\u8x8_display.o
 .debug_aranges
                0x00001d58       0x20 Drivers\u8g2\u8x8_gpio.o
 .debug_aranges
                0x00001d78       0x38 Drivers\u8g2\u8x8_setup.o
 .debug_aranges
                0x00001db0       0x20 Src\dma.o
 .debug_aranges
                0x00001dd0       0x20 Src\gpio.o
 .debug_aranges
                0x00001df0       0x48 Src\main.o
 .debug_aranges
                0x00001e38       0x38 Src\spi.o
 .debug_aranges
                0x00001e70       0x20 Src\stm32f4xx_hal_msp.o
 .debug_aranges
                0x00001e90       0x50 Src\stm32f4xx_it.o
 .debug_aranges
                0x00001ee0       0x28 Src\system_stm32f4xx.o
 .debug_aranges
                0x00001f08       0x28 startup\startup_stm32f407xx.o

.debug_ranges   0x00000000     0x2100
 .debug_ranges  0x00000000       0xd8 Drivers\STM32F4xx_HAL_Driver\Src\stm32f4xx_hal.o
 .debug_ranges  0x000000d8      0x128 Drivers\STM32F4xx_HAL_Driver\Src\stm32f4xx_hal_cortex.o
 .debug_ranges  0x00000200       0xc8 Drivers\STM32F4xx_HAL_Driver\Src\stm32f4xx_hal_dma.o
 .debug_ranges  0x000002c8       0x68 Drivers\STM32F4xx_HAL_Driver\Src\stm32f4xx_hal_gpio.o
 .debug_ranges  0x00000330       0xb0 Drivers\STM32F4xx_HAL_Driver\Src\stm32f4xx_hal_rcc.o
 .debug_ranges  0x000003e0      0x238 Drivers\STM32F4xx_HAL_Driver\Src\stm32f4xx_hal_spi.o
 .debug_ranges  0x00000618       0x30 Drivers\u8g2\u8g2_bitmap.o
 .debug_ranges  0x00000648       0x58 Drivers\u8g2\u8g2_buffer.o
 .debug_ranges  0x000006a0       0x10 Drivers\u8g2\u8g2_cleardisplay.o
 .debug_ranges  0x000006b0      0x3e0 Drivers\u8g2\u8g2_d_memory.o
 .debug_ranges  0x00000a90      0xe90 Drivers\u8g2\u8g2_d_setup.o
 .debug_ranges  0x00001920      0x1a0 Drivers\u8g2\u8g2_font.o
 .debug_ranges  0x00001ac0       0x80 Drivers\u8g2\u8g2_hvline.o
 .debug_ranges  0x00001b40       0x18 Drivers\u8g2\u8g2_intersection.o
 .debug_ranges  0x00001b58       0x18 Drivers\u8g2\u8g2_ll_hvline.o
 .debug_ranges  0x00001b70       0x98 Drivers\u8g2\u8g2_setup.o
 .debug_ranges  0x00001c08      0x108 Drivers\u8g2\u8x8_8x8.o
 .debug_ranges  0x00001d10       0xe8 Drivers\u8g2\u8x8_byte.o
 .debug_ranges  0x00001df8       0x98 Drivers\u8g2\u8x8_cad.o
 .debug_ranges  0x00001e90       0x30 Drivers\u8g2\u8x8_d_ssd1322.o
 .debug_ranges  0x00001ec0       0x70 Drivers\u8g2\u8x8_display.o
 .debug_ranges  0x00001f30       0x10 Drivers\u8g2\u8x8_gpio.o
 .debug_ranges  0x00001f40       0x28 Drivers\u8g2\u8x8_setup.o
 .debug_ranges  0x00001f68       0x28 Src\dma.o
 .debug_ranges  0x00001f90       0x40 Src\gpio.o
 .debug_ranges  0x00001fd0       0x38 Src\main.o
 .debug_ranges  0x00002008       0x58 Src\spi.o
 .debug_ranges  0x00002060       0x28 Src\stm32f4xx_hal_msp.o
 .debug_ranges  0x00002088       0x40 Src\stm32f4xx_it.o
 .debug_ranges  0x000020c8       0x18 Src\system_stm32f4xx.o
 .debug_ranges  0x000020e0       0x20 startup\startup_stm32f407xx.o

.debug_line     0x00000000     0x96fe
 .debug_line    0x00000000      0x420 Drivers\STM32F4xx_HAL_Driver\Src\stm32f4xx_hal.o
 .debug_line    0x00000420      0x469 Drivers\STM32F4xx_HAL_Driver\Src\stm32f4xx_hal_cortex.o
 .debug_line    0x00000889      0x56e Drivers\STM32F4xx_HAL_Driver\Src\stm32f4xx_hal_dma.o
 .debug_line    0x00000df7      0x3f2 Drivers\STM32F4xx_HAL_Driver\Src\stm32f4xx_hal_gpio.o
 .debug_line    0x000011e9      0x51a Drivers\STM32F4xx_HAL_Driver\Src\stm32f4xx_hal_rcc.o
 .debug_line    0x00001703      0xb7e Drivers\STM32F4xx_HAL_Driver\Src\stm32f4xx_hal_spi.o
 .debug_line    0x00002281      0x228 Drivers\u8g2\u8g2_bitmap.o
 .debug_line    0x000024a9      0x2df Drivers\u8g2\u8g2_buffer.o
 .debug_line    0x00002788      0x190 Drivers\u8g2\u8g2_cleardisplay.o
 .debug_line    0x00002918      0x9eb Drivers\u8g2\u8g2_d_memory.o
 .debug_line    0x00003303     0x2b34 Drivers\u8g2\u8g2_d_setup.o
 .debug_line    0x00005e37      0x737 Drivers\u8g2\u8g2_font.o
 .debug_line    0x0000656e      0x14e Drivers\u8g2\u8g2_fonts.o
 .debug_line    0x000066bc      0x23d Drivers\u8g2\u8g2_hvline.o
 .debug_line    0x000068f9      0x1aa Drivers\u8g2\u8g2_intersection.o
 .debug_line    0x00006aa3      0x1f6 Drivers\u8g2\u8g2_ll_hvline.o
 .debug_line    0x00006c99      0x3f6 Drivers\u8g2\u8g2_setup.o
 .debug_line    0x0000708f      0x3e2 Drivers\u8g2\u8x8_8x8.o
 .debug_line    0x00007471      0x489 Drivers\u8g2\u8x8_byte.o
 .debug_line    0x000078fa      0x413 Drivers\u8g2\u8x8_cad.o
 .debug_line    0x00007d0d      0x261 Drivers\u8g2\u8x8_d_ssd1322.o
 .debug_line    0x00007f6e      0x278 Drivers\u8g2\u8x8_display.o
 .debug_line    0x000081e6      0x155 Drivers\u8g2\u8x8_gpio.o
 .debug_line    0x0000833b      0x1a7 Drivers\u8g2\u8x8_setup.o
 .debug_line    0x000084e2      0x1f3 Src\dma.o
 .debug_line    0x000086d5      0x26f Src\gpio.o
 .debug_line    0x00008944      0x3c6 Src\main.o
 .debug_line    0x00008d0a      0x2f9 Src\spi.o
 .debug_line    0x00009003      0x202 Src\stm32f4xx_hal_msp.o
 .debug_line    0x00009205      0x26d Src\stm32f4xx_it.o
 .debug_line    0x00009472      0x20d Src\system_stm32f4xx.o
 .debug_line    0x0000967f       0x7f startup\startup_stm32f407xx.o

.debug_str      0x00000000     0xf70c
 .debug_str     0x00000000      0xb46 Drivers\STM32F4xx_HAL_Driver\Src\stm32f4xx_hal.o
                                0xbaf (size before relaxing)
 .debug_str     0x00000b46      0x4a8 Drivers\STM32F4xx_HAL_Driver\Src\stm32f4xx_hal_cortex.o
                                0xcee (size before relaxing)
 .debug_str     0x00000fee      0x52a Drivers\STM32F4xx_HAL_Driver\Src\stm32f4xx_hal_dma.o
                                0x83a (size before relaxing)
 .debug_str     0x00001518      0x1de Drivers\STM32F4xx_HAL_Driver\Src\stm32f4xx_hal_gpio.o
                                0x5b4 (size before relaxing)
 .debug_str     0x000016f6      0x2f4 Drivers\STM32F4xx_HAL_Driver\Src\stm32f4xx_hal_rcc.o
                                0x792 (size before relaxing)
 .debug_str     0x000019ea      0x6f9 Drivers\STM32F4xx_HAL_Driver\Src\stm32f4xx_hal_spi.o
                                0xc9d (size before relaxing)
 .debug_str     0x000020e3     0x7c01 Drivers\u8g2\u8g2_bitmap.o
                               0x7e23 (size before relaxing)
 .debug_str     0x00009ce4      0x4d5 Drivers\u8g2\u8g2_buffer.o
                               0x8286 (size before relaxing)
 .debug_str     0x0000a1b9       0x36 Drivers\u8g2\u8g2_cleardisplay.o
                               0x7dbb (size before relaxing)
 .debug_str     0x0000a1ef      0x707 Drivers\u8g2\u8g2_d_memory.o
                               0x8459 (size before relaxing)
 .debug_str     0x0000a8f6     0x3aa6 Drivers\u8g2\u8g2_d_setup.o
                               0xbed2 (size before relaxing)
 .debug_str     0x0000e39c      0x55a Drivers\u8g2\u8g2_font.o
                               0x8310 (size before relaxing)
 .debug_str     0x0000e8f6       0x1d Drivers\u8g2\u8g2_fonts.o
                               0x7d6f (size before relaxing)
 .debug_str     0x0000e913       0x8c Drivers\u8g2\u8g2_hvline.o
                               0x7df0 (size before relaxing)
 .debug_str     0x0000e99f       0x47 Drivers\u8g2\u8g2_intersection.o
                               0x7da9 (size before relaxing)
 .debug_str     0x0000e9e6       0x6e Drivers\u8g2\u8g2_ll_hvline.o
                               0x7dd8 (size before relaxing)
 .debug_str     0x0000ea54      0x1cb Drivers\u8g2\u8g2_setup.o
                               0x83b8 (size before relaxing)
 .debug_str     0x0000ec1f      0x180 Drivers\u8g2\u8x8_8x8.o
                                0xb0f (size before relaxing)
 .debug_str     0x0000ed9f      0x20f Drivers\u8g2\u8x8_byte.o
                                0xb7f (size before relaxing)
 .debug_str     0x0000efae      0x17e Drivers\u8g2\u8x8_cad.o
                                0xb68 (size before relaxing)
 .debug_str     0x0000f12c      0x26f Drivers\u8g2\u8x8_d_ssd1322.o
                                0xc5b (size before relaxing)
 .debug_str     0x0000f39b       0xd0 Drivers\u8g2\u8x8_display.o
                                0xae2 (size before relaxing)
 .debug_str     0x0000f46b       0x1c Drivers\u8g2\u8x8_gpio.o
                                0x983 (size before relaxing)
 .debug_str     0x0000f487       0x64 Drivers\u8g2\u8x8_setup.o
                                0xa26 (size before relaxing)
 .debug_str     0x0000f4eb       0x19 Src\dma.o
                                0x8a4 (size before relaxing)
 .debug_str     0x0000f504       0x1b Src\gpio.o
                                0x454 (size before relaxing)
 .debug_str     0x0000f51f       0xab Src\main.o
                               0x86ad (size before relaxing)
 .debug_str     0x0000f5ca       0x24 Src\spi.o
                                0x907 (size before relaxing)
 .debug_str     0x0000f5ee       0x1b Src\stm32f4xx_hal_msp.o
                                0x3b9 (size before relaxing)
 .debug_str     0x0000f609       0xbe Src\stm32f4xx_it.o
                                0x5a8 (size before relaxing)
 .debug_str     0x0000f6c7       0x45 Src\system_stm32f4xx.o
                                0x418 (size before relaxing)

.comment        0x00000000       0x7c
 .comment       0x00000000       0x7c Drivers\STM32F4xx_HAL_Driver\Src\stm32f4xx_hal.o
                                 0x7d (size before relaxing)
 .comment       0x0000007c       0x7d Drivers\STM32F4xx_HAL_Driver\Src\stm32f4xx_hal_cortex.o
 .comment       0x0000007c       0x7d Drivers\STM32F4xx_HAL_Driver\Src\stm32f4xx_hal_dma.o
 .comment       0x0000007c       0x7d Drivers\STM32F4xx_HAL_Driver\Src\stm32f4xx_hal_gpio.o
 .comment       0x0000007c       0x7d Drivers\STM32F4xx_HAL_Driver\Src\stm32f4xx_hal_rcc.o
 .comment       0x0000007c       0x7d Drivers\STM32F4xx_HAL_Driver\Src\stm32f4xx_hal_spi.o
 .comment       0x0000007c       0x7d Drivers\u8g2\u8g2_bitmap.o
 .comment       0x0000007c       0x7d Drivers\u8g2\u8g2_buffer.o
 .comment       0x0000007c       0x7d Drivers\u8g2\u8g2_cleardisplay.o
 .comment       0x0000007c       0x7d Drivers\u8g2\u8g2_d_memory.o
 .comment       0x0000007c       0x7d Drivers\u8g2\u8g2_d_setup.o
 .comment       0x0000007c       0x7d Drivers\u8g2\u8g2_font.o
 .comment       0x0000007c       0x7d Drivers\u8g2\u8g2_fonts.o
 .comment       0x0000007c       0x7d Drivers\u8g2\u8g2_hvline.o
 .comment       0x0000007c       0x7d Drivers\u8g2\u8g2_intersection.o
 .comment       0x0000007c       0x7d Drivers\u8g2\u8g2_ll_hvline.o
 .comment       0x0000007c       0x7d Drivers\u8g2\u8g2_setup.o
 .comment       0x0000007c       0x7d Drivers\u8g2\u8x8_8x8.o
 .comment       0x0000007c       0x7d Drivers\u8g2\u8x8_byte.o
 .comment       0x0000007c       0x7d Drivers\u8g2\u8x8_cad.o
 .comment       0x0000007c       0x7d Drivers\u8g2\u8x8_d_ssd1322.o
 .comment       0x0000007c       0x7d Drivers\u8g2\u8x8_display.o
 .comment       0x0000007c       0x7d Drivers\u8g2\u8x8_gpio.o
 .comment       0x0000007c       0x7d Drivers\u8g2\u8x8_setup.o
 .comment       0x0000007c       0x7d Src\dma.o
 .comment       0x0000007c       0x7d Src\gpio.o
 .comment       0x0000007c       0x7d Src\main.o
 .comment       0x0000007c       0x7d Src\spi.o
 .comment       0x0000007c       0x7d Src\stm32f4xx_hal_msp.o
 .comment       0x0000007c       0x7d Src\stm32f4xx_it.o
 .comment       0x0000007c       0x7d Src\system_stm32f4xx.o

.debug_frame    0x00000000     0x653c
 .debug_frame   0x00000000      0x1f4 Drivers\STM32F4xx_HAL_Driver\Src\stm32f4xx_hal.o
 .debug_frame   0x000001f4      0x158 Drivers\STM32F4xx_HAL_Driver\Src\stm32f4xx_hal_cortex.o
 .debug_frame   0x0000034c      0x150 Drivers\STM32F4xx_HAL_Driver\Src\stm32f4xx_hal_dma.o
 .debug_frame   0x0000049c       0xd8 Drivers\STM32F4xx_HAL_Driver\Src\stm32f4xx_hal_gpio.o
 .debug_frame   0x00000574      0x13c Drivers\STM32F4xx_HAL_Driver\Src\stm32f4xx_hal_rcc.o
 .debug_frame   0x000006b0      0x574 Drivers\STM32F4xx_HAL_Driver\Src\stm32f4xx_hal_spi.o
 .debug_frame   0x00000c24       0xfc Drivers\u8g2\u8g2_bitmap.o
 .debug_frame   0x00000d20       0xb4 Drivers\u8g2\u8g2_buffer.o
 .debug_frame   0x00000dd4       0x2c Drivers\u8g2\u8g2_cleardisplay.o
 .debug_frame   0x00000e00      0x7c0 Drivers\u8g2\u8g2_d_memory.o
 .debug_frame   0x000015c0     0x3a90 Drivers\u8g2\u8g2_d_setup.o
 .debug_frame   0x00005050      0x450 Drivers\u8g2\u8g2_font.o
 .debug_frame   0x000054a0       0xc4 Drivers\u8g2\u8g2_hvline.o
 .debug_frame   0x00005564       0x48 Drivers\u8g2\u8g2_intersection.o
 .debug_frame   0x000055ac       0x50 Drivers\u8g2\u8g2_ll_hvline.o
 .debug_frame   0x000055fc      0x1e8 Drivers\u8g2\u8g2_setup.o
 .debug_frame   0x000057e4      0x234 Drivers\u8g2\u8x8_8x8.o
 .debug_frame   0x00005a18      0x238 Drivers\u8g2\u8x8_byte.o
 .debug_frame   0x00005c50      0x294 Drivers\u8g2\u8x8_cad.o
 .debug_frame   0x00005ee4       0xcc Drivers\u8g2\u8x8_d_ssd1322.o
 .debug_frame   0x00005fb0      0x17c Drivers\u8g2\u8x8_display.o
 .debug_frame   0x0000612c       0x2c Drivers\u8g2\u8x8_gpio.o
 .debug_frame   0x00006158       0x70 Drivers\u8g2\u8x8_setup.o
 .debug_frame   0x000061c8       0x28 Src\dma.o
 .debug_frame   0x000061f0       0x3c Src\gpio.o
 .debug_frame   0x0000622c       0xb4 Src\main.o
 .debug_frame   0x000062e0       0xa0 Src\spi.o
 .debug_frame   0x00006380       0x28 Src\stm32f4xx_hal_msp.o
 .debug_frame   0x000063a8       0xb0 Src\stm32f4xx_it.o
 .debug_frame   0x00006458       0x38 Src\system_stm32f4xx.o
 .debug_frame   0x00006490       0x2c c:/program files (x86)/atollic/truestudio for stm32 9.3.0/armtools/bin/../lib/gcc/arm-atollic-eabi/6.3.1/../../../../arm-atollic-eabi/lib/armv7e-m/fpu\libc_nano.a(lib_a-init.o)
 .debug_frame   0x000064bc       0x20 c:/program files (x86)/atollic/truestudio for stm32 9.3.0/armtools/bin/../lib/gcc/arm-atollic-eabi/6.3.1/../../../../arm-atollic-eabi/lib/armv7e-m/fpu\libc_nano.a(lib_a-memset.o)
 .debug_frame   0x000064dc       0x2c c:/program files (x86)/atollic/truestudio for stm32 9.3.0/armtools/bin/../lib/gcc/arm-atollic-eabi/6.3.1/armv7e-m/fpu\libgcc.a(_aeabi_uldivmod.o)
 .debug_frame   0x00006508       0x34 c:/program files (x86)/atollic/truestudio for stm32 9.3.0/armtools/bin/../lib/gcc/arm-atollic-eabi/6.3.1/armv7e-m/fpu\libgcc.a(_udivmoddi4.o)
