Info: Nothing to build for Display
Info: Nothing to build for Display
00:33:29 **** Incremental Build of configuration Debug for project Display ****
Info: Internal Builder is used for build
arm-atollic-eabi-gcc -c -mthumb -mcpu=cortex-m4 -mfloat-abi=hard -mfpu=fpv4-sp-d16 -std=gnu11 -D__weak=__attribute__((weak)) -D__packed=__attribute__((__packed__)) -DUSE_HAL_DRIVER -DSTM32F407xx -I../Inc -I../Drivers/STM32F4xx_HAL_Driver/Inc -I../Drivers/STM32F4xx_HAL_Driver/Inc/Legacy -I../Drivers/CMSIS/Device/ST/STM32F4xx/Include -I../Drivers/CMSIS/Include -IM:\stm32\Geoptic\Display\Drivers\u8g2 -Os -ffunction-sections -fdata-sections -g -fstack-usage -Wall -specs=nano.specs -o Src\main.o ..\Src\main.c 
..\Src\main.c: In function 'main':
..\Src\main.c:302:62: warning: passing argument 6 of 'u8g2_DrawXBMP' from incompatible pointer type [-Wincompatible-pointer-types]
      u8g2_DrawXBMP(&u8g2, 8, 0, logo51_width, logo51_height, &logo51_bits);
                                                              ^
In file included from ..\Src\main.c:29:0:
M:\stm32\Geoptic\Display\Drivers\u8g2/u8g2.h:1081:6: note: expected 'const uint8_t * {aka const unsigned char *}' but argument is of type 'unsigned char (*)[1488]'
 void u8g2_DrawXBMP(u8g2_t *u8g2, u8g2_uint_t x, u8g2_uint_t y, u8g2_uint_t w, u8g2_uint_t h, const uint8_t *bitmap); /* assumes bitmap in PROGMEM */
      ^~~~~~~~~~~~~
..\Src\main.c: In function 'LoadWindow':
..\Src\main.c:394:59: warning: passing argument 6 of 'u8g2_DrawXBMP' from incompatible pointer type [-Wincompatible-pointer-types]
    u8g2_DrawXBMP(u8g2, 8, 0, logo51_width, logo51_height, &logo51_bits);
                                                           ^
In file included from ..\Src\main.c:29:0:
M:\stm32\Geoptic\Display\Drivers\u8g2/u8g2.h:1081:6: note: expected 'const uint8_t * {aka const unsigned char *}' but argument is of type 'unsigned char (*)[1488]'
 void u8g2_DrawXBMP(u8g2_t *u8g2, u8g2_uint_t x, u8g2_uint_t y, u8g2_uint_t w, u8g2_uint_t h, const uint8_t *bitmap); /* assumes bitmap in PROGMEM */
      ^~~~~~~~~~~~~
..\Src\main.c:410:16: warning: passing argument 1 of 'u8g2_DrawStr' from incompatible pointer type [-Wincompatible-pointer-types]
   u8g2_DrawStr(&u8g2, 100, 60, "Loading . . . ");
                ^
In file included from ..\Src\main.c:29:0:
M:\stm32\Geoptic\Display\Drivers\u8g2/u8g2.h:1151:13: note: expected 'u8g2_t * {aka struct u8g2_struct *}' but argument is of type 'u8g2_t ** {aka struct u8g2_struct **}'
 u8g2_uint_t u8g2_DrawStr(u8g2_t *u8g2, u8g2_uint_t x, u8g2_uint_t y, const char *str);
             ^~~~~~~~~~~~
..\Src\main.c:411:25: warning: passing argument 1 of 'u8g2_NextPage' from incompatible pointer type [-Wincompatible-pointer-types]
  } while (u8g2_NextPage(&u8g2));
                         ^
In file included from ..\Src\main.c:29:0:
M:\stm32\Geoptic\Display\Drivers\u8g2/u8g2.h:1035:9: note: expected 'u8g2_t * {aka struct u8g2_struct *}' but argument is of type 'u8g2_t ** {aka struct u8g2_struct **}'
 uint8_t u8g2_NextPage(u8g2_t *u8g2);
         ^~~~~~~~~~~~~
arm-atollic-eabi-gcc -o Display.elf Drivers\STM32F4xx_HAL_Driver\Src\stm32f4xx_hal.o Drivers\STM32F4xx_HAL_Driver\Src\stm32f4xx_hal_cortex.o Drivers\STM32F4xx_HAL_Driver\Src\stm32f4xx_hal_dma.o Drivers\STM32F4xx_HAL_Driver\Src\stm32f4xx_hal_dma_ex.o Drivers\STM32F4xx_HAL_Driver\Src\stm32f4xx_hal_exti.o Drivers\STM32F4xx_HAL_Driver\Src\stm32f4xx_hal_flash.o Drivers\STM32F4xx_HAL_Driver\Src\stm32f4xx_hal_flash_ex.o Drivers\STM32F4xx_HAL_Driver\Src\stm32f4xx_hal_flash_ramfunc.o Drivers\STM32F4xx_HAL_Driver\Src\stm32f4xx_hal_gpio.o Drivers\STM32F4xx_HAL_Driver\Src\stm32f4xx_hal_pwr.o Drivers\STM32F4xx_HAL_Driver\Src\stm32f4xx_hal_pwr_ex.o Drivers\STM32F4xx_HAL_Driver\Src\stm32f4xx_hal_rcc.o Drivers\STM32F4xx_HAL_Driver\Src\stm32f4xx_hal_rcc_ex.o Drivers\STM32F4xx_HAL_Driver\Src\stm32f4xx_hal_spi.o Drivers\STM32F4xx_HAL_Driver\Src\stm32f4xx_hal_tim.o Drivers\STM32F4xx_HAL_Driver\Src\stm32f4xx_hal_tim_ex.o Drivers\u8g2\u8g2_bitmap.o Drivers\u8g2\u8g2_box.o Drivers\u8g2\u8g2_buffer.o Drivers\u8g2\u8g2_circle.o Drivers\u8g2\u8g2_cleardisplay.o Drivers\u8g2\u8g2_d_memory.o Drivers\u8g2\u8g2_d_setup.o Drivers\u8g2\u8g2_font.o Drivers\u8g2\u8g2_fonts.o Drivers\u8g2\u8g2_hvline.o Drivers\u8g2\u8g2_input_value.o Drivers\u8g2\u8g2_intersection.o Drivers\u8g2\u8g2_kerning.o Drivers\u8g2\u8g2_line.o Drivers\u8g2\u8g2_ll_hvline.o Drivers\u8g2\u8g2_message.o Drivers\u8g2\u8g2_polygon.o Drivers\u8g2\u8g2_selection_list.o Drivers\u8g2\u8g2_setup.o Drivers\u8g2\u8log.o Drivers\u8g2\u8log_u8g2.o Drivers\u8g2\u8log_u8x8.o Drivers\u8g2\u8x8_8x8.o Drivers\u8g2\u8x8_byte.o Drivers\u8g2\u8x8_cad.o Drivers\u8g2\u8x8_d_a2printer.o Drivers\u8g2\u8x8_d_il3820_296x128.o Drivers\u8g2\u8x8_d_ist3020.o Drivers\u8g2\u8x8_d_ks0108.o Drivers\u8g2\u8x8_d_lc7981.o Drivers\u8g2\u8x8_d_ld7032_60x32.o Drivers\u8g2\u8x8_d_ls013b7dh03.o Drivers\u8g2\u8x8_d_max7219.o Drivers\u8g2\u8x8_d_pcd8544_84x48.o Drivers\u8g2\u8x8_d_pcf8812.o Drivers\u8g2\u8x8_d_pcf8814_hx1230.o Drivers\u8g2\u8x8_d_sbn1661.o Drivers\u8g2\u8x8_d_sed1330.o Drivers\u8g2\u8x8_d_sh1106_64x32.o Drivers\u8g2\u8x8_d_sh1106_72x40.o Drivers\u8g2\u8x8_d_sh1107.o Drivers\u8g2\u8x8_d_sh1108.o Drivers\u8g2\u8x8_d_sh1122.o Drivers\u8g2\u8x8_d_ssd1305.o Drivers\u8g2\u8x8_d_ssd1306_128x32.o Drivers\u8g2\u8x8_d_ssd1306_128x64_noname.o Drivers\u8g2\u8x8_d_ssd1306_48x64.o Drivers\u8g2\u8x8_d_ssd1306_64x32.o Drivers\u8g2\u8x8_d_ssd1306_64x48.o Drivers\u8g2\u8x8_d_ssd1306_96x16.o Drivers\u8g2\u8x8_d_ssd1309.o Drivers\u8g2\u8x8_d_ssd1317.o Drivers\u8g2\u8x8_d_ssd1322.o Drivers\u8g2\u8x8_d_ssd1325.o Drivers\u8g2\u8x8_d_ssd1326.o Drivers\u8g2\u8x8_d_ssd1327.o Drivers\u8g2\u8x8_d_ssd1329.o Drivers\u8g2\u8x8_d_ssd1606_172x72.o Drivers\u8g2\u8x8_d_ssd1607_200x200.o Drivers\u8g2\u8x8_d_st75256.o Drivers\u8g2\u8x8_d_st7565.o Drivers\u8g2\u8x8_d_st7567.o Drivers\u8g2\u8x8_d_st7586s_erc240160.o Drivers\u8g2\u8x8_d_st7586s_s028hn118a.o Drivers\u8g2\u8x8_d_st7588.o Drivers\u8g2\u8x8_d_st7920.o Drivers\u8g2\u8x8_d_stdio.o Drivers\u8g2\u8x8_d_t6963.o Drivers\u8g2\u8x8_d_uc1601.o Drivers\u8g2\u8x8_d_uc1604.o Drivers\u8g2\u8x8_d_uc1608.o Drivers\u8g2\u8x8_d_uc1610.o Drivers\u8g2\u8x8_d_uc1611.o Drivers\u8g2\u8x8_d_uc1617.o Drivers\u8g2\u8x8_d_uc1638.o Drivers\u8g2\u8x8_d_uc1701_dogs102.o Drivers\u8g2\u8x8_d_uc1701_mini12864.o Drivers\u8g2\u8x8_debounce.o Drivers\u8g2\u8x8_display.o Drivers\u8g2\u8x8_fonts.o Drivers\u8g2\u8x8_gpio.o Drivers\u8g2\u8x8_input_value.o Drivers\u8g2\u8x8_message.o Drivers\u8g2\u8x8_selection_list.o Drivers\u8g2\u8x8_setup.o Drivers\u8g2\u8x8_string.o Drivers\u8g2\u8x8_u16toa.o Drivers\u8g2\u8x8_u8toa.o Src\dma.o Src\gpio.o Src\main.o Src\spi.o Src\stm32f4xx_hal_msp.o Src\stm32f4xx_it.o Src\syscalls.o Src\system_stm32f4xx.o startup\startup_stm32f407xx.o -mthumb -mcpu=cortex-m4 -mfloat-abi=hard -mfpu=fpv4-sp-d16 -T../STM32F407VG_FLASH.ld -specs=nosys.specs -static -Wl,-Map=Display.map -Wl,--gc-sections -Wl,--defsym=malloc_getpagesize_P=0x80 -Wl,--start-group -lc -lm -Wl,--end-group -specs=nano.specs 
C:\Program Files (x86)\Atollic\TrueSTUDIO for STM32 9.3.0\ide\jre\bin\java -jar C:\Program Files (x86)\Atollic\TrueSTUDIO for STM32 9.3.0\Tools\arm-atollic-reports.jar sizeinfo list Display.elf 
Generate build reports...
Print size information
   text	   data	    bss	    dec	    hex	filename
  19924	   1508	   2264	  23696	   5c90	Display.elf
Print size information done
Generate listing file
Output sent to: Display.list
Generate listing file done
Generate build reports done
arm-atollic-eabi-objcopy.exe -O ihex Display.elf Display.hex 
00:34:54 **** Incremental Build of configuration Debug for project Display ****
Info: Internal Builder is used for build
arm-atollic-eabi-gcc -c -mthumb -mcpu=cortex-m4 -mfloat-abi=hard -mfpu=fpv4-sp-d16 -std=gnu11 -D__weak=__attribute__((weak)) -D__packed=__attribute__((__packed__)) -DUSE_HAL_DRIVER -DSTM32F407xx -I../Inc -I../Drivers/STM32F4xx_HAL_Driver/Inc -I../Drivers/STM32F4xx_HAL_Driver/Inc/Legacy -I../Drivers/CMSIS/Device/ST/STM32F4xx/Include -I../Drivers/CMSIS/Include -IM:\stm32\Geoptic\Display\Drivers\u8g2 -Os -ffunction-sections -fdata-sections -g -fstack-usage -Wall -specs=nano.specs -o Src\main.o ..\Src\main.c 
..\Src\main.c: In function 'main':
..\Src\main.c:302:62: warning: passing argument 6 of 'u8g2_DrawXBMP' from incompatible pointer type [-Wincompatible-pointer-types]
      u8g2_DrawXBMP(&u8g2, 8, 0, logo51_width, logo51_height, &logo51_bits);
                                                              ^
In file included from ..\Src\main.c:29:0:
M:\stm32\Geoptic\Display\Drivers\u8g2/u8g2.h:1081:6: note: expected 'const uint8_t * {aka const unsigned char *}' but argument is of type 'unsigned char (*)[1488]'
 void u8g2_DrawXBMP(u8g2_t *u8g2, u8g2_uint_t x, u8g2_uint_t y, u8g2_uint_t w, u8g2_uint_t h, const uint8_t *bitmap); /* assumes bitmap in PROGMEM */
      ^~~~~~~~~~~~~
..\Src\main.c: In function 'LoadWindow':
..\Src\main.c:395:59: warning: passing argument 6 of 'u8g2_DrawXBMP' from incompatible pointer type [-Wincompatible-pointer-types]
    u8g2_DrawXBMP(u8g2, 8, 0, logo51_width, logo51_height, &logo51_bits);
                                                           ^
In file included from ..\Src\main.c:29:0:
M:\stm32\Geoptic\Display\Drivers\u8g2/u8g2.h:1081:6: note: expected 'const uint8_t * {aka const unsigned char *}' but argument is of type 'unsigned char (*)[1488]'
 void u8g2_DrawXBMP(u8g2_t *u8g2, u8g2_uint_t x, u8g2_uint_t y, u8g2_uint_t w, u8g2_uint_t h, const uint8_t *bitmap); /* assumes bitmap in PROGMEM */
      ^~~~~~~~~~~~~
..\Src\main.c:411:16: warning: passing argument 1 of 'u8g2_DrawStr' from incompatible pointer type [-Wincompatible-pointer-types]
   u8g2_DrawStr(&u8g2, 100, 60, "Loading . . . ");
                ^
In file included from ..\Src\main.c:29:0:
M:\stm32\Geoptic\Display\Drivers\u8g2/u8g2.h:1151:13: note: expected 'u8g2_t * {aka struct u8g2_struct *}' but argument is of type 'u8g2_t ** {aka struct u8g2_struct **}'
 u8g2_uint_t u8g2_DrawStr(u8g2_t *u8g2, u8g2_uint_t x, u8g2_uint_t y, const char *str);
             ^~~~~~~~~~~~
..\Src\main.c:412:25: warning: passing argument 1 of 'u8g2_NextPage' from incompatible pointer type [-Wincompatible-pointer-types]
  } while (u8g2_NextPage(&u8g2));
                         ^
In file included from ..\Src\main.c:29:0:
M:\stm32\Geoptic\Display\Drivers\u8g2/u8g2.h:1035:9: note: expected 'u8g2_t * {aka struct u8g2_struct *}' but argument is of type 'u8g2_t ** {aka struct u8g2_struct **}'
 uint8_t u8g2_NextPage(u8g2_t *u8g2);
         ^~~~~~~~~~~~~
arm-atollic-eabi-gcc -o Display.elf Drivers\STM32F4xx_HAL_Driver\Src\stm32f4xx_hal.o Drivers\STM32F4xx_HAL_Driver\Src\stm32f4xx_hal_cortex.o Drivers\STM32F4xx_HAL_Driver\Src\stm32f4xx_hal_dma.o Drivers\STM32F4xx_HAL_Driver\Src\stm32f4xx_hal_dma_ex.o Drivers\STM32F4xx_HAL_Driver\Src\stm32f4xx_hal_exti.o Drivers\STM32F4xx_HAL_Driver\Src\stm32f4xx_hal_flash.o Drivers\STM32F4xx_HAL_Driver\Src\stm32f4xx_hal_flash_ex.o Drivers\STM32F4xx_HAL_Driver\Src\stm32f4xx_hal_flash_ramfunc.o Drivers\STM32F4xx_HAL_Driver\Src\stm32f4xx_hal_gpio.o Drivers\STM32F4xx_HAL_Driver\Src\stm32f4xx_hal_pwr.o Drivers\STM32F4xx_HAL_Driver\Src\stm32f4xx_hal_pwr_ex.o Drivers\STM32F4xx_HAL_Driver\Src\stm32f4xx_hal_rcc.o Drivers\STM32F4xx_HAL_Driver\Src\stm32f4xx_hal_rcc_ex.o Drivers\STM32F4xx_HAL_Driver\Src\stm32f4xx_hal_spi.o Drivers\STM32F4xx_HAL_Driver\Src\stm32f4xx_hal_tim.o Drivers\STM32F4xx_HAL_Driver\Src\stm32f4xx_hal_tim_ex.o Drivers\u8g2\u8g2_bitmap.o Drivers\u8g2\u8g2_box.o Drivers\u8g2\u8g2_buffer.o Drivers\u8g2\u8g2_circle.o Drivers\u8g2\u8g2_cleardisplay.o Drivers\u8g2\u8g2_d_memory.o Drivers\u8g2\u8g2_d_setup.o Drivers\u8g2\u8g2_font.o Drivers\u8g2\u8g2_fonts.o Drivers\u8g2\u8g2_hvline.o Drivers\u8g2\u8g2_input_value.o Drivers\u8g2\u8g2_intersection.o Drivers\u8g2\u8g2_kerning.o Drivers\u8g2\u8g2_line.o Drivers\u8g2\u8g2_ll_hvline.o Drivers\u8g2\u8g2_message.o Drivers\u8g2\u8g2_polygon.o Drivers\u8g2\u8g2_selection_list.o Drivers\u8g2\u8g2_setup.o Drivers\u8g2\u8log.o Drivers\u8g2\u8log_u8g2.o Drivers\u8g2\u8log_u8x8.o Drivers\u8g2\u8x8_8x8.o Drivers\u8g2\u8x8_byte.o Drivers\u8g2\u8x8_cad.o Drivers\u8g2\u8x8_d_a2printer.o Drivers\u8g2\u8x8_d_il3820_296x128.o Drivers\u8g2\u8x8_d_ist3020.o Drivers\u8g2\u8x8_d_ks0108.o Drivers\u8g2\u8x8_d_lc7981.o Drivers\u8g2\u8x8_d_ld7032_60x32.o Drivers\u8g2\u8x8_d_ls013b7dh03.o Drivers\u8g2\u8x8_d_max7219.o Drivers\u8g2\u8x8_d_pcd8544_84x48.o Drivers\u8g2\u8x8_d_pcf8812.o Drivers\u8g2\u8x8_d_pcf8814_hx1230.o Drivers\u8g2\u8x8_d_sbn1661.o Drivers\u8g2\u8x8_d_sed1330.o Drivers\u8g2\u8x8_d_sh1106_64x32.o Drivers\u8g2\u8x8_d_sh1106_72x40.o Drivers\u8g2\u8x8_d_sh1107.o Drivers\u8g2\u8x8_d_sh1108.o Drivers\u8g2\u8x8_d_sh1122.o Drivers\u8g2\u8x8_d_ssd1305.o Drivers\u8g2\u8x8_d_ssd1306_128x32.o Drivers\u8g2\u8x8_d_ssd1306_128x64_noname.o Drivers\u8g2\u8x8_d_ssd1306_48x64.o Drivers\u8g2\u8x8_d_ssd1306_64x32.o Drivers\u8g2\u8x8_d_ssd1306_64x48.o Drivers\u8g2\u8x8_d_ssd1306_96x16.o Drivers\u8g2\u8x8_d_ssd1309.o Drivers\u8g2\u8x8_d_ssd1317.o Drivers\u8g2\u8x8_d_ssd1322.o Drivers\u8g2\u8x8_d_ssd1325.o Drivers\u8g2\u8x8_d_ssd1326.o Drivers\u8g2\u8x8_d_ssd1327.o Drivers\u8g2\u8x8_d_ssd1329.o Drivers\u8g2\u8x8_d_ssd1606_172x72.o Drivers\u8g2\u8x8_d_ssd1607_200x200.o Drivers\u8g2\u8x8_d_st75256.o Drivers\u8g2\u8x8_d_st7565.o Drivers\u8g2\u8x8_d_st7567.o Drivers\u8g2\u8x8_d_st7586s_erc240160.o Drivers\u8g2\u8x8_d_st7586s_s028hn118a.o Drivers\u8g2\u8x8_d_st7588.o Drivers\u8g2\u8x8_d_st7920.o Drivers\u8g2\u8x8_d_stdio.o Drivers\u8g2\u8x8_d_t6963.o Drivers\u8g2\u8x8_d_uc1601.o Drivers\u8g2\u8x8_d_uc1604.o Drivers\u8g2\u8x8_d_uc1608.o Drivers\u8g2\u8x8_d_uc1610.o Drivers\u8g2\u8x8_d_uc1611.o Drivers\u8g2\u8x8_d_uc1617.o Drivers\u8g2\u8x8_d_uc1638.o Drivers\u8g2\u8x8_d_uc1701_dogs102.o Drivers\u8g2\u8x8_d_uc1701_mini12864.o Drivers\u8g2\u8x8_debounce.o Drivers\u8g2\u8x8_display.o Drivers\u8g2\u8x8_fonts.o Drivers\u8g2\u8x8_gpio.o Drivers\u8g2\u8x8_input_value.o Drivers\u8g2\u8x8_message.o Drivers\u8g2\u8x8_selection_list.o Drivers\u8g2\u8x8_setup.o Drivers\u8g2\u8x8_string.o Drivers\u8g2\u8x8_u16toa.o Drivers\u8g2\u8x8_u8toa.o Src\dma.o Src\gpio.o Src\main.o Src\spi.o Src\stm32f4xx_hal_msp.o Src\stm32f4xx_it.o Src\syscalls.o Src\system_stm32f4xx.o startup\startup_stm32f407xx.o -mthumb -mcpu=cortex-m4 -mfloat-abi=hard -mfpu=fpv4-sp-d16 -T../STM32F407VG_FLASH.ld -specs=nosys.specs -static -Wl,-Map=Display.map -Wl,--gc-sections -Wl,--defsym=malloc_getpagesize_P=0x80 -Wl,--start-group -lc -lm -Wl,--end-group -specs=nano.specs 
C:\Program Files (x86)\Atollic\TrueSTUDIO for STM32 9.3.0\ide\jre\bin\java -jar C:\Program Files (x86)\Atollic\TrueSTUDIO for STM32 9.3.0\Tools\arm-atollic-reports.jar sizeinfo list Display.elf 
Generate build reports...
Print size information
   text	   data	    bss	    dec	    hex	filename
  19828	   1508	   2264	  23600	   5c30	Display.elf
Print size information done
Generate listing file
Output sent to: Display.list
Generate listing file done
Generate build reports done
arm-atollic-eabi-objcopy.exe -O ihex Display.elf Display.hex 
01:12:49 **** Incremental Build of configuration Debug for project Display ****
Info: Internal Builder is used for build
arm-atollic-eabi-gcc -c -mthumb -mcpu=cortex-m4 -mfloat-abi=hard -mfpu=fpv4-sp-d16 -std=gnu11 -D__weak=__attribute__((weak)) -D__packed=__attribute__((__packed__)) -DUSE_HAL_DRIVER -DSTM32F407xx -I../Inc -I../Drivers/STM32F4xx_HAL_Driver/Inc -I../Drivers/STM32F4xx_HAL_Driver/Inc/Legacy -I../Drivers/CMSIS/Device/ST/STM32F4xx/Include -I../Drivers/CMSIS/Include -IM:\stm32\Geoptic\Display\Drivers\u8g2 -Os -ffunction-sections -fdata-sections -g -fstack-usage -Wall -specs=nano.specs -o Src\gpio.o ..\Src\gpio.c 
arm-atollic-eabi-gcc -c -mthumb -mcpu=cortex-m4 -mfloat-abi=hard -mfpu=fpv4-sp-d16 -std=gnu11 -D__weak=__attribute__((weak)) -D__packed=__attribute__((__packed__)) -DUSE_HAL_DRIVER -DSTM32F407xx -I../Inc -I../Drivers/STM32F4xx_HAL_Driver/Inc -I../Drivers/STM32F4xx_HAL_Driver/Inc/Legacy -I../Drivers/CMSIS/Device/ST/STM32F4xx/Include -I../Drivers/CMSIS/Include -IM:\stm32\Geoptic\Display\Drivers\u8g2 -Os -ffunction-sections -fdata-sections -g -fstack-usage -Wall -specs=nano.specs -o Drivers\STM32F4xx_HAL_Driver\Src\stm32f4xx_hal_cortex.o ..\Drivers\STM32F4xx_HAL_Driver\Src\stm32f4xx_hal_cortex.c 
arm-atollic-eabi-gcc -c -mthumb -mcpu=cortex-m4 -mfloat-abi=hard -mfpu=fpv4-sp-d16 -std=gnu11 -D__weak=__attribute__((weak)) -D__packed=__attribute__((__packed__)) -DUSE_HAL_DRIVER -DSTM32F407xx -I../Inc -I../Drivers/STM32F4xx_HAL_Driver/Inc -I../Drivers/STM32F4xx_HAL_Driver/Inc/Legacy -I../Drivers/CMSIS/Device/ST/STM32F4xx/Include -I../Drivers/CMSIS/Include -IM:\stm32\Geoptic\Display\Drivers\u8g2 -Os -ffunction-sections -fdata-sections -g -fstack-usage -Wall -specs=nano.specs -o Drivers\STM32F4xx_HAL_Driver\Src\stm32f4xx_hal_tim.o ..\Drivers\STM32F4xx_HAL_Driver\Src\stm32f4xx_hal_tim.c 
arm-atollic-eabi-gcc -c -mthumb -mcpu=cortex-m4 -mfloat-abi=hard -mfpu=fpv4-sp-d16 -std=gnu11 -D__weak=__attribute__((weak)) -D__packed=__attribute__((__packed__)) -DUSE_HAL_DRIVER -DSTM32F407xx -I../Inc -I../Drivers/STM32F4xx_HAL_Driver/Inc -I../Drivers/STM32F4xx_HAL_Driver/Inc/Legacy -I../Drivers/CMSIS/Device/ST/STM32F4xx/Include -I../Drivers/CMSIS/Include -IM:\stm32\Geoptic\Display\Drivers\u8g2 -Os -ffunction-sections -fdata-sections -g -fstack-usage -Wall -specs=nano.specs -o Drivers\STM32F4xx_HAL_Driver\Src\stm32f4xx_hal_flash.o ..\Drivers\STM32F4xx_HAL_Driver\Src\stm32f4xx_hal_flash.c 
arm-atollic-eabi-gcc -c -mthumb -mcpu=cortex-m4 -mfloat-abi=hard -mfpu=fpv4-sp-d16 -std=gnu11 -D__weak=__attribute__((weak)) -D__packed=__attribute__((__packed__)) -DUSE_HAL_DRIVER -DSTM32F407xx -I../Inc -I../Drivers/STM32F4xx_HAL_Driver/Inc -I../Drivers/STM32F4xx_HAL_Driver/Inc/Legacy -I../Drivers/CMSIS/Device/ST/STM32F4xx/Include -I../Drivers/CMSIS/Include -IM:\stm32\Geoptic\Display\Drivers\u8g2 -Os -ffunction-sections -fdata-sections -g -fstack-usage -Wall -specs=nano.specs -o Src\dma.o ..\Src\dma.c 
arm-atollic-eabi-gcc -c -mthumb -mcpu=cortex-m4 -mfloat-abi=hard -mfpu=fpv4-sp-d16 -std=gnu11 -D__weak=__attribute__((weak)) -D__packed=__attribute__((__packed__)) -DUSE_HAL_DRIVER -DSTM32F407xx -I../Inc -I../Drivers/STM32F4xx_HAL_Driver/Inc -I../Drivers/STM32F4xx_HAL_Driver/Inc/Legacy -I../Drivers/CMSIS/Device/ST/STM32F4xx/Include -I../Drivers/CMSIS/Include -IM:\stm32\Geoptic\Display\Drivers\u8g2 -Os -ffunction-sections -fdata-sections -g -fstack-usage -Wall -specs=nano.specs -o Src\main.o ..\Src\main.c 
..\Src\main.c: In function 'main':
..\Src\main.c:302:62: warning: passing argument 6 of 'u8g2_DrawXBMP' from incompatible pointer type [-Wincompatible-pointer-types]
      u8g2_DrawXBMP(&u8g2, 8, 0, logo51_width, logo51_height, &logo51_bits);
                                                              ^
In file included from ..\Src\main.c:29:0:
M:\stm32\Geoptic\Display\Drivers\u8g2/u8g2.h:1081:6: note: expected 'const uint8_t * {aka const unsigned char *}' but argument is of type 'unsigned char (*)[1488]'
 void u8g2_DrawXBMP(u8g2_t *u8g2, u8g2_uint_t x, u8g2_uint_t y, u8g2_uint_t w, u8g2_uint_t h, const uint8_t *bitmap); /* assumes bitmap in PROGMEM */
      ^~~~~~~~~~~~~
..\Src\main.c: In function 'LoadWindow':
..\Src\main.c:395:59: warning: passing argument 6 of 'u8g2_DrawXBMP' from incompatible pointer type [-Wincompatible-pointer-types]
    u8g2_DrawXBMP(u8g2, 8, 0, logo51_width, logo51_height, &logo51_bits);
                                                           ^
In file included from ..\Src\main.c:29:0:
M:\stm32\Geoptic\Display\Drivers\u8g2/u8g2.h:1081:6: note: expected 'const uint8_t * {aka const unsigned char *}' but argument is of type 'unsigned char (*)[1488]'
 void u8g2_DrawXBMP(u8g2_t *u8g2, u8g2_uint_t x, u8g2_uint_t y, u8g2_uint_t w, u8g2_uint_t h, const uint8_t *bitmap); /* assumes bitmap in PROGMEM */
      ^~~~~~~~~~~~~
..\Src\main.c:411:16: warning: passing argument 1 of 'u8g2_DrawStr' from incompatible pointer type [-Wincompatible-pointer-types]
   u8g2_DrawStr(&u8g2, 100, 60, "Loading . . . ");
                ^
In file included from ..\Src\main.c:29:0:
M:\stm32\Geoptic\Display\Drivers\u8g2/u8g2.h:1151:13: note: expected 'u8g2_t * {aka struct u8g2_struct *}' but argument is of type 'u8g2_t ** {aka struct u8g2_struct **}'
 u8g2_uint_t u8g2_DrawStr(u8g2_t *u8g2, u8g2_uint_t x, u8g2_uint_t y, const char *str);
             ^~~~~~~~~~~~
..\Src\main.c:412:25: warning: passing argument 1 of 'u8g2_NextPage' from incompatible pointer type [-Wincompatible-pointer-types]
  } while (u8g2_NextPage(&u8g2));
                         ^
In file included from ..\Src\main.c:29:0:
M:\stm32\Geoptic\Display\Drivers\u8g2/u8g2.h:1035:9: note: expected 'u8g2_t * {aka struct u8g2_struct *}' but argument is of type 'u8g2_t ** {aka struct u8g2_struct **}'
 uint8_t u8g2_NextPage(u8g2_t *u8g2);
         ^~~~~~~~~~~~~
arm-atollic-eabi-gcc -c -mthumb -mcpu=cortex-m4 -mfloat-abi=hard -mfpu=fpv4-sp-d16 -std=gnu11 -D__weak=__attribute__((weak)) -D__packed=__attribute__((__packed__)) -DUSE_HAL_DRIVER -DSTM32F407xx -I../Inc -I../Drivers/STM32F4xx_HAL_Driver/Inc -I../Drivers/STM32F4xx_HAL_Driver/Inc/Legacy -I../Drivers/CMSIS/Device/ST/STM32F4xx/Include -I../Drivers/CMSIS/Include -IM:\stm32\Geoptic\Display\Drivers\u8g2 -Os -ffunction-sections -fdata-sections -g -fstack-usage -Wall -specs=nano.specs -o Src\stm32f4xx_hal_msp.o ..\Src\stm32f4xx_hal_msp.c 
arm-atollic-eabi-gcc -c -mthumb -mcpu=cortex-m4 -mfloat-abi=hard -mfpu=fpv4-sp-d16 -std=gnu11 -D__weak=__attribute__((weak)) -D__packed=__attribute__((__packed__)) -DUSE_HAL_DRIVER -DSTM32F407xx -I../Inc -I../Drivers/STM32F4xx_HAL_Driver/Inc -I../Drivers/STM32F4xx_HAL_Driver/Inc/Legacy -I../Drivers/CMSIS/Device/ST/STM32F4xx/Include -I../Drivers/CMSIS/Include -IM:\stm32\Geoptic\Display\Drivers\u8g2 -Os -ffunction-sections -fdata-sections -g -fstack-usage -Wall -specs=nano.specs -o Drivers\STM32F4xx_HAL_Driver\Src\stm32f4xx_hal_dma.o ..\Drivers\STM32F4xx_HAL_Driver\Src\stm32f4xx_hal_dma.c 
arm-atollic-eabi-gcc -c -mthumb -mcpu=cortex-m4 -mfloat-abi=hard -mfpu=fpv4-sp-d16 -std=gnu11 -D__weak=__attribute__((weak)) -D__packed=__attribute__((__packed__)) -DUSE_HAL_DRIVER -DSTM32F407xx -I../Inc -I../Drivers/STM32F4xx_HAL_Driver/Inc -I../Drivers/STM32F4xx_HAL_Driver/Inc/Legacy -I../Drivers/CMSIS/Device/ST/STM32F4xx/Include -I../Drivers/CMSIS/Include -IM:\stm32\Geoptic\Display\Drivers\u8g2 -Os -ffunction-sections -fdata-sections -g -fstack-usage -Wall -specs=nano.specs -o Drivers\STM32F4xx_HAL_Driver\Src\stm32f4xx_hal_dma_ex.o ..\Drivers\STM32F4xx_HAL_Driver\Src\stm32f4xx_hal_dma_ex.c 
arm-atollic-eabi-gcc -c -mthumb -mcpu=cortex-m4 -mfloat-abi=hard -mfpu=fpv4-sp-d16 -std=gnu11 -D__weak=__attribute__((weak)) -D__packed=__attribute__((__packed__)) -DUSE_HAL_DRIVER -DSTM32F407xx -I../Inc -I../Drivers/STM32F4xx_HAL_Driver/Inc -I../Drivers/STM32F4xx_HAL_Driver/Inc/Legacy -I../Drivers/CMSIS/Device/ST/STM32F4xx/Include -I../Drivers/CMSIS/Include -IM:\stm32\Geoptic\Display\Drivers\u8g2 -Os -ffunction-sections -fdata-sections -g -fstack-usage -Wall -specs=nano.specs -o Drivers\STM32F4xx_HAL_Driver\Src\stm32f4xx_hal_pwr_ex.o ..\Drivers\STM32F4xx_HAL_Driver\Src\stm32f4xx_hal_pwr_ex.c 
arm-atollic-eabi-gcc -c -mthumb -mcpu=cortex-m4 -mfloat-abi=hard -mfpu=fpv4-sp-d16 -std=gnu11 -D__weak=__attribute__((weak)) -D__packed=__attribute__((__packed__)) -DUSE_HAL_DRIVER -DSTM32F407xx -I../Inc -I../Drivers/STM32F4xx_HAL_Driver/Inc -I../Drivers/STM32F4xx_HAL_Driver/Inc/Legacy -I../Drivers/CMSIS/Device/ST/STM32F4xx/Include -I../Drivers/CMSIS/Include -IM:\stm32\Geoptic\Display\Drivers\u8g2 -Os -ffunction-sections -fdata-sections -g -fstack-usage -Wall -specs=nano.specs -o Drivers\STM32F4xx_HAL_Driver\Src\stm32f4xx_hal_exti.o ..\Drivers\STM32F4xx_HAL_Driver\Src\stm32f4xx_hal_exti.c 
arm-atollic-eabi-gcc -c -mthumb -mcpu=cortex-m4 -mfloat-abi=hard -mfpu=fpv4-sp-d16 -std=gnu11 -D__weak=__attribute__((weak)) -D__packed=__attribute__((__packed__)) -DUSE_HAL_DRIVER -DSTM32F407xx -I../Inc -I../Drivers/STM32F4xx_HAL_Driver/Inc -I../Drivers/STM32F4xx_HAL_Driver/Inc/Legacy -I../Drivers/CMSIS/Device/ST/STM32F4xx/Include -I../Drivers/CMSIS/Include -IM:\stm32\Geoptic\Display\Drivers\u8g2 -Os -ffunction-sections -fdata-sections -g -fstack-usage -Wall -specs=nano.specs -o Drivers\STM32F4xx_HAL_Driver\Src\stm32f4xx_hal_pwr.o ..\Drivers\STM32F4xx_HAL_Driver\Src\stm32f4xx_hal_pwr.c 
arm-atollic-eabi-gcc -c -mthumb -mcpu=cortex-m4 -mfloat-abi=hard -mfpu=fpv4-sp-d16 -std=gnu11 -D__weak=__attribute__((weak)) -D__packed=__attribute__((__packed__)) -DUSE_HAL_DRIVER -DSTM32F407xx -I../Inc -I../Drivers/STM32F4xx_HAL_Driver/Inc -I../Drivers/STM32F4xx_HAL_Driver/Inc/Legacy -I../Drivers/CMSIS/Device/ST/STM32F4xx/Include -I../Drivers/CMSIS/Include -IM:\stm32\Geoptic\Display\Drivers\u8g2 -Os -ffunction-sections -fdata-sections -g -fstack-usage -Wall -specs=nano.specs -o Src\spi.o ..\Src\spi.c 
arm-atollic-eabi-gcc -c -mthumb -mcpu=cortex-m4 -mfloat-abi=hard -mfpu=fpv4-sp-d16 -std=gnu11 -D__weak=__attribute__((weak)) -D__packed=__attribute__((__packed__)) -DUSE_HAL_DRIVER -DSTM32F407xx -I../Inc -I../Drivers/STM32F4xx_HAL_Driver/Inc -I../Drivers/STM32F4xx_HAL_Driver/Inc/Legacy -I../Drivers/CMSIS/Device/ST/STM32F4xx/Include -I../Drivers/CMSIS/Include -IM:\stm32\Geoptic\Display\Drivers\u8g2 -Os -ffunction-sections -fdata-sections -g -fstack-usage -Wall -specs=nano.specs -o Drivers\STM32F4xx_HAL_Driver\Src\stm32f4xx_hal_flash_ex.o ..\Drivers\STM32F4xx_HAL_Driver\Src\stm32f4xx_hal_flash_ex.c 
arm-atollic-eabi-gcc -c -mthumb -mcpu=cortex-m4 -mfloat-abi=hard -mfpu=fpv4-sp-d16 -std=gnu11 -D__weak=__attribute__((weak)) -D__packed=__attribute__((__packed__)) -DUSE_HAL_DRIVER -DSTM32F407xx -I../Inc -I../Drivers/STM32F4xx_HAL_Driver/Inc -I../Drivers/STM32F4xx_HAL_Driver/Inc/Legacy -I../Drivers/CMSIS/Device/ST/STM32F4xx/Include -I../Drivers/CMSIS/Include -IM:\stm32\Geoptic\Display\Drivers\u8g2 -Os -ffunction-sections -fdata-sections -g -fstack-usage -Wall -specs=nano.specs -o Drivers\STM32F4xx_HAL_Driver\Src\stm32f4xx_hal_flash_ramfunc.o ..\Drivers\STM32F4xx_HAL_Driver\Src\stm32f4xx_hal_flash_ramfunc.c 
arm-atollic-eabi-gcc -c -mthumb -mcpu=cortex-m4 -mfloat-abi=hard -mfpu=fpv4-sp-d16 -std=gnu11 -D__weak=__attribute__((weak)) -D__packed=__attribute__((__packed__)) -DUSE_HAL_DRIVER -DSTM32F407xx -I../Inc -I../Drivers/STM32F4xx_HAL_Driver/Inc -I../Drivers/STM32F4xx_HAL_Driver/Inc/Legacy -I../Drivers/CMSIS/Device/ST/STM32F4xx/Include -I../Drivers/CMSIS/Include -IM:\stm32\Geoptic\Display\Drivers\u8g2 -Os -ffunction-sections -fdata-sections -g -fstack-usage -Wall -specs=nano.specs -o Drivers\STM32F4xx_HAL_Driver\Src\stm32f4xx_hal_gpio.o ..\Drivers\STM32F4xx_HAL_Driver\Src\stm32f4xx_hal_gpio.c 
arm-atollic-eabi-gcc -c -mthumb -mcpu=cortex-m4 -mfloat-abi=hard -mfpu=fpv4-sp-d16 -std=gnu11 -D__weak=__attribute__((weak)) -D__packed=__attribute__((__packed__)) -DUSE_HAL_DRIVER -DSTM32F407xx -I../Inc -I../Drivers/STM32F4xx_HAL_Driver/Inc -I../Drivers/STM32F4xx_HAL_Driver/Inc/Legacy -I../Drivers/CMSIS/Device/ST/STM32F4xx/Include -I../Drivers/CMSIS/Include -IM:\stm32\Geoptic\Display\Drivers\u8g2 -Os -ffunction-sections -fdata-sections -g -fstack-usage -Wall -specs=nano.specs -o Drivers\STM32F4xx_HAL_Driver\Src\stm32f4xx_hal_rcc.o ..\Drivers\STM32F4xx_HAL_Driver\Src\stm32f4xx_hal_rcc.c 
arm-atollic-eabi-gcc -c -mthumb -mcpu=cortex-m4 -mfloat-abi=hard -mfpu=fpv4-sp-d16 -std=gnu11 -D__weak=__attribute__((weak)) -D__packed=__attribute__((__packed__)) -DUSE_HAL_DRIVER -DSTM32F407xx -I../Inc -I../Drivers/STM32F4xx_HAL_Driver/Inc -I../Drivers/STM32F4xx_HAL_Driver/Inc/Legacy -I../Drivers/CMSIS/Device/ST/STM32F4xx/Include -I../Drivers/CMSIS/Include -IM:\stm32\Geoptic\Display\Drivers\u8g2 -Os -ffunction-sections -fdata-sections -g -fstack-usage -Wall -specs=nano.specs -o Src\system_stm32f4xx.o ..\Src\system_stm32f4xx.c 
arm-atollic-eabi-gcc -c -mthumb -mcpu=cortex-m4 -mfloat-abi=hard -mfpu=fpv4-sp-d16 -std=gnu11 -D__weak=__attribute__((weak)) -D__packed=__attribute__((__packed__)) -DUSE_HAL_DRIVER -DSTM32F407xx -I../Inc -I../Drivers/STM32F4xx_HAL_Driver/Inc -I../Drivers/STM32F4xx_HAL_Driver/Inc/Legacy -I../Drivers/CMSIS/Device/ST/STM32F4xx/Include -I../Drivers/CMSIS/Include -IM:\stm32\Geoptic\Display\Drivers\u8g2 -Os -ffunction-sections -fdata-sections -g -fstack-usage -Wall -specs=nano.specs -o Drivers\STM32F4xx_HAL_Driver\Src\stm32f4xx_hal_spi.o ..\Drivers\STM32F4xx_HAL_Driver\Src\stm32f4xx_hal_spi.c 
arm-atollic-eabi-gcc -c -mthumb -mcpu=cortex-m4 -mfloat-abi=hard -mfpu=fpv4-sp-d16 -std=gnu11 -D__weak=__attribute__((weak)) -D__packed=__attribute__((__packed__)) -DUSE_HAL_DRIVER -DSTM32F407xx -I../Inc -I../Drivers/STM32F4xx_HAL_Driver/Inc -I../Drivers/STM32F4xx_HAL_Driver/Inc/Legacy -I../Drivers/CMSIS/Device/ST/STM32F4xx/Include -I../Drivers/CMSIS/Include -IM:\stm32\Geoptic\Display\Drivers\u8g2 -Os -ffunction-sections -fdata-sections -g -fstack-usage -Wall -specs=nano.specs -o Src\stm32f4xx_it.o ..\Src\stm32f4xx_it.c 
arm-atollic-eabi-gcc -c -mthumb -mcpu=cortex-m4 -mfloat-abi=hard -mfpu=fpv4-sp-d16 -std=gnu11 -D__weak=__attribute__((weak)) -D__packed=__attribute__((__packed__)) -DUSE_HAL_DRIVER -DSTM32F407xx -I../Inc -I../Drivers/STM32F4xx_HAL_Driver/Inc -I../Drivers/STM32F4xx_HAL_Driver/Inc/Legacy -I../Drivers/CMSIS/Device/ST/STM32F4xx/Include -I../Drivers/CMSIS/Include -IM:\stm32\Geoptic\Display\Drivers\u8g2 -Os -ffunction-sections -fdata-sections -g -fstack-usage -Wall -specs=nano.specs -o Drivers\STM32F4xx_HAL_Driver\Src\stm32f4xx_hal_tim_ex.o ..\Drivers\STM32F4xx_HAL_Driver\Src\stm32f4xx_hal_tim_ex.c 
arm-atollic-eabi-gcc -c -mthumb -mcpu=cortex-m4 -mfloat-abi=hard -mfpu=fpv4-sp-d16 -std=gnu11 -D__weak=__attribute__((weak)) -D__packed=__attribute__((__packed__)) -DUSE_HAL_DRIVER -DSTM32F407xx -I../Inc -I../Drivers/STM32F4xx_HAL_Driver/Inc -I../Drivers/STM32F4xx_HAL_Driver/Inc/Legacy -I../Drivers/CMSIS/Device/ST/STM32F4xx/Include -I../Drivers/CMSIS/Include -IM:\stm32\Geoptic\Display\Drivers\u8g2 -Os -ffunction-sections -fdata-sections -g -fstack-usage -Wall -specs=nano.specs -o Drivers\STM32F4xx_HAL_Driver\Src\stm32f4xx_hal_rcc_ex.o ..\Drivers\STM32F4xx_HAL_Driver\Src\stm32f4xx_hal_rcc_ex.c 
arm-atollic-eabi-gcc -c -mthumb -mcpu=cortex-m4 -mfloat-abi=hard -mfpu=fpv4-sp-d16 -std=gnu11 -D__weak=__attribute__((weak)) -D__packed=__attribute__((__packed__)) -DUSE_HAL_DRIVER -DSTM32F407xx -I../Inc -I../Drivers/STM32F4xx_HAL_Driver/Inc -I../Drivers/STM32F4xx_HAL_Driver/Inc/Legacy -I../Drivers/CMSIS/Device/ST/STM32F4xx/Include -I../Drivers/CMSIS/Include -IM:\stm32\Geoptic\Display\Drivers\u8g2 -Os -ffunction-sections -fdata-sections -g -fstack-usage -Wall -specs=nano.specs -o Drivers\STM32F4xx_HAL_Driver\Src\stm32f4xx_hal.o ..\Drivers\STM32F4xx_HAL_Driver\Src\stm32f4xx_hal.c 
arm-atollic-eabi-gcc -o Display.elf Drivers\STM32F4xx_HAL_Driver\Src\stm32f4xx_hal.o Drivers\STM32F4xx_HAL_Driver\Src\stm32f4xx_hal_cortex.o Drivers\STM32F4xx_HAL_Driver\Src\stm32f4xx_hal_dma.o Drivers\STM32F4xx_HAL_Driver\Src\stm32f4xx_hal_dma_ex.o Drivers\STM32F4xx_HAL_Driver\Src\stm32f4xx_hal_exti.o Drivers\STM32F4xx_HAL_Driver\Src\stm32f4xx_hal_flash.o Drivers\STM32F4xx_HAL_Driver\Src\stm32f4xx_hal_flash_ex.o Drivers\STM32F4xx_HAL_Driver\Src\stm32f4xx_hal_flash_ramfunc.o Drivers\STM32F4xx_HAL_Driver\Src\stm32f4xx_hal_gpio.o Drivers\STM32F4xx_HAL_Driver\Src\stm32f4xx_hal_pwr.o Drivers\STM32F4xx_HAL_Driver\Src\stm32f4xx_hal_pwr_ex.o Drivers\STM32F4xx_HAL_Driver\Src\stm32f4xx_hal_rcc.o Drivers\STM32F4xx_HAL_Driver\Src\stm32f4xx_hal_rcc_ex.o Drivers\STM32F4xx_HAL_Driver\Src\stm32f4xx_hal_spi.o Drivers\STM32F4xx_HAL_Driver\Src\stm32f4xx_hal_tim.o Drivers\STM32F4xx_HAL_Driver\Src\stm32f4xx_hal_tim_ex.o Drivers\u8g2\u8g2_bitmap.o Drivers\u8g2\u8g2_box.o Drivers\u8g2\u8g2_buffer.o Drivers\u8g2\u8g2_circle.o Drivers\u8g2\u8g2_cleardisplay.o Drivers\u8g2\u8g2_d_memory.o Drivers\u8g2\u8g2_d_setup.o Drivers\u8g2\u8g2_font.o Drivers\u8g2\u8g2_fonts.o Drivers\u8g2\u8g2_hvline.o Drivers\u8g2\u8g2_input_value.o Drivers\u8g2\u8g2_intersection.o Drivers\u8g2\u8g2_kerning.o Drivers\u8g2\u8g2_line.o Drivers\u8g2\u8g2_ll_hvline.o Drivers\u8g2\u8g2_message.o Drivers\u8g2\u8g2_polygon.o Drivers\u8g2\u8g2_selection_list.o Drivers\u8g2\u8g2_setup.o Drivers\u8g2\u8log.o Drivers\u8g2\u8log_u8g2.o Drivers\u8g2\u8log_u8x8.o Drivers\u8g2\u8x8_8x8.o Drivers\u8g2\u8x8_byte.o Drivers\u8g2\u8x8_cad.o Drivers\u8g2\u8x8_d_a2printer.o Drivers\u8g2\u8x8_d_il3820_296x128.o Drivers\u8g2\u8x8_d_ist3020.o Drivers\u8g2\u8x8_d_ks0108.o Drivers\u8g2\u8x8_d_lc7981.o Drivers\u8g2\u8x8_d_ld7032_60x32.o Drivers\u8g2\u8x8_d_ls013b7dh03.o Drivers\u8g2\u8x8_d_max7219.o Drivers\u8g2\u8x8_d_pcd8544_84x48.o Drivers\u8g2\u8x8_d_pcf8812.o Drivers\u8g2\u8x8_d_pcf8814_hx1230.o Drivers\u8g2\u8x8_d_sbn1661.o Drivers\u8g2\u8x8_d_sed1330.o Drivers\u8g2\u8x8_d_sh1106_64x32.o Drivers\u8g2\u8x8_d_sh1106_72x40.o Drivers\u8g2\u8x8_d_sh1107.o Drivers\u8g2\u8x8_d_sh1108.o Drivers\u8g2\u8x8_d_sh1122.o Drivers\u8g2\u8x8_d_ssd1305.o Drivers\u8g2\u8x8_d_ssd1306_128x32.o Drivers\u8g2\u8x8_d_ssd1306_128x64_noname.o Drivers\u8g2\u8x8_d_ssd1306_48x64.o Drivers\u8g2\u8x8_d_ssd1306_64x32.o Drivers\u8g2\u8x8_d_ssd1306_64x48.o Drivers\u8g2\u8x8_d_ssd1306_96x16.o Drivers\u8g2\u8x8_d_ssd1309.o Drivers\u8g2\u8x8_d_ssd1317.o Drivers\u8g2\u8x8_d_ssd1322.o Drivers\u8g2\u8x8_d_ssd1325.o Drivers\u8g2\u8x8_d_ssd1326.o Drivers\u8g2\u8x8_d_ssd1327.o Drivers\u8g2\u8x8_d_ssd1329.o Drivers\u8g2\u8x8_d_ssd1606_172x72.o Drivers\u8g2\u8x8_d_ssd1607_200x200.o Drivers\u8g2\u8x8_d_st75256.o Drivers\u8g2\u8x8_d_st7565.o Drivers\u8g2\u8x8_d_st7567.o Drivers\u8g2\u8x8_d_st7586s_erc240160.o Drivers\u8g2\u8x8_d_st7586s_s028hn118a.o Drivers\u8g2\u8x8_d_st7588.o Drivers\u8g2\u8x8_d_st7920.o Drivers\u8g2\u8x8_d_stdio.o Drivers\u8g2\u8x8_d_t6963.o Drivers\u8g2\u8x8_d_uc1601.o Drivers\u8g2\u8x8_d_uc1604.o Drivers\u8g2\u8x8_d_uc1608.o Drivers\u8g2\u8x8_d_uc1610.o Drivers\u8g2\u8x8_d_uc1611.o Drivers\u8g2\u8x8_d_uc1617.o Drivers\u8g2\u8x8_d_uc1638.o Drivers\u8g2\u8x8_d_uc1701_dogs102.o Drivers\u8g2\u8x8_d_uc1701_mini12864.o Drivers\u8g2\u8x8_debounce.o Drivers\u8g2\u8x8_display.o Drivers\u8g2\u8x8_fonts.o Drivers\u8g2\u8x8_gpio.o Drivers\u8g2\u8x8_input_value.o Drivers\u8g2\u8x8_message.o Drivers\u8g2\u8x8_selection_list.o Drivers\u8g2\u8x8_setup.o Drivers\u8g2\u8x8_string.o Drivers\u8g2\u8x8_u16toa.o Drivers\u8g2\u8x8_u8toa.o Src\dma.o Src\gpio.o Src\main.o Src\spi.o Src\stm32f4xx_hal_msp.o Src\stm32f4xx_it.o Src\syscalls.o Src\system_stm32f4xx.o startup\startup_stm32f407xx.o -mthumb -mcpu=cortex-m4 -mfloat-abi=hard -mfpu=fpv4-sp-d16 -T../STM32F407VG_FLASH.ld -specs=nosys.specs -static -Wl,-Map=Display.map -Wl,--gc-sections -Wl,--defsym=malloc_getpagesize_P=0x80 -Wl,--start-group -lc -lm -Wl,--end-group -specs=nano.specs 
C:\Program Files (x86)\Atollic\TrueSTUDIO for STM32 9.3.0\ide\jre\bin\java -jar C:\Program Files (x86)\Atollic\TrueSTUDIO for STM32 9.3.0\Tools\arm-atollic-reports.jar sizeinfo list Display.elf 
Generate build reports...
Print size information
   text	   data	    bss	    dec	    hex	filename
  19820	   1508	   2264	  23592	   5c28	Display.elf
Print size information done
Generate listing file
Output sent to: Display.list
Generate listing file done
Generate build reports done
arm-atollic-eabi-objcopy.exe -O ihex Display.elf Display.hex 
01:13:51 **** Incremental Build of configuration Debug for project Display ****
Info: Internal Builder is used for build
arm-atollic-eabi-gcc -c -mthumb -mcpu=cortex-m4 -mfloat-abi=hard -mfpu=fpv4-sp-d16 -std=gnu11 -D__weak=__attribute__((weak)) -D__packed=__attribute__((__packed__)) -DUSE_HAL_DRIVER -DSTM32F407xx -I../Inc -I../Drivers/STM32F4xx_HAL_Driver/Inc -I../Drivers/STM32F4xx_HAL_Driver/Inc/Legacy -I../Drivers/CMSIS/Device/ST/STM32F4xx/Include -I../Drivers/CMSIS/Include -IM:\stm32\Geoptic\Display\Drivers\u8g2 -Os -ffunction-sections -fdata-sections -g -fstack-usage -Wall -specs=nano.specs -o Src\main.o ..\Src\main.c 
..\Src\main.c: In function 'main':
..\Src\main.c:302:62: warning: passing argument 6 of 'u8g2_DrawXBMP' from incompatible pointer type [-Wincompatible-pointer-types]
      u8g2_DrawXBMP(&u8g2, 8, 0, logo51_width, logo51_height, &logo51_bits);
                                                              ^
In file included from ..\Src\main.c:29:0:
M:\stm32\Geoptic\Display\Drivers\u8g2/u8g2.h:1081:6: note: expected 'const uint8_t * {aka const unsigned char *}' but argument is of type 'unsigned char (*)[1488]'
 void u8g2_DrawXBMP(u8g2_t *u8g2, u8g2_uint_t x, u8g2_uint_t y, u8g2_uint_t w, u8g2_uint_t h, const uint8_t *bitmap); /* assumes bitmap in PROGMEM */
      ^~~~~~~~~~~~~
..\Src\main.c: In function 'LoadWindow':
..\Src\main.c:395:59: warning: passing argument 6 of 'u8g2_DrawXBMP' from incompatible pointer type [-Wincompatible-pointer-types]
    u8g2_DrawXBMP(u8g2, 8, 0, logo51_width, logo51_height, &logo51_bits);
                                                           ^
In file included from ..\Src\main.c:29:0:
M:\stm32\Geoptic\Display\Drivers\u8g2/u8g2.h:1081:6: note: expected 'const uint8_t * {aka const unsigned char *}' but argument is of type 'unsigned char (*)[1488]'
 void u8g2_DrawXBMP(u8g2_t *u8g2, u8g2_uint_t x, u8g2_uint_t y, u8g2_uint_t w, u8g2_uint_t h, const uint8_t *bitmap); /* assumes bitmap in PROGMEM */
      ^~~~~~~~~~~~~
..\Src\main.c:411:16: warning: passing argument 1 of 'u8g2_DrawStr' from incompatible pointer type [-Wincompatible-pointer-types]
   u8g2_DrawStr(&u8g2, 100, 60, "Loading . . . ");
                ^
In file included from ..\Src\main.c:29:0:
M:\stm32\Geoptic\Display\Drivers\u8g2/u8g2.h:1151:13: note: expected 'u8g2_t * {aka struct u8g2_struct *}' but argument is of type 'u8g2_t ** {aka struct u8g2_struct **}'
 u8g2_uint_t u8g2_DrawStr(u8g2_t *u8g2, u8g2_uint_t x, u8g2_uint_t y, const char *str);
             ^~~~~~~~~~~~
..\Src\main.c:412:25: warning: passing argument 1 of 'u8g2_NextPage' from incompatible pointer type [-Wincompatible-pointer-types]
  } while (u8g2_NextPage(&u8g2));
                         ^
In file included from ..\Src\main.c:29:0:
M:\stm32\Geoptic\Display\Drivers\u8g2/u8g2.h:1035:9: note: expected 'u8g2_t * {aka struct u8g2_struct *}' but argument is of type 'u8g2_t ** {aka struct u8g2_struct **}'
 uint8_t u8g2_NextPage(u8g2_t *u8g2);
         ^~~~~~~~~~~~~
arm-atollic-eabi-gcc -o Display.elf Drivers\STM32F4xx_HAL_Driver\Src\stm32f4xx_hal.o Drivers\STM32F4xx_HAL_Driver\Src\stm32f4xx_hal_cortex.o Drivers\STM32F4xx_HAL_Driver\Src\stm32f4xx_hal_dma.o Drivers\STM32F4xx_HAL_Driver\Src\stm32f4xx_hal_dma_ex.o Drivers\STM32F4xx_HAL_Driver\Src\stm32f4xx_hal_exti.o Drivers\STM32F4xx_HAL_Driver\Src\stm32f4xx_hal_flash.o Drivers\STM32F4xx_HAL_Driver\Src\stm32f4xx_hal_flash_ex.o Drivers\STM32F4xx_HAL_Driver\Src\stm32f4xx_hal_flash_ramfunc.o Drivers\STM32F4xx_HAL_Driver\Src\stm32f4xx_hal_gpio.o Drivers\STM32F4xx_HAL_Driver\Src\stm32f4xx_hal_pwr.o Drivers\STM32F4xx_HAL_Driver\Src\stm32f4xx_hal_pwr_ex.o Drivers\STM32F4xx_HAL_Driver\Src\stm32f4xx_hal_rcc.o Drivers\STM32F4xx_HAL_Driver\Src\stm32f4xx_hal_rcc_ex.o Drivers\STM32F4xx_HAL_Driver\Src\stm32f4xx_hal_spi.o Drivers\STM32F4xx_HAL_Driver\Src\stm32f4xx_hal_tim.o Drivers\STM32F4xx_HAL_Driver\Src\stm32f4xx_hal_tim_ex.o Drivers\u8g2\u8g2_bitmap.o Drivers\u8g2\u8g2_box.o Drivers\u8g2\u8g2_buffer.o Drivers\u8g2\u8g2_circle.o Drivers\u8g2\u8g2_cleardisplay.o Drivers\u8g2\u8g2_d_memory.o Drivers\u8g2\u8g2_d_setup.o Drivers\u8g2\u8g2_font.o Drivers\u8g2\u8g2_fonts.o Drivers\u8g2\u8g2_hvline.o Drivers\u8g2\u8g2_input_value.o Drivers\u8g2\u8g2_intersection.o Drivers\u8g2\u8g2_kerning.o Drivers\u8g2\u8g2_line.o Drivers\u8g2\u8g2_ll_hvline.o Drivers\u8g2\u8g2_message.o Drivers\u8g2\u8g2_polygon.o Drivers\u8g2\u8g2_selection_list.o Drivers\u8g2\u8g2_setup.o Drivers\u8g2\u8log.o Drivers\u8g2\u8log_u8g2.o Drivers\u8g2\u8log_u8x8.o Drivers\u8g2\u8x8_8x8.o Drivers\u8g2\u8x8_byte.o Drivers\u8g2\u8x8_cad.o Drivers\u8g2\u8x8_d_a2printer.o Drivers\u8g2\u8x8_d_il3820_296x128.o Drivers\u8g2\u8x8_d_ist3020.o Drivers\u8g2\u8x8_d_ks0108.o Drivers\u8g2\u8x8_d_lc7981.o Drivers\u8g2\u8x8_d_ld7032_60x32.o Drivers\u8g2\u8x8_d_ls013b7dh03.o Drivers\u8g2\u8x8_d_max7219.o Drivers\u8g2\u8x8_d_pcd8544_84x48.o Drivers\u8g2\u8x8_d_pcf8812.o Drivers\u8g2\u8x8_d_pcf8814_hx1230.o Drivers\u8g2\u8x8_d_sbn1661.o Drivers\u8g2\u8x8_d_sed1330.o Drivers\u8g2\u8x8_d_sh1106_64x32.o Drivers\u8g2\u8x8_d_sh1106_72x40.o Drivers\u8g2\u8x8_d_sh1107.o Drivers\u8g2\u8x8_d_sh1108.o Drivers\u8g2\u8x8_d_sh1122.o Drivers\u8g2\u8x8_d_ssd1305.o Drivers\u8g2\u8x8_d_ssd1306_128x32.o Drivers\u8g2\u8x8_d_ssd1306_128x64_noname.o Drivers\u8g2\u8x8_d_ssd1306_48x64.o Drivers\u8g2\u8x8_d_ssd1306_64x32.o Drivers\u8g2\u8x8_d_ssd1306_64x48.o Drivers\u8g2\u8x8_d_ssd1306_96x16.o Drivers\u8g2\u8x8_d_ssd1309.o Drivers\u8g2\u8x8_d_ssd1317.o Drivers\u8g2\u8x8_d_ssd1322.o Drivers\u8g2\u8x8_d_ssd1325.o Drivers\u8g2\u8x8_d_ssd1326.o Drivers\u8g2\u8x8_d_ssd1327.o Drivers\u8g2\u8x8_d_ssd1329.o Drivers\u8g2\u8x8_d_ssd1606_172x72.o Drivers\u8g2\u8x8_d_ssd1607_200x200.o Drivers\u8g2\u8x8_d_st75256.o Drivers\u8g2\u8x8_d_st7565.o Drivers\u8g2\u8x8_d_st7567.o Drivers\u8g2\u8x8_d_st7586s_erc240160.o Drivers\u8g2\u8x8_d_st7586s_s028hn118a.o Drivers\u8g2\u8x8_d_st7588.o Drivers\u8g2\u8x8_d_st7920.o Drivers\u8g2\u8x8_d_stdio.o Drivers\u8g2\u8x8_d_t6963.o Drivers\u8g2\u8x8_d_uc1601.o Drivers\u8g2\u8x8_d_uc1604.o Drivers\u8g2\u8x8_d_uc1608.o Drivers\u8g2\u8x8_d_uc1610.o Drivers\u8g2\u8x8_d_uc1611.o Drivers\u8g2\u8x8_d_uc1617.o Drivers\u8g2\u8x8_d_uc1638.o Drivers\u8g2\u8x8_d_uc1701_dogs102.o Drivers\u8g2\u8x8_d_uc1701_mini12864.o Drivers\u8g2\u8x8_debounce.o Drivers\u8g2\u8x8_display.o Drivers\u8g2\u8x8_fonts.o Drivers\u8g2\u8x8_gpio.o Drivers\u8g2\u8x8_input_value.o Drivers\u8g2\u8x8_message.o Drivers\u8g2\u8x8_selection_list.o Drivers\u8g2\u8x8_setup.o Drivers\u8g2\u8x8_string.o Drivers\u8g2\u8x8_u16toa.o Drivers\u8g2\u8x8_u8toa.o Src\dma.o Src\gpio.o Src\main.o Src\spi.o Src\stm32f4xx_hal_msp.o Src\stm32f4xx_it.o Src\syscalls.o Src\system_stm32f4xx.o startup\startup_stm32f407xx.o -mthumb -mcpu=cortex-m4 -mfloat-abi=hard -mfpu=fpv4-sp-d16 -T../STM32F407VG_FLASH.ld -specs=nosys.specs -static -Wl,-Map=Display.map -Wl,--gc-sections -Wl,--defsym=malloc_getpagesize_P=0x80 -Wl,--start-group -lc -lm -Wl,--end-group -specs=nano.specs 
C:\Program Files (x86)\Atollic\TrueSTUDIO for STM32 9.3.0\ide\jre\bin\java -jar C:\Program Files (x86)\Atollic\TrueSTUDIO for STM32 9.3.0\Tools\arm-atollic-reports.jar sizeinfo list Display.elf 
Generate build reports...
Print size information
   text	   data	    bss	    dec	    hex	filename
  19820	   1508	   2264	  23592	   5c28	Display.elf
Print size information done
Generate listing file
Output sent to: Display.list
Generate listing file done
Generate build reports done
arm-atollic-eabi-objcopy.exe -O ihex Display.elf Display.hex 
01:17:24 **** Incremental Build of configuration Debug for project Display ****
Info: Internal Builder is used for build
arm-atollic-eabi-gcc -c -mthumb -mcpu=cortex-m4 -mfloat-abi=hard -mfpu=fpv4-sp-d16 -std=gnu11 -D__weak=__attribute__((weak)) -D__packed=__attribute__((__packed__)) -DUSE_HAL_DRIVER -DSTM32F407xx -I../Inc -I../Drivers/STM32F4xx_HAL_Driver/Inc -I../Drivers/STM32F4xx_HAL_Driver/Inc/Legacy -I../Drivers/CMSIS/Device/ST/STM32F4xx/Include -I../Drivers/CMSIS/Include -IM:\stm32\Geoptic\Display\Drivers\u8g2 -Os -ffunction-sections -fdata-sections -g -fstack-usage -Wall -specs=nano.specs -o Src\main.o ..\Src\main.c 
..\Src\main.c: In function 'main':
..\Src\main.c:311:62: warning: passing argument 6 of 'u8g2_DrawXBMP' from incompatible pointer type [-Wincompatible-pointer-types]
      u8g2_DrawXBMP(&u8g2, 8, 0, logo51_width, logo51_height, &logo51_bits);
                                                              ^
In file included from ..\Src\main.c:29:0:
M:\stm32\Geoptic\Display\Drivers\u8g2/u8g2.h:1081:6: note: expected 'const uint8_t * {aka const unsigned char *}' but argument is of type 'unsigned char (*)[1488]'
 void u8g2_DrawXBMP(u8g2_t *u8g2, u8g2_uint_t x, u8g2_uint_t y, u8g2_uint_t w, u8g2_uint_t h, const uint8_t *bitmap); /* assumes bitmap in PROGMEM */
      ^~~~~~~~~~~~~
..\Src\main.c: In function 'LoadWindow':
..\Src\main.c:404:59: warning: passing argument 6 of 'u8g2_DrawXBMP' from incompatible pointer type [-Wincompatible-pointer-types]
    u8g2_DrawXBMP(u8g2, 8, 0, logo51_width, logo51_height, &logo51_bits);
                                                           ^
In file included from ..\Src\main.c:29:0:
M:\stm32\Geoptic\Display\Drivers\u8g2/u8g2.h:1081:6: note: expected 'const uint8_t * {aka const unsigned char *}' but argument is of type 'unsigned char (*)[1488]'
 void u8g2_DrawXBMP(u8g2_t *u8g2, u8g2_uint_t x, u8g2_uint_t y, u8g2_uint_t w, u8g2_uint_t h, const uint8_t *bitmap); /* assumes bitmap in PROGMEM */
      ^~~~~~~~~~~~~
..\Src\main.c:420:16: warning: passing argument 1 of 'u8g2_DrawStr' from incompatible pointer type [-Wincompatible-pointer-types]
   u8g2_DrawStr(&u8g2, 100, 60, "Loading . . . ");
                ^
In file included from ..\Src\main.c:29:0:
M:\stm32\Geoptic\Display\Drivers\u8g2/u8g2.h:1151:13: note: expected 'u8g2_t * {aka struct u8g2_struct *}' but argument is of type 'u8g2_t ** {aka struct u8g2_struct **}'
 u8g2_uint_t u8g2_DrawStr(u8g2_t *u8g2, u8g2_uint_t x, u8g2_uint_t y, const char *str);
             ^~~~~~~~~~~~
..\Src\main.c:421:25: warning: passing argument 1 of 'u8g2_NextPage' from incompatible pointer type [-Wincompatible-pointer-types]
  } while (u8g2_NextPage(&u8g2));
                         ^
In file included from ..\Src\main.c:29:0:
M:\stm32\Geoptic\Display\Drivers\u8g2/u8g2.h:1035:9: note: expected 'u8g2_t * {aka struct u8g2_struct *}' but argument is of type 'u8g2_t ** {aka struct u8g2_struct **}'
 uint8_t u8g2_NextPage(u8g2_t *u8g2);
         ^~~~~~~~~~~~~
arm-atollic-eabi-gcc -o Display.elf Drivers\STM32F4xx_HAL_Driver\Src\stm32f4xx_hal.o Drivers\STM32F4xx_HAL_Driver\Src\stm32f4xx_hal_cortex.o Drivers\STM32F4xx_HAL_Driver\Src\stm32f4xx_hal_dma.o Drivers\STM32F4xx_HAL_Driver\Src\stm32f4xx_hal_dma_ex.o Drivers\STM32F4xx_HAL_Driver\Src\stm32f4xx_hal_exti.o Drivers\STM32F4xx_HAL_Driver\Src\stm32f4xx_hal_flash.o Drivers\STM32F4xx_HAL_Driver\Src\stm32f4xx_hal_flash_ex.o Drivers\STM32F4xx_HAL_Driver\Src\stm32f4xx_hal_flash_ramfunc.o Drivers\STM32F4xx_HAL_Driver\Src\stm32f4xx_hal_gpio.o Drivers\STM32F4xx_HAL_Driver\Src\stm32f4xx_hal_pwr.o Drivers\STM32F4xx_HAL_Driver\Src\stm32f4xx_hal_pwr_ex.o Drivers\STM32F4xx_HAL_Driver\Src\stm32f4xx_hal_rcc.o Drivers\STM32F4xx_HAL_Driver\Src\stm32f4xx_hal_rcc_ex.o Drivers\STM32F4xx_HAL_Driver\Src\stm32f4xx_hal_spi.o Drivers\STM32F4xx_HAL_Driver\Src\stm32f4xx_hal_tim.o Drivers\STM32F4xx_HAL_Driver\Src\stm32f4xx_hal_tim_ex.o Drivers\u8g2\u8g2_bitmap.o Drivers\u8g2\u8g2_box.o Drivers\u8g2\u8g2_buffer.o Drivers\u8g2\u8g2_circle.o Drivers\u8g2\u8g2_cleardisplay.o Drivers\u8g2\u8g2_d_memory.o Drivers\u8g2\u8g2_d_setup.o Drivers\u8g2\u8g2_font.o Drivers\u8g2\u8g2_fonts.o Drivers\u8g2\u8g2_hvline.o Drivers\u8g2\u8g2_input_value.o Drivers\u8g2\u8g2_intersection.o Drivers\u8g2\u8g2_kerning.o Drivers\u8g2\u8g2_line.o Drivers\u8g2\u8g2_ll_hvline.o Drivers\u8g2\u8g2_message.o Drivers\u8g2\u8g2_polygon.o Drivers\u8g2\u8g2_selection_list.o Drivers\u8g2\u8g2_setup.o Drivers\u8g2\u8log.o Drivers\u8g2\u8log_u8g2.o Drivers\u8g2\u8log_u8x8.o Drivers\u8g2\u8x8_8x8.o Drivers\u8g2\u8x8_byte.o Drivers\u8g2\u8x8_cad.o Drivers\u8g2\u8x8_d_a2printer.o Drivers\u8g2\u8x8_d_il3820_296x128.o Drivers\u8g2\u8x8_d_ist3020.o Drivers\u8g2\u8x8_d_ks0108.o Drivers\u8g2\u8x8_d_lc7981.o Drivers\u8g2\u8x8_d_ld7032_60x32.o Drivers\u8g2\u8x8_d_ls013b7dh03.o Drivers\u8g2\u8x8_d_max7219.o Drivers\u8g2\u8x8_d_pcd8544_84x48.o Drivers\u8g2\u8x8_d_pcf8812.o Drivers\u8g2\u8x8_d_pcf8814_hx1230.o Drivers\u8g2\u8x8_d_sbn1661.o Drivers\u8g2\u8x8_d_sed1330.o Drivers\u8g2\u8x8_d_sh1106_64x32.o Drivers\u8g2\u8x8_d_sh1106_72x40.o Drivers\u8g2\u8x8_d_sh1107.o Drivers\u8g2\u8x8_d_sh1108.o Drivers\u8g2\u8x8_d_sh1122.o Drivers\u8g2\u8x8_d_ssd1305.o Drivers\u8g2\u8x8_d_ssd1306_128x32.o Drivers\u8g2\u8x8_d_ssd1306_128x64_noname.o Drivers\u8g2\u8x8_d_ssd1306_48x64.o Drivers\u8g2\u8x8_d_ssd1306_64x32.o Drivers\u8g2\u8x8_d_ssd1306_64x48.o Drivers\u8g2\u8x8_d_ssd1306_96x16.o Drivers\u8g2\u8x8_d_ssd1309.o Drivers\u8g2\u8x8_d_ssd1317.o Drivers\u8g2\u8x8_d_ssd1322.o Drivers\u8g2\u8x8_d_ssd1325.o Drivers\u8g2\u8x8_d_ssd1326.o Drivers\u8g2\u8x8_d_ssd1327.o Drivers\u8g2\u8x8_d_ssd1329.o Drivers\u8g2\u8x8_d_ssd1606_172x72.o Drivers\u8g2\u8x8_d_ssd1607_200x200.o Drivers\u8g2\u8x8_d_st75256.o Drivers\u8g2\u8x8_d_st7565.o Drivers\u8g2\u8x8_d_st7567.o Drivers\u8g2\u8x8_d_st7586s_erc240160.o Drivers\u8g2\u8x8_d_st7586s_s028hn118a.o Drivers\u8g2\u8x8_d_st7588.o Drivers\u8g2\u8x8_d_st7920.o Drivers\u8g2\u8x8_d_stdio.o Drivers\u8g2\u8x8_d_t6963.o Drivers\u8g2\u8x8_d_uc1601.o Drivers\u8g2\u8x8_d_uc1604.o Drivers\u8g2\u8x8_d_uc1608.o Drivers\u8g2\u8x8_d_uc1610.o Drivers\u8g2\u8x8_d_uc1611.o Drivers\u8g2\u8x8_d_uc1617.o Drivers\u8g2\u8x8_d_uc1638.o Drivers\u8g2\u8x8_d_uc1701_dogs102.o Drivers\u8g2\u8x8_d_uc1701_mini12864.o Drivers\u8g2\u8x8_debounce.o Drivers\u8g2\u8x8_display.o Drivers\u8g2\u8x8_fonts.o Drivers\u8g2\u8x8_gpio.o Drivers\u8g2\u8x8_input_value.o Drivers\u8g2\u8x8_message.o Drivers\u8g2\u8x8_selection_list.o Drivers\u8g2\u8x8_setup.o Drivers\u8g2\u8x8_string.o Drivers\u8g2\u8x8_u16toa.o Drivers\u8g2\u8x8_u8toa.o Src\dma.o Src\gpio.o Src\main.o Src\spi.o Src\stm32f4xx_hal_msp.o Src\stm32f4xx_it.o Src\syscalls.o Src\system_stm32f4xx.o startup\startup_stm32f407xx.o -mthumb -mcpu=cortex-m4 -mfloat-abi=hard -mfpu=fpv4-sp-d16 -T../STM32F407VG_FLASH.ld -specs=nosys.specs -static -Wl,-Map=Display.map -Wl,--gc-sections -Wl,--defsym=malloc_getpagesize_P=0x80 -Wl,--start-group -lc -lm -Wl,--end-group -specs=nano.specs 
C:\Program Files (x86)\Atollic\TrueSTUDIO for STM32 9.3.0\ide\jre\bin\java -jar C:\Program Files (x86)\Atollic\TrueSTUDIO for STM32 9.3.0\Tools\arm-atollic-reports.jar sizeinfo list Display.elf 
Generate build reports...
Print size information
   text	   data	    bss	    dec	    hex	filename
  19848	   1508	   2264	  23620	   5c44	Display.elf
Print size information done
Generate listing file
Output sent to: Display.list
Generate listing file done
Generate build reports done
arm-atollic-eabi-objcopy.exe -O ihex Display.elf Display.hex 
01:22:11 **** Incremental Build of configuration Debug for project Display ****
Info: Internal Builder is used for build
arm-atollic-eabi-gcc -c -mthumb -mcpu=cortex-m4 -mfloat-abi=hard -mfpu=fpv4-sp-d16 -std=gnu11 -D__weak=__attribute__((weak)) -D__packed=__attribute__((__packed__)) -DUSE_HAL_DRIVER -DSTM32F407xx -I../Inc -I../Drivers/STM32F4xx_HAL_Driver/Inc -I../Drivers/STM32F4xx_HAL_Driver/Inc/Legacy -I../Drivers/CMSIS/Device/ST/STM32F4xx/Include -I../Drivers/CMSIS/Include -IM:\stm32\Geoptic\Display\Drivers\u8g2 -Os -ffunction-sections -fdata-sections -g -fstack-usage -Wall -specs=nano.specs -o Src\main.o ..\Src\main.c 
..\Src\main.c: In function 'main':
..\Src\main.c:302:62: warning: passing argument 6 of 'u8g2_DrawXBMP' from incompatible pointer type [-Wincompatible-pointer-types]
      u8g2_DrawXBMP(&u8g2, 8, 0, logo51_width, logo51_height, &logo51_bits);
                                                              ^
In file included from ..\Src\main.c:29:0:
M:\stm32\Geoptic\Display\Drivers\u8g2/u8g2.h:1081:6: note: expected 'const uint8_t * {aka const unsigned char *}' but argument is of type 'unsigned char (*)[1488]'
 void u8g2_DrawXBMP(u8g2_t *u8g2, u8g2_uint_t x, u8g2_uint_t y, u8g2_uint_t w, u8g2_uint_t h, const uint8_t *bitmap); /* assumes bitmap in PROGMEM */
      ^~~~~~~~~~~~~
..\Src\main.c: In function 'LoadWindow':
..\Src\main.c:395:59: warning: passing argument 6 of 'u8g2_DrawXBMP' from incompatible pointer type [-Wincompatible-pointer-types]
    u8g2_DrawXBMP(u8g2, 8, 0, logo51_width, logo51_height, &logo51_bits);
                                                           ^
In file included from ..\Src\main.c:29:0:
M:\stm32\Geoptic\Display\Drivers\u8g2/u8g2.h:1081:6: note: expected 'const uint8_t * {aka const unsigned char *}' but argument is of type 'unsigned char (*)[1488]'
 void u8g2_DrawXBMP(u8g2_t *u8g2, u8g2_uint_t x, u8g2_uint_t y, u8g2_uint_t w, u8g2_uint_t h, const uint8_t *bitmap); /* assumes bitmap in PROGMEM */
      ^~~~~~~~~~~~~
..\Src\main.c:411:16: warning: passing argument 1 of 'u8g2_DrawStr' from incompatible pointer type [-Wincompatible-pointer-types]
   u8g2_DrawStr(&u8g2, 100, 60, "Loading . . . ");
                ^
In file included from ..\Src\main.c:29:0:
M:\stm32\Geoptic\Display\Drivers\u8g2/u8g2.h:1151:13: note: expected 'u8g2_t * {aka struct u8g2_struct *}' but argument is of type 'u8g2_t ** {aka struct u8g2_struct **}'
 u8g2_uint_t u8g2_DrawStr(u8g2_t *u8g2, u8g2_uint_t x, u8g2_uint_t y, const char *str);
             ^~~~~~~~~~~~
..\Src\main.c:412:25: warning: passing argument 1 of 'u8g2_NextPage' from incompatible pointer type [-Wincompatible-pointer-types]
  } while (u8g2_NextPage(&u8g2));
                         ^
In file included from ..\Src\main.c:29:0:
M:\stm32\Geoptic\Display\Drivers\u8g2/u8g2.h:1035:9: note: expected 'u8g2_t * {aka struct u8g2_struct *}' but argument is of type 'u8g2_t ** {aka struct u8g2_struct **}'
 uint8_t u8g2_NextPage(u8g2_t *u8g2);
         ^~~~~~~~~~~~~
arm-atollic-eabi-gcc -o Display.elf Drivers\STM32F4xx_HAL_Driver\Src\stm32f4xx_hal.o Drivers\STM32F4xx_HAL_Driver\Src\stm32f4xx_hal_cortex.o Drivers\STM32F4xx_HAL_Driver\Src\stm32f4xx_hal_dma.o Drivers\STM32F4xx_HAL_Driver\Src\stm32f4xx_hal_dma_ex.o Drivers\STM32F4xx_HAL_Driver\Src\stm32f4xx_hal_exti.o Drivers\STM32F4xx_HAL_Driver\Src\stm32f4xx_hal_flash.o Drivers\STM32F4xx_HAL_Driver\Src\stm32f4xx_hal_flash_ex.o Drivers\STM32F4xx_HAL_Driver\Src\stm32f4xx_hal_flash_ramfunc.o Drivers\STM32F4xx_HAL_Driver\Src\stm32f4xx_hal_gpio.o Drivers\STM32F4xx_HAL_Driver\Src\stm32f4xx_hal_pwr.o Drivers\STM32F4xx_HAL_Driver\Src\stm32f4xx_hal_pwr_ex.o Drivers\STM32F4xx_HAL_Driver\Src\stm32f4xx_hal_rcc.o Drivers\STM32F4xx_HAL_Driver\Src\stm32f4xx_hal_rcc_ex.o Drivers\STM32F4xx_HAL_Driver\Src\stm32f4xx_hal_spi.o Drivers\STM32F4xx_HAL_Driver\Src\stm32f4xx_hal_tim.o Drivers\STM32F4xx_HAL_Driver\Src\stm32f4xx_hal_tim_ex.o Drivers\u8g2\u8g2_bitmap.o Drivers\u8g2\u8g2_box.o Drivers\u8g2\u8g2_buffer.o Drivers\u8g2\u8g2_circle.o Drivers\u8g2\u8g2_cleardisplay.o Drivers\u8g2\u8g2_d_memory.o Drivers\u8g2\u8g2_d_setup.o Drivers\u8g2\u8g2_font.o Drivers\u8g2\u8g2_fonts.o Drivers\u8g2\u8g2_hvline.o Drivers\u8g2\u8g2_input_value.o Drivers\u8g2\u8g2_intersection.o Drivers\u8g2\u8g2_kerning.o Drivers\u8g2\u8g2_line.o Drivers\u8g2\u8g2_ll_hvline.o Drivers\u8g2\u8g2_message.o Drivers\u8g2\u8g2_polygon.o Drivers\u8g2\u8g2_selection_list.o Drivers\u8g2\u8g2_setup.o Drivers\u8g2\u8log.o Drivers\u8g2\u8log_u8g2.o Drivers\u8g2\u8log_u8x8.o Drivers\u8g2\u8x8_8x8.o Drivers\u8g2\u8x8_byte.o Drivers\u8g2\u8x8_cad.o Drivers\u8g2\u8x8_d_a2printer.o Drivers\u8g2\u8x8_d_il3820_296x128.o Drivers\u8g2\u8x8_d_ist3020.o Drivers\u8g2\u8x8_d_ks0108.o Drivers\u8g2\u8x8_d_lc7981.o Drivers\u8g2\u8x8_d_ld7032_60x32.o Drivers\u8g2\u8x8_d_ls013b7dh03.o Drivers\u8g2\u8x8_d_max7219.o Drivers\u8g2\u8x8_d_pcd8544_84x48.o Drivers\u8g2\u8x8_d_pcf8812.o Drivers\u8g2\u8x8_d_pcf8814_hx1230.o Drivers\u8g2\u8x8_d_sbn1661.o Drivers\u8g2\u8x8_d_sed1330.o Drivers\u8g2\u8x8_d_sh1106_64x32.o Drivers\u8g2\u8x8_d_sh1106_72x40.o Drivers\u8g2\u8x8_d_sh1107.o Drivers\u8g2\u8x8_d_sh1108.o Drivers\u8g2\u8x8_d_sh1122.o Drivers\u8g2\u8x8_d_ssd1305.o Drivers\u8g2\u8x8_d_ssd1306_128x32.o Drivers\u8g2\u8x8_d_ssd1306_128x64_noname.o Drivers\u8g2\u8x8_d_ssd1306_48x64.o Drivers\u8g2\u8x8_d_ssd1306_64x32.o Drivers\u8g2\u8x8_d_ssd1306_64x48.o Drivers\u8g2\u8x8_d_ssd1306_96x16.o Drivers\u8g2\u8x8_d_ssd1309.o Drivers\u8g2\u8x8_d_ssd1317.o Drivers\u8g2\u8x8_d_ssd1322.o Drivers\u8g2\u8x8_d_ssd1325.o Drivers\u8g2\u8x8_d_ssd1326.o Drivers\u8g2\u8x8_d_ssd1327.o Drivers\u8g2\u8x8_d_ssd1329.o Drivers\u8g2\u8x8_d_ssd1606_172x72.o Drivers\u8g2\u8x8_d_ssd1607_200x200.o Drivers\u8g2\u8x8_d_st75256.o Drivers\u8g2\u8x8_d_st7565.o Drivers\u8g2\u8x8_d_st7567.o Drivers\u8g2\u8x8_d_st7586s_erc240160.o Drivers\u8g2\u8x8_d_st7586s_s028hn118a.o Drivers\u8g2\u8x8_d_st7588.o Drivers\u8g2\u8x8_d_st7920.o Drivers\u8g2\u8x8_d_stdio.o Drivers\u8g2\u8x8_d_t6963.o Drivers\u8g2\u8x8_d_uc1601.o Drivers\u8g2\u8x8_d_uc1604.o Drivers\u8g2\u8x8_d_uc1608.o Drivers\u8g2\u8x8_d_uc1610.o Drivers\u8g2\u8x8_d_uc1611.o Drivers\u8g2\u8x8_d_uc1617.o Drivers\u8g2\u8x8_d_uc1638.o Drivers\u8g2\u8x8_d_uc1701_dogs102.o Drivers\u8g2\u8x8_d_uc1701_mini12864.o Drivers\u8g2\u8x8_debounce.o Drivers\u8g2\u8x8_display.o Drivers\u8g2\u8x8_fonts.o Drivers\u8g2\u8x8_gpio.o Drivers\u8g2\u8x8_input_value.o Drivers\u8g2\u8x8_message.o Drivers\u8g2\u8x8_selection_list.o Drivers\u8g2\u8x8_setup.o Drivers\u8g2\u8x8_string.o Drivers\u8g2\u8x8_u16toa.o Drivers\u8g2\u8x8_u8toa.o Src\dma.o Src\gpio.o Src\main.o Src\spi.o Src\stm32f4xx_hal_msp.o Src\stm32f4xx_it.o Src\syscalls.o Src\system_stm32f4xx.o startup\startup_stm32f407xx.o -mthumb -mcpu=cortex-m4 -mfloat-abi=hard -mfpu=fpv4-sp-d16 -T../STM32F407VG_FLASH.ld -specs=nosys.specs -static -Wl,-Map=Display.map -Wl,--gc-sections -Wl,--defsym=malloc_getpagesize_P=0x80 -Wl,--start-group -lc -lm -Wl,--end-group -specs=nano.specs 
C:\Program Files (x86)\Atollic\TrueSTUDIO for STM32 9.3.0\ide\jre\bin\java -jar C:\Program Files (x86)\Atollic\TrueSTUDIO for STM32 9.3.0\Tools\arm-atollic-reports.jar sizeinfo list Display.elf 
Generate build reports...
Print size information
   text	   data	    bss	    dec	    hex	filename
  19820	   1508	   2264	  23592	   5c28	Display.elf
Print size information done
Generate listing file
Output sent to: Display.list
Generate listing file done
Generate build reports done
arm-atollic-eabi-objcopy.exe -O ihex Display.elf Display.hex 
01:23:06 **** Incremental Build of configuration Debug for project Display ****
Info: Internal Builder is used for build
arm-atollic-eabi-gcc -c -mthumb -mcpu=cortex-m4 -mfloat-abi=hard -mfpu=fpv4-sp-d16 -std=gnu11 -D__weak=__attribute__((weak)) -D__packed=__attribute__((__packed__)) -DUSE_HAL_DRIVER -DSTM32F407xx -I../Inc -I../Drivers/STM32F4xx_HAL_Driver/Inc -I../Drivers/STM32F4xx_HAL_Driver/Inc/Legacy -I../Drivers/CMSIS/Device/ST/STM32F4xx/Include -I../Drivers/CMSIS/Include -IM:\stm32\Geoptic\Display\Drivers\u8g2 -Os -ffunction-sections -fdata-sections -g -fstack-usage -Wall -specs=nano.specs -o Drivers\STM32F4xx_HAL_Driver\Src\stm32f4xx_hal_dma.o ..\Drivers\STM32F4xx_HAL_Driver\Src\stm32f4xx_hal_dma.c 
arm-atollic-eabi-gcc -c -mthumb -mcpu=cortex-m4 -mfloat-abi=hard -mfpu=fpv4-sp-d16 -std=gnu11 -D__weak=__attribute__((weak)) -D__packed=__attribute__((__packed__)) -DUSE_HAL_DRIVER -DSTM32F407xx -I../Inc -I../Drivers/STM32F4xx_HAL_Driver/Inc -I../Drivers/STM32F4xx_HAL_Driver/Inc/Legacy -I../Drivers/CMSIS/Device/ST/STM32F4xx/Include -I../Drivers/CMSIS/Include -IM:\stm32\Geoptic\Display\Drivers\u8g2 -Os -ffunction-sections -fdata-sections -g -fstack-usage -Wall -specs=nano.specs -o Drivers\STM32F4xx_HAL_Driver\Src\stm32f4xx_hal_flash_ramfunc.o ..\Drivers\STM32F4xx_HAL_Driver\Src\stm32f4xx_hal_flash_ramfunc.c 
arm-atollic-eabi-gcc -c -mthumb -mcpu=cortex-m4 -mfloat-abi=hard -mfpu=fpv4-sp-d16 -std=gnu11 -D__weak=__attribute__((weak)) -D__packed=__attribute__((__packed__)) -DUSE_HAL_DRIVER -DSTM32F407xx -I../Inc -I../Drivers/STM32F4xx_HAL_Driver/Inc -I../Drivers/STM32F4xx_HAL_Driver/Inc/Legacy -I../Drivers/CMSIS/Device/ST/STM32F4xx/Include -I../Drivers/CMSIS/Include -IM:\stm32\Geoptic\Display\Drivers\u8g2 -Os -ffunction-sections -fdata-sections -g -fstack-usage -Wall -specs=nano.specs -o Drivers\STM32F4xx_HAL_Driver\Src\stm32f4xx_hal_spi.o ..\Drivers\STM32F4xx_HAL_Driver\Src\stm32f4xx_hal_spi.c 
arm-atollic-eabi-gcc -c -mthumb -mcpu=cortex-m4 -mfloat-abi=hard -mfpu=fpv4-sp-d16 -std=gnu11 -D__weak=__attribute__((weak)) -D__packed=__attribute__((__packed__)) -DUSE_HAL_DRIVER -DSTM32F407xx -I../Inc -I../Drivers/STM32F4xx_HAL_Driver/Inc -I../Drivers/STM32F4xx_HAL_Driver/Inc/Legacy -I../Drivers/CMSIS/Device/ST/STM32F4xx/Include -I../Drivers/CMSIS/Include -IM:\stm32\Geoptic\Display\Drivers\u8g2 -Os -ffunction-sections -fdata-sections -g -fstack-usage -Wall -specs=nano.specs -o Drivers\STM32F4xx_HAL_Driver\Src\stm32f4xx_hal_rcc_ex.o ..\Drivers\STM32F4xx_HAL_Driver\Src\stm32f4xx_hal_rcc_ex.c 
arm-atollic-eabi-gcc -c -mthumb -mcpu=cortex-m4 -mfloat-abi=hard -mfpu=fpv4-sp-d16 -std=gnu11 -D__weak=__attribute__((weak)) -D__packed=__attribute__((__packed__)) -DUSE_HAL_DRIVER -DSTM32F407xx -I../Inc -I../Drivers/STM32F4xx_HAL_Driver/Inc -I../Drivers/STM32F4xx_HAL_Driver/Inc/Legacy -I../Drivers/CMSIS/Device/ST/STM32F4xx/Include -I../Drivers/CMSIS/Include -IM:\stm32\Geoptic\Display\Drivers\u8g2 -Os -ffunction-sections -fdata-sections -g -fstack-usage -Wall -specs=nano.specs -o Drivers\STM32F4xx_HAL_Driver\Src\stm32f4xx_hal_flash_ex.o ..\Drivers\STM32F4xx_HAL_Driver\Src\stm32f4xx_hal_flash_ex.c 
arm-atollic-eabi-gcc -c -mthumb -mcpu=cortex-m4 -mfloat-abi=hard -mfpu=fpv4-sp-d16 -std=gnu11 -D__weak=__attribute__((weak)) -D__packed=__attribute__((__packed__)) -DUSE_HAL_DRIVER -DSTM32F407xx -I../Inc -I../Drivers/STM32F4xx_HAL_Driver/Inc -I../Drivers/STM32F4xx_HAL_Driver/Inc/Legacy -I../Drivers/CMSIS/Device/ST/STM32F4xx/Include -I../Drivers/CMSIS/Include -IM:\stm32\Geoptic\Display\Drivers\u8g2 -Os -ffunction-sections -fdata-sections -g -fstack-usage -Wall -specs=nano.specs -o Drivers\STM32F4xx_HAL_Driver\Src\stm32f4xx_hal_cortex.o ..\Drivers\STM32F4xx_HAL_Driver\Src\stm32f4xx_hal_cortex.c 
arm-atollic-eabi-gcc -c -mthumb -mcpu=cortex-m4 -mfloat-abi=hard -mfpu=fpv4-sp-d16 -std=gnu11 -D__weak=__attribute__((weak)) -D__packed=__attribute__((__packed__)) -DUSE_HAL_DRIVER -DSTM32F407xx -I../Inc -I../Drivers/STM32F4xx_HAL_Driver/Inc -I../Drivers/STM32F4xx_HAL_Driver/Inc/Legacy -I../Drivers/CMSIS/Device/ST/STM32F4xx/Include -I../Drivers/CMSIS/Include -IM:\stm32\Geoptic\Display\Drivers\u8g2 -Os -ffunction-sections -fdata-sections -g -fstack-usage -Wall -specs=nano.specs -o Drivers\STM32F4xx_HAL_Driver\Src\stm32f4xx_hal_pwr.o ..\Drivers\STM32F4xx_HAL_Driver\Src\stm32f4xx_hal_pwr.c 
arm-atollic-eabi-gcc -c -mthumb -mcpu=cortex-m4 -mfloat-abi=hard -mfpu=fpv4-sp-d16 -std=gnu11 -D__weak=__attribute__((weak)) -D__packed=__attribute__((__packed__)) -DUSE_HAL_DRIVER -DSTM32F407xx -I../Inc -I../Drivers/STM32F4xx_HAL_Driver/Inc -I../Drivers/STM32F4xx_HAL_Driver/Inc/Legacy -I../Drivers/CMSIS/Device/ST/STM32F4xx/Include -I../Drivers/CMSIS/Include -IM:\stm32\Geoptic\Display\Drivers\u8g2 -Os -ffunction-sections -fdata-sections -g -fstack-usage -Wall -specs=nano.specs -o Drivers\STM32F4xx_HAL_Driver\Src\stm32f4xx_hal_rcc.o ..\Drivers\STM32F4xx_HAL_Driver\Src\stm32f4xx_hal_rcc.c 
arm-atollic-eabi-gcc -c -mthumb -mcpu=cortex-m4 -mfloat-abi=hard -mfpu=fpv4-sp-d16 -std=gnu11 -D__weak=__attribute__((weak)) -D__packed=__attribute__((__packed__)) -DUSE_HAL_DRIVER -DSTM32F407xx -I../Inc -I../Drivers/STM32F4xx_HAL_Driver/Inc -I../Drivers/STM32F4xx_HAL_Driver/Inc/Legacy -I../Drivers/CMSIS/Device/ST/STM32F4xx/Include -I../Drivers/CMSIS/Include -IM:\stm32\Geoptic\Display\Drivers\u8g2 -Os -ffunction-sections -fdata-sections -g -fstack-usage -Wall -specs=nano.specs -o Src\stm32f4xx_hal_msp.o ..\Src\stm32f4xx_hal_msp.c 
arm-atollic-eabi-gcc -c -mthumb -mcpu=cortex-m4 -mfloat-abi=hard -mfpu=fpv4-sp-d16 -std=gnu11 -D__weak=__attribute__((weak)) -D__packed=__attribute__((__packed__)) -DUSE_HAL_DRIVER -DSTM32F407xx -I../Inc -I../Drivers/STM32F4xx_HAL_Driver/Inc -I../Drivers/STM32F4xx_HAL_Driver/Inc/Legacy -I../Drivers/CMSIS/Device/ST/STM32F4xx/Include -I../Drivers/CMSIS/Include -IM:\stm32\Geoptic\Display\Drivers\u8g2 -Os -ffunction-sections -fdata-sections -g -fstack-usage -Wall -specs=nano.specs -o Drivers\STM32F4xx_HAL_Driver\Src\stm32f4xx_hal_flash.o ..\Drivers\STM32F4xx_HAL_Driver\Src\stm32f4xx_hal_flash.c 
arm-atollic-eabi-gcc -c -mthumb -mcpu=cortex-m4 -mfloat-abi=hard -mfpu=fpv4-sp-d16 -std=gnu11 -D__weak=__attribute__((weak)) -D__packed=__attribute__((__packed__)) -DUSE_HAL_DRIVER -DSTM32F407xx -I../Inc -I../Drivers/STM32F4xx_HAL_Driver/Inc -I../Drivers/STM32F4xx_HAL_Driver/Inc/Legacy -I../Drivers/CMSIS/Device/ST/STM32F4xx/Include -I../Drivers/CMSIS/Include -IM:\stm32\Geoptic\Display\Drivers\u8g2 -Os -ffunction-sections -fdata-sections -g -fstack-usage -Wall -specs=nano.specs -o Src\spi.o ..\Src\spi.c 
arm-atollic-eabi-gcc -c -mthumb -mcpu=cortex-m4 -mfloat-abi=hard -mfpu=fpv4-sp-d16 -std=gnu11 -D__weak=__attribute__((weak)) -D__packed=__attribute__((__packed__)) -DUSE_HAL_DRIVER -DSTM32F407xx -I../Inc -I../Drivers/STM32F4xx_HAL_Driver/Inc -I../Drivers/STM32F4xx_HAL_Driver/Inc/Legacy -I../Drivers/CMSIS/Device/ST/STM32F4xx/Include -I../Drivers/CMSIS/Include -IM:\stm32\Geoptic\Display\Drivers\u8g2 -Os -ffunction-sections -fdata-sections -g -fstack-usage -Wall -specs=nano.specs -o Drivers\STM32F4xx_HAL_Driver\Src\stm32f4xx_hal_exti.o ..\Drivers\STM32F4xx_HAL_Driver\Src\stm32f4xx_hal_exti.c 
arm-atollic-eabi-gcc -c -mthumb -mcpu=cortex-m4 -mfloat-abi=hard -mfpu=fpv4-sp-d16 -std=gnu11 -D__weak=__attribute__((weak)) -D__packed=__attribute__((__packed__)) -DUSE_HAL_DRIVER -DSTM32F407xx -I../Inc -I../Drivers/STM32F4xx_HAL_Driver/Inc -I../Drivers/STM32F4xx_HAL_Driver/Inc/Legacy -I../Drivers/CMSIS/Device/ST/STM32F4xx/Include -I../Drivers/CMSIS/Include -IM:\stm32\Geoptic\Display\Drivers\u8g2 -Os -ffunction-sections -fdata-sections -g -fstack-usage -Wall -specs=nano.specs -o Src\dma.o ..\Src\dma.c 
arm-atollic-eabi-gcc -c -mthumb -mcpu=cortex-m4 -mfloat-abi=hard -mfpu=fpv4-sp-d16 -std=gnu11 -D__weak=__attribute__((weak)) -D__packed=__attribute__((__packed__)) -DUSE_HAL_DRIVER -DSTM32F407xx -I../Inc -I../Drivers/STM32F4xx_HAL_Driver/Inc -I../Drivers/STM32F4xx_HAL_Driver/Inc/Legacy -I../Drivers/CMSIS/Device/ST/STM32F4xx/Include -I../Drivers/CMSIS/Include -IM:\stm32\Geoptic\Display\Drivers\u8g2 -Os -ffunction-sections -fdata-sections -g -fstack-usage -Wall -specs=nano.specs -o Src\gpio.o ..\Src\gpio.c 
arm-atollic-eabi-gcc -c -mthumb -mcpu=cortex-m4 -mfloat-abi=hard -mfpu=fpv4-sp-d16 -std=gnu11 -D__weak=__attribute__((weak)) -D__packed=__attribute__((__packed__)) -DUSE_HAL_DRIVER -DSTM32F407xx -I../Inc -I../Drivers/STM32F4xx_HAL_Driver/Inc -I../Drivers/STM32F4xx_HAL_Driver/Inc/Legacy -I../Drivers/CMSIS/Device/ST/STM32F4xx/Include -I../Drivers/CMSIS/Include -IM:\stm32\Geoptic\Display\Drivers\u8g2 -Os -ffunction-sections -fdata-sections -g -fstack-usage -Wall -specs=nano.specs -o Drivers\STM32F4xx_HAL_Driver\Src\stm32f4xx_hal_gpio.o ..\Drivers\STM32F4xx_HAL_Driver\Src\stm32f4xx_hal_gpio.c 
arm-atollic-eabi-gcc -c -mthumb -mcpu=cortex-m4 -mfloat-abi=hard -mfpu=fpv4-sp-d16 -std=gnu11 -D__weak=__attribute__((weak)) -D__packed=__attribute__((__packed__)) -DUSE_HAL_DRIVER -DSTM32F407xx -I../Inc -I../Drivers/STM32F4xx_HAL_Driver/Inc -I../Drivers/STM32F4xx_HAL_Driver/Inc/Legacy -I../Drivers/CMSIS/Device/ST/STM32F4xx/Include -I../Drivers/CMSIS/Include -IM:\stm32\Geoptic\Display\Drivers\u8g2 -Os -ffunction-sections -fdata-sections -g -fstack-usage -Wall -specs=nano.specs -o Src\system_stm32f4xx.o ..\Src\system_stm32f4xx.c 
arm-atollic-eabi-gcc -c -mthumb -mcpu=cortex-m4 -mfloat-abi=hard -mfpu=fpv4-sp-d16 -std=gnu11 -D__weak=__attribute__((weak)) -D__packed=__attribute__((__packed__)) -DUSE_HAL_DRIVER -DSTM32F407xx -I../Inc -I../Drivers/STM32F4xx_HAL_Driver/Inc -I../Drivers/STM32F4xx_HAL_Driver/Inc/Legacy -I../Drivers/CMSIS/Device/ST/STM32F4xx/Include -I../Drivers/CMSIS/Include -IM:\stm32\Geoptic\Display\Drivers\u8g2 -Os -ffunction-sections -fdata-sections -g -fstack-usage -Wall -specs=nano.specs -o Drivers\STM32F4xx_HAL_Driver\Src\stm32f4xx_hal_tim_ex.o ..\Drivers\STM32F4xx_HAL_Driver\Src\stm32f4xx_hal_tim_ex.c 
arm-atollic-eabi-gcc -c -mthumb -mcpu=cortex-m4 -mfloat-abi=hard -mfpu=fpv4-sp-d16 -std=gnu11 -D__weak=__attribute__((weak)) -D__packed=__attribute__((__packed__)) -DUSE_HAL_DRIVER -DSTM32F407xx -I../Inc -I../Drivers/STM32F4xx_HAL_Driver/Inc -I../Drivers/STM32F4xx_HAL_Driver/Inc/Legacy -I../Drivers/CMSIS/Device/ST/STM32F4xx/Include -I../Drivers/CMSIS/Include -IM:\stm32\Geoptic\Display\Drivers\u8g2 -Os -ffunction-sections -fdata-sections -g -fstack-usage -Wall -specs=nano.specs -o Drivers\STM32F4xx_HAL_Driver\Src\stm32f4xx_hal_dma_ex.o ..\Drivers\STM32F4xx_HAL_Driver\Src\stm32f4xx_hal_dma_ex.c 
arm-atollic-eabi-gcc -c -mthumb -mcpu=cortex-m4 -mfloat-abi=hard -mfpu=fpv4-sp-d16 -std=gnu11 -D__weak=__attribute__((weak)) -D__packed=__attribute__((__packed__)) -DUSE_HAL_DRIVER -DSTM32F407xx -I../Inc -I../Drivers/STM32F4xx_HAL_Driver/Inc -I../Drivers/STM32F4xx_HAL_Driver/Inc/Legacy -I../Drivers/CMSIS/Device/ST/STM32F4xx/Include -I../Drivers/CMSIS/Include -IM:\stm32\Geoptic\Display\Drivers\u8g2 -Os -ffunction-sections -fdata-sections -g -fstack-usage -Wall -specs=nano.specs -o Src\stm32f4xx_it.o ..\Src\stm32f4xx_it.c 
arm-atollic-eabi-gcc -c -mthumb -mcpu=cortex-m4 -mfloat-abi=hard -mfpu=fpv4-sp-d16 -std=gnu11 -D__weak=__attribute__((weak)) -D__packed=__attribute__((__packed__)) -DUSE_HAL_DRIVER -DSTM32F407xx -I../Inc -I../Drivers/STM32F4xx_HAL_Driver/Inc -I../Drivers/STM32F4xx_HAL_Driver/Inc/Legacy -I../Drivers/CMSIS/Device/ST/STM32F4xx/Include -I../Drivers/CMSIS/Include -IM:\stm32\Geoptic\Display\Drivers\u8g2 -Os -ffunction-sections -fdata-sections -g -fstack-usage -Wall -specs=nano.specs -o Src\main.o ..\Src\main.c 
..\Src\main.c: In function 'main':
..\Src\main.c:302:62: warning: passing argument 6 of 'u8g2_DrawXBMP' from incompatible pointer type [-Wincompatible-pointer-types]
      u8g2_DrawXBMP(&u8g2, 8, 0, logo51_width, logo51_height, &logo51_bits);
                                                              ^
In file included from ..\Src\main.c:29:0:
M:\stm32\Geoptic\Display\Drivers\u8g2/u8g2.h:1081:6: note: expected 'const uint8_t * {aka const unsigned char *}' but argument is of type 'unsigned char (*)[1488]'
 void u8g2_DrawXBMP(u8g2_t *u8g2, u8g2_uint_t x, u8g2_uint_t y, u8g2_uint_t w, u8g2_uint_t h, const uint8_t *bitmap); /* assumes bitmap in PROGMEM */
      ^~~~~~~~~~~~~
..\Src\main.c: In function 'LoadWindow':
..\Src\main.c:395:59: warning: passing argument 6 of 'u8g2_DrawXBMP' from incompatible pointer type [-Wincompatible-pointer-types]
    u8g2_DrawXBMP(u8g2, 8, 0, logo51_width, logo51_height, &logo51_bits);
                                                           ^
In file included from ..\Src\main.c:29:0:
M:\stm32\Geoptic\Display\Drivers\u8g2/u8g2.h:1081:6: note: expected 'const uint8_t * {aka const unsigned char *}' but argument is of type 'unsigned char (*)[1488]'
 void u8g2_DrawXBMP(u8g2_t *u8g2, u8g2_uint_t x, u8g2_uint_t y, u8g2_uint_t w, u8g2_uint_t h, const uint8_t *bitmap); /* assumes bitmap in PROGMEM */
      ^~~~~~~~~~~~~
..\Src\main.c:411:16: warning: passing argument 1 of 'u8g2_DrawStr' from incompatible pointer type [-Wincompatible-pointer-types]
   u8g2_DrawStr(&u8g2, 100, 60, "Loading . . . ");
                ^
In file included from ..\Src\main.c:29:0:
M:\stm32\Geoptic\Display\Drivers\u8g2/u8g2.h:1151:13: note: expected 'u8g2_t * {aka struct u8g2_struct *}' but argument is of type 'u8g2_t ** {aka struct u8g2_struct **}'
 u8g2_uint_t u8g2_DrawStr(u8g2_t *u8g2, u8g2_uint_t x, u8g2_uint_t y, const char *str);
             ^~~~~~~~~~~~
..\Src\main.c:412:25: warning: passing argument 1 of 'u8g2_NextPage' from incompatible pointer type [-Wincompatible-pointer-types]
  } while (u8g2_NextPage(&u8g2));
                         ^
In file included from ..\Src\main.c:29:0:
M:\stm32\Geoptic\Display\Drivers\u8g2/u8g2.h:1035:9: note: expected 'u8g2_t * {aka struct u8g2_struct *}' but argument is of type 'u8g2_t ** {aka struct u8g2_struct **}'
 uint8_t u8g2_NextPage(u8g2_t *u8g2);
         ^~~~~~~~~~~~~
arm-atollic-eabi-gcc -c -mthumb -mcpu=cortex-m4 -mfloat-abi=hard -mfpu=fpv4-sp-d16 -std=gnu11 -D__weak=__attribute__((weak)) -D__packed=__attribute__((__packed__)) -DUSE_HAL_DRIVER -DSTM32F407xx -I../Inc -I../Drivers/STM32F4xx_HAL_Driver/Inc -I../Drivers/STM32F4xx_HAL_Driver/Inc/Legacy -I../Drivers/CMSIS/Device/ST/STM32F4xx/Include -I../Drivers/CMSIS/Include -IM:\stm32\Geoptic\Display\Drivers\u8g2 -Os -ffunction-sections -fdata-sections -g -fstack-usage -Wall -specs=nano.specs -o Drivers\STM32F4xx_HAL_Driver\Src\stm32f4xx_hal.o ..\Drivers\STM32F4xx_HAL_Driver\Src\stm32f4xx_hal.c 
arm-atollic-eabi-gcc -c -mthumb -mcpu=cortex-m4 -mfloat-abi=hard -mfpu=fpv4-sp-d16 -std=gnu11 -D__weak=__attribute__((weak)) -D__packed=__attribute__((__packed__)) -DUSE_HAL_DRIVER -DSTM32F407xx -I../Inc -I../Drivers/STM32F4xx_HAL_Driver/Inc -I../Drivers/STM32F4xx_HAL_Driver/Inc/Legacy -I../Drivers/CMSIS/Device/ST/STM32F4xx/Include -I../Drivers/CMSIS/Include -IM:\stm32\Geoptic\Display\Drivers\u8g2 -Os -ffunction-sections -fdata-sections -g -fstack-usage -Wall -specs=nano.specs -o Drivers\STM32F4xx_HAL_Driver\Src\stm32f4xx_hal_pwr_ex.o ..\Drivers\STM32F4xx_HAL_Driver\Src\stm32f4xx_hal_pwr_ex.c 
arm-atollic-eabi-gcc -c -mthumb -mcpu=cortex-m4 -mfloat-abi=hard -mfpu=fpv4-sp-d16 -std=gnu11 -D__weak=__attribute__((weak)) -D__packed=__attribute__((__packed__)) -DUSE_HAL_DRIVER -DSTM32F407xx -I../Inc -I../Drivers/STM32F4xx_HAL_Driver/Inc -I../Drivers/STM32F4xx_HAL_Driver/Inc/Legacy -I../Drivers/CMSIS/Device/ST/STM32F4xx/Include -I../Drivers/CMSIS/Include -IM:\stm32\Geoptic\Display\Drivers\u8g2 -Os -ffunction-sections -fdata-sections -g -fstack-usage -Wall -specs=nano.specs -o Drivers\STM32F4xx_HAL_Driver\Src\stm32f4xx_hal_tim.o ..\Drivers\STM32F4xx_HAL_Driver\Src\stm32f4xx_hal_tim.c 
arm-atollic-eabi-gcc -o Display.elf Drivers\STM32F4xx_HAL_Driver\Src\stm32f4xx_hal.o Drivers\STM32F4xx_HAL_Driver\Src\stm32f4xx_hal_cortex.o Drivers\STM32F4xx_HAL_Driver\Src\stm32f4xx_hal_dma.o Drivers\STM32F4xx_HAL_Driver\Src\stm32f4xx_hal_dma_ex.o Drivers\STM32F4xx_HAL_Driver\Src\stm32f4xx_hal_exti.o Drivers\STM32F4xx_HAL_Driver\Src\stm32f4xx_hal_flash.o Drivers\STM32F4xx_HAL_Driver\Src\stm32f4xx_hal_flash_ex.o Drivers\STM32F4xx_HAL_Driver\Src\stm32f4xx_hal_flash_ramfunc.o Drivers\STM32F4xx_HAL_Driver\Src\stm32f4xx_hal_gpio.o Drivers\STM32F4xx_HAL_Driver\Src\stm32f4xx_hal_pwr.o Drivers\STM32F4xx_HAL_Driver\Src\stm32f4xx_hal_pwr_ex.o Drivers\STM32F4xx_HAL_Driver\Src\stm32f4xx_hal_rcc.o Drivers\STM32F4xx_HAL_Driver\Src\stm32f4xx_hal_rcc_ex.o Drivers\STM32F4xx_HAL_Driver\Src\stm32f4xx_hal_spi.o Drivers\STM32F4xx_HAL_Driver\Src\stm32f4xx_hal_tim.o Drivers\STM32F4xx_HAL_Driver\Src\stm32f4xx_hal_tim_ex.o Drivers\u8g2\u8g2_bitmap.o Drivers\u8g2\u8g2_box.o Drivers\u8g2\u8g2_buffer.o Drivers\u8g2\u8g2_circle.o Drivers\u8g2\u8g2_cleardisplay.o Drivers\u8g2\u8g2_d_memory.o Drivers\u8g2\u8g2_d_setup.o Drivers\u8g2\u8g2_font.o Drivers\u8g2\u8g2_fonts.o Drivers\u8g2\u8g2_hvline.o Drivers\u8g2\u8g2_input_value.o Drivers\u8g2\u8g2_intersection.o Drivers\u8g2\u8g2_kerning.o Drivers\u8g2\u8g2_line.o Drivers\u8g2\u8g2_ll_hvline.o Drivers\u8g2\u8g2_message.o Drivers\u8g2\u8g2_polygon.o Drivers\u8g2\u8g2_selection_list.o Drivers\u8g2\u8g2_setup.o Drivers\u8g2\u8log.o Drivers\u8g2\u8log_u8g2.o Drivers\u8g2\u8log_u8x8.o Drivers\u8g2\u8x8_8x8.o Drivers\u8g2\u8x8_byte.o Drivers\u8g2\u8x8_cad.o Drivers\u8g2\u8x8_d_a2printer.o Drivers\u8g2\u8x8_d_il3820_296x128.o Drivers\u8g2\u8x8_d_ist3020.o Drivers\u8g2\u8x8_d_ks0108.o Drivers\u8g2\u8x8_d_lc7981.o Drivers\u8g2\u8x8_d_ld7032_60x32.o Drivers\u8g2\u8x8_d_ls013b7dh03.o Drivers\u8g2\u8x8_d_max7219.o Drivers\u8g2\u8x8_d_pcd8544_84x48.o Drivers\u8g2\u8x8_d_pcf8812.o Drivers\u8g2\u8x8_d_pcf8814_hx1230.o Drivers\u8g2\u8x8_d_sbn1661.o Drivers\u8g2\u8x8_d_sed1330.o Drivers\u8g2\u8x8_d_sh1106_64x32.o Drivers\u8g2\u8x8_d_sh1106_72x40.o Drivers\u8g2\u8x8_d_sh1107.o Drivers\u8g2\u8x8_d_sh1108.o Drivers\u8g2\u8x8_d_sh1122.o Drivers\u8g2\u8x8_d_ssd1305.o Drivers\u8g2\u8x8_d_ssd1306_128x32.o Drivers\u8g2\u8x8_d_ssd1306_128x64_noname.o Drivers\u8g2\u8x8_d_ssd1306_48x64.o Drivers\u8g2\u8x8_d_ssd1306_64x32.o Drivers\u8g2\u8x8_d_ssd1306_64x48.o Drivers\u8g2\u8x8_d_ssd1306_96x16.o Drivers\u8g2\u8x8_d_ssd1309.o Drivers\u8g2\u8x8_d_ssd1317.o Drivers\u8g2\u8x8_d_ssd1322.o Drivers\u8g2\u8x8_d_ssd1325.o Drivers\u8g2\u8x8_d_ssd1326.o Drivers\u8g2\u8x8_d_ssd1327.o Drivers\u8g2\u8x8_d_ssd1329.o Drivers\u8g2\u8x8_d_ssd1606_172x72.o Drivers\u8g2\u8x8_d_ssd1607_200x200.o Drivers\u8g2\u8x8_d_st75256.o Drivers\u8g2\u8x8_d_st7565.o Drivers\u8g2\u8x8_d_st7567.o Drivers\u8g2\u8x8_d_st7586s_erc240160.o Drivers\u8g2\u8x8_d_st7586s_s028hn118a.o Drivers\u8g2\u8x8_d_st7588.o Drivers\u8g2\u8x8_d_st7920.o Drivers\u8g2\u8x8_d_stdio.o Drivers\u8g2\u8x8_d_t6963.o Drivers\u8g2\u8x8_d_uc1601.o Drivers\u8g2\u8x8_d_uc1604.o Drivers\u8g2\u8x8_d_uc1608.o Drivers\u8g2\u8x8_d_uc1610.o Drivers\u8g2\u8x8_d_uc1611.o Drivers\u8g2\u8x8_d_uc1617.o Drivers\u8g2\u8x8_d_uc1638.o Drivers\u8g2\u8x8_d_uc1701_dogs102.o Drivers\u8g2\u8x8_d_uc1701_mini12864.o Drivers\u8g2\u8x8_debounce.o Drivers\u8g2\u8x8_display.o Drivers\u8g2\u8x8_fonts.o Drivers\u8g2\u8x8_gpio.o Drivers\u8g2\u8x8_input_value.o Drivers\u8g2\u8x8_message.o Drivers\u8g2\u8x8_selection_list.o Drivers\u8g2\u8x8_setup.o Drivers\u8g2\u8x8_string.o Drivers\u8g2\u8x8_u16toa.o Drivers\u8g2\u8x8_u8toa.o Src\dma.o Src\gpio.o Src\main.o Src\spi.o Src\stm32f4xx_hal_msp.o Src\stm32f4xx_it.o Src\syscalls.o Src\system_stm32f4xx.o startup\startup_stm32f407xx.o -mthumb -mcpu=cortex-m4 -mfloat-abi=hard -mfpu=fpv4-sp-d16 -T../STM32F407VG_FLASH.ld -specs=nosys.specs -static -Wl,-Map=Display.map -Wl,--gc-sections -Wl,--defsym=malloc_getpagesize_P=0x80 -Wl,--start-group -lc -lm -Wl,--end-group -specs=nano.specs 
C:\Program Files (x86)\Atollic\TrueSTUDIO for STM32 9.3.0\ide\jre\bin\java -jar C:\Program Files (x86)\Atollic\TrueSTUDIO for STM32 9.3.0\Tools\arm-atollic-reports.jar sizeinfo list Display.elf 
Generate build reports...
Print size information
   text	   data	    bss	    dec	    hex	filename
  19820	   1508	   2264	  23592	   5c28	Display.elf
Print size information done
Generate listing file
Output sent to: Display.list
Generate listing file done
Generate build reports done
arm-atollic-eabi-objcopy.exe -O ihex Display.elf Display.hex 
01:24:19 **** Incremental Build of configuration Debug for project Display ****
Info: Internal Builder is used for build
arm-atollic-eabi-gcc -c -mthumb -mcpu=cortex-m4 -mfloat-abi=hard -mfpu=fpv4-sp-d16 -std=gnu11 -D__weak=__attribute__((weak)) -D__packed=__attribute__((__packed__)) -DUSE_HAL_DRIVER -DSTM32F407xx -I../Inc -I../Drivers/STM32F4xx_HAL_Driver/Inc -I../Drivers/STM32F4xx_HAL_Driver/Inc/Legacy -I../Drivers/CMSIS/Device/ST/STM32F4xx/Include -I../Drivers/CMSIS/Include -IM:\stm32\Geoptic\Display\Drivers\u8g2 -Os -ffunction-sections -fdata-sections -g -fstack-usage -Wall -specs=nano.specs -o Src\main.o ..\Src\main.c 
..\Src\main.c: In function 'main':
..\Src\main.c:302:62: warning: passing argument 6 of 'u8g2_DrawXBMP' from incompatible pointer type [-Wincompatible-pointer-types]
      u8g2_DrawXBMP(&u8g2, 8, 0, logo51_width, logo51_height, &logo51_bits);
                                                              ^
In file included from ..\Src\main.c:29:0:
M:\stm32\Geoptic\Display\Drivers\u8g2/u8g2.h:1081:6: note: expected 'const uint8_t * {aka const unsigned char *}' but argument is of type 'unsigned char (*)[1488]'
 void u8g2_DrawXBMP(u8g2_t *u8g2, u8g2_uint_t x, u8g2_uint_t y, u8g2_uint_t w, u8g2_uint_t h, const uint8_t *bitmap); /* assumes bitmap in PROGMEM */
      ^~~~~~~~~~~~~
..\Src\main.c: In function 'LoadWindow':
..\Src\main.c:395:59: warning: passing argument 6 of 'u8g2_DrawXBMP' from incompatible pointer type [-Wincompatible-pointer-types]
    u8g2_DrawXBMP(u8g2, 8, 0, logo51_width, logo51_height, &logo51_bits);
                                                           ^
In file included from ..\Src\main.c:29:0:
M:\stm32\Geoptic\Display\Drivers\u8g2/u8g2.h:1081:6: note: expected 'const uint8_t * {aka const unsigned char *}' but argument is of type 'unsigned char (*)[1488]'
[...]
arm-atollic-eabi-gcc -c -mthumb -mcpu=cortex-m4 -mfloat-abi=hard -mfpu=fpv4-sp-d16 -std=gnu11 -D__weak=__attribute__((weak)) -D__packed=__attribute__((__packed__)) -DUSE_HAL_DRIVER -DSTM32F407xx -I../Inc -I../Drivers/STM32F4xx_HAL_Driver/Inc -I../Drivers/STM32F4xx_HAL_Driver/Inc/Legacy -I../Drivers/CMSIS/Device/ST/STM32F4xx/Include -I../Drivers/CMSIS/Include -IM:\stm32\Geoptic\Display\Drivers\u8g2 -Os -ffunction-sections -fdata-sections -g -fstack-usage -Wall -specs=nano.specs -o Src\main.o ..\Src\main.c 
..\Src\main.c: In function 'LoadWindow':
..\Src\main.c:396:59: warning: passing argument 6 of 'u8g2_DrawXBMP' from incompatible pointer type [-Wincompatible-pointer-types]
    u8g2_DrawXBMP(u8g2, 8, 0, logo51_width, logo51_height, &logo51_bits);
                                                           ^
In file included from ..\Src\main.c:29:0:
M:\stm32\Geoptic\Display\Drivers\u8g2/u8g2.h:1081:6: note: expected 'const uint8_t * {aka const unsigned char *}' but argument is of type 'unsigned char (*)[1488]'
 void u8g2_DrawXBMP(u8g2_t *u8g2, u8g2_uint_t x, u8g2_uint_t y, u8g2_uint_t w, u8g2_uint_t h, const uint8_t *bitmap); /* assumes bitmap in PROGMEM */
      ^~~~~~~~~~~~~
arm-atollic-eabi-gcc -c -mthumb -mcpu=cortex-m4 -mfloat-abi=hard -mfpu=fpv4-sp-d16 -std=gnu11 -D__weak=__attribute__((weak)) -D__packed=__attribute__((__packed__)) -DUSE_HAL_DRIVER -DSTM32F407xx -I../Inc -I../Drivers/STM32F4xx_HAL_Driver/Inc -I../Drivers/STM32F4xx_HAL_Driver/Inc/Legacy -I../Drivers/CMSIS/Device/ST/STM32F4xx/Include -I../Drivers/CMSIS/Include -IM:\stm32\Geoptic\Display\Drivers\u8g2 -Os -ffunction-sections -fdata-sections -g -fstack-usage -Wall -specs=nano.specs -o Drivers\STM32F4xx_HAL_Driver\Src\stm32f4xx_hal_flash_ramfunc.o ..\Drivers\STM32F4xx_HAL_Driver\Src\stm32f4xx_hal_flash_ramfunc.c 
arm-atollic-eabi-gcc -c -mthumb -mcpu=cortex-m4 -mfloat-abi=hard -mfpu=fpv4-sp-d16 -std=gnu11 -D__weak=__attribute__((weak)) -D__packed=__attribute__((__packed__)) -DUSE_HAL_DRIVER -DSTM32F407xx -I../Inc -I../Drivers/STM32F4xx_HAL_Driver/Inc -I../Drivers/STM32F4xx_HAL_Driver/Inc/Legacy -I../Drivers/CMSIS/Device/ST/STM32F4xx/Include -I../Drivers/CMSIS/Include -IM:\stm32\Geoptic\Display\Drivers\u8g2 -Os -ffunction-sections -fdata-sections -g -fstack-usage -Wall -specs=nano.specs -o Drivers\STM32F4xx_HAL_Driver\Src\stm32f4xx_hal_flash_ex.o ..\Drivers\STM32F4xx_HAL_Driver\Src\stm32f4xx_hal_flash_ex.c 
arm-atollic-eabi-gcc -c -mthumb -mcpu=cortex-m4 -mfloat-abi=hard -mfpu=fpv4-sp-d16 -std=gnu11 -D__weak=__attribute__((weak)) -D__packed=__attribute__((__packed__)) -DUSE_HAL_DRIVER -DSTM32F407xx -I../Inc -I../Drivers/STM32F4xx_HAL_Driver/Inc -I../Drivers/STM32F4xx_HAL_Driver/Inc/Legacy -I../Drivers/CMSIS/Device/ST/STM32F4xx/Include -I../Drivers/CMSIS/Include -IM:\stm32\Geoptic\Display\Drivers\u8g2 -Os -ffunction-sections -fdata-sections -g -fstack-usage -Wall -specs=nano.specs -o Src\gpio.o ..\Src\gpio.c 
arm-atollic-eabi-gcc -c -mthumb -mcpu=cortex-m4 -mfloat-abi=hard -mfpu=fpv4-sp-d16 -std=gnu11 -D__weak=__attribute__((weak)) -D__packed=__attribute__((__packed__)) -DUSE_HAL_DRIVER -DSTM32F407xx -I../Inc -I../Drivers/STM32F4xx_HAL_Driver/Inc -I../Drivers/STM32F4xx_HAL_Driver/Inc/Legacy -I../Drivers/CMSIS/Device/ST/STM32F4xx/Include -I../Drivers/CMSIS/Include -IM:\stm32\Geoptic\Display\Drivers\u8g2 -Os -ffunction-sections -fdata-sections -g -fstack-usage -Wall -specs=nano.specs -o Drivers\STM32F4xx_HAL_Driver\Src\stm32f4xx_hal_dma.o ..\Drivers\STM32F4xx_HAL_Driver\Src\stm32f4xx_hal_dma.c 
arm-atollic-eabi-gcc -c -mthumb -mcpu=cortex-m4 -mfloat-abi=hard -mfpu=fpv4-sp-d16 -std=gnu11 -D__weak=__attribute__((weak)) -D__packed=__attribute__((__packed__)) -DUSE_HAL_DRIVER -DSTM32F407xx -I../Inc -I../Drivers/STM32F4xx_HAL_Driver/Inc -I../Drivers/STM32F4xx_HAL_Driver/Inc/Legacy -I../Drivers/CMSIS/Device/ST/STM32F4xx/Include -I../Drivers/CMSIS/Include -IM:\stm32\Geoptic\Display\Drivers\u8g2 -Os -ffunction-sections -fdata-sections -g -fstack-usage -Wall -specs=nano.specs -o Src\spi.o ..\Src\spi.c 
arm-atollic-eabi-gcc -c -mthumb -mcpu=cortex-m4 -mfloat-abi=hard -mfpu=fpv4-sp-d16 -std=gnu11 -D__weak=__attribute__((weak)) -D__packed=__attribute__((__packed__)) -DUSE_HAL_DRIVER -DSTM32F407xx -I../Inc -I../Drivers/STM32F4xx_HAL_Driver/Inc -I../Drivers/STM32F4xx_HAL_Driver/Inc/Legacy -I../Drivers/CMSIS/Device/ST/STM32F4xx/Include -I../Drivers/CMSIS/Include -IM:\stm32\Geoptic\Display\Drivers\u8g2 -Os -ffunction-sections -fdata-sections -g -fstack-usage -Wall -specs=nano.specs -o Drivers\STM32F4xx_HAL_Driver\Src\stm32f4xx_hal_pwr_ex.o ..\Drivers\STM32F4xx_HAL_Driver\Src\stm32f4xx_hal_pwr_ex.c 
arm-atollic-eabi-gcc -c -mthumb -mcpu=cortex-m4 -mfloat-abi=hard -mfpu=fpv4-sp-d16 -std=gnu11 -D__weak=__attribute__((weak)) -D__packed=__attribute__((__packed__)) -DUSE_HAL_DRIVER -DSTM32F407xx -I../Inc -I../Drivers/STM32F4xx_HAL_Driver/Inc -I../Drivers/STM32F4xx_HAL_Driver/Inc/Legacy -I../Drivers/CMSIS/Device/ST/STM32F4xx/Include -I../Drivers/CMSIS/Include -IM:\stm32\Geoptic\Display\Drivers\u8g2 -Os -ffunction-sections -fdata-sections -g -fstack-usage -Wall -specs=nano.specs -o Src\dma.o ..\Src\dma.c 
arm-atollic-eabi-gcc -c -mthumb -mcpu=cortex-m4 -mfloat-abi=hard -mfpu=fpv4-sp-d16 -std=gnu11 -D__weak=__attribute__((weak)) -D__packed=__attribute__((__packed__)) -DUSE_HAL_DRIVER -DSTM32F407xx -I../Inc -I../Drivers/STM32F4xx_HAL_Driver/Inc -I../Drivers/STM32F4xx_HAL_Driver/Inc/Legacy -I../Drivers/CMSIS/Device/ST/STM32F4xx/Include -I../Drivers/CMSIS/Include -IM:\stm32\Geoptic\Display\Drivers\u8g2 -Os -ffunction-sections -fdata-sections -g -fstack-usage -Wall -specs=nano.specs -o Drivers\STM32F4xx_HAL_Driver\Src\stm32f4xx_hal_cortex.o ..\Drivers\STM32F4xx_HAL_Driver\Src\stm32f4xx_hal_cortex.c 
arm-atollic-eabi-gcc -c -mthumb -mcpu=cortex-m4 -mfloat-abi=hard -mfpu=fpv4-sp-d16 -std=gnu11 -D__weak=__attribute__((weak)) -D__packed=__attribute__((__packed__)) -DUSE_HAL_DRIVER -DSTM32F407xx -I../Inc -I../Drivers/STM32F4xx_HAL_Driver/Inc -I../Drivers/STM32F4xx_HAL_Driver/Inc/Legacy -I../Drivers/CMSIS/Device/ST/STM32F4xx/Include -I../Drivers/CMSIS/Include -IM:\stm32\Geoptic\Display\Drivers\u8g2 -Os -ffunction-sections -fdata-sections -g -fstack-usage -Wall -specs=nano.specs -o Drivers\STM32F4xx_HAL_Driver\Src\stm32f4xx_hal_spi.o ..\Drivers\STM32F4xx_HAL_Driver\Src\stm32f4xx_hal_spi.c 
arm-atollic-eabi-gcc -c -mthumb -mcpu=cortex-m4 -mfloat-abi=hard -mfpu=fpv4-sp-d16 -std=gnu11 -D__weak=__attribute__((weak)) -D__packed=__attribute__((__packed__)) -DUSE_HAL_DRIVER -DSTM32F407xx -I../Inc -I../Drivers/STM32F4xx_HAL_Driver/Inc -I../Drivers/STM32F4xx_HAL_Driver/Inc/Legacy -I../Drivers/CMSIS/Device/ST/STM32F4xx/Include -I../Drivers/CMSIS/Include -IM:\stm32\Geoptic\Display\Drivers\u8g2 -Os -ffunction-sections -fdata-sections -g -fstack-usage -Wall -specs=nano.specs -o Src\system_stm32f4xx.o ..\Src\system_stm32f4xx.c 
arm-atollic-eabi-gcc -c -mthumb -mcpu=cortex-m4 -mfloat-abi=hard -mfpu=fpv4-sp-d16 -std=gnu11 -D__weak=__attribute__((weak)) -D__packed=__attribute__((__packed__)) -DUSE_HAL_DRIVER -DSTM32F407xx -I../Inc -I../Drivers/STM32F4xx_HAL_Driver/Inc -I../Drivers/STM32F4xx_HAL_Driver/Inc/Legacy -I../Drivers/CMSIS/Device/ST/STM32F4xx/Include -I../Drivers/CMSIS/Include -IM:\stm32\Geoptic\Display\Drivers\u8g2 -Os -ffunction-sections -fdata-sections -g -fstack-usage -Wall -specs=nano.specs -o Drivers\STM32F4xx_HAL_Driver\Src\stm32f4xx_hal_tim_ex.o ..\Drivers\STM32F4xx_HAL_Driver\Src\stm32f4xx_hal_tim_ex.c 
arm-atollic-eabi-gcc -c -mthumb -mcpu=cortex-m4 -mfloat-abi=hard -mfpu=fpv4-sp-d16 -std=gnu11 -D__weak=__attribute__((weak)) -D__packed=__attribute__((__packed__)) -DUSE_HAL_DRIVER -DSTM32F407xx -I../Inc -I../Drivers/STM32F4xx_HAL_Driver/Inc -I../Drivers/STM32F4xx_HAL_Driver/Inc/Legacy -I../Drivers/CMSIS/Device/ST/STM32F4xx/Include -I../Drivers/CMSIS/Include -IM:\stm32\Geoptic\Display\Drivers\u8g2 -Os -ffunction-sections -fdata-sections -g -fstack-usage -Wall -specs=nano.specs -o Drivers\STM32F4xx_HAL_Driver\Src\stm32f4xx_hal_flash.o ..\Drivers\STM32F4xx_HAL_Driver\Src\stm32f4xx_hal_flash.c 
arm-atollic-eabi-gcc -c -mthumb -mcpu=cortex-m4 -mfloat-abi=hard -mfpu=fpv4-sp-d16 -std=gnu11 -D__weak=__attribute__((weak)) -D__packed=__attribute__((__packed__)) -DUSE_HAL_DRIVER -DSTM32F407xx -I../Inc -I../Drivers/STM32F4xx_HAL_Driver/Inc -I../Drivers/STM32F4xx_HAL_Driver/Inc/Legacy -I../Drivers/CMSIS/Device/ST/STM32F4xx/Include -I../Drivers/CMSIS/Include -IM:\stm32\Geoptic\Display\Drivers\u8g2 -Os -ffunction-sections -fdata-sections -g -fstack-usage -Wall -specs=nano.specs -o Src\stm32f4xx_it.o ..\Src\stm32f4xx_it.c 
arm-atollic-eabi-gcc -c -mthumb -mcpu=cortex-m4 -mfloat-abi=hard -mfpu=fpv4-sp-d16 -std=gnu11 -D__weak=__attribute__((weak)) -D__packed=__attribute__((__packed__)) -DUSE_HAL_DRIVER -DSTM32F407xx -I../Inc -I../Drivers/STM32F4xx_HAL_Driver/Inc -I../Drivers/STM32F4xx_HAL_Driver/Inc/Legacy -I../Drivers/CMSIS/Device/ST/STM32F4xx/Include -I../Drivers/CMSIS/Include -IM:\stm32\Geoptic\Display\Drivers\u8g2 -Os -ffunction-sections -fdata-sections -g -fstack-usage -Wall -specs=nano.specs -o Src\stm32f4xx_hal_msp.o ..\Src\stm32f4xx_hal_msp.c 
arm-atollic-eabi-gcc -o Display.elf Drivers\STM32F4xx_HAL_Driver\Src\stm32f4xx_hal.o Drivers\STM32F4xx_HAL_Driver\Src\stm32f4xx_hal_cortex.o Drivers\STM32F4xx_HAL_Driver\Src\stm32f4xx_hal_dma.o Drivers\STM32F4xx_HAL_Driver\Src\stm32f4xx_hal_dma_ex.o Drivers\STM32F4xx_HAL_Driver\Src\stm32f4xx_hal_exti.o Drivers\STM32F4xx_HAL_Driver\Src\stm32f4xx_hal_flash.o Drivers\STM32F4xx_HAL_Driver\Src\stm32f4xx_hal_flash_ex.o Drivers\STM32F4xx_HAL_Driver\Src\stm32f4xx_hal_flash_ramfunc.o Drivers\STM32F4xx_HAL_Driver\Src\stm32f4xx_hal_gpio.o Drivers\STM32F4xx_HAL_Driver\Src\stm32f4xx_hal_pwr.o Drivers\STM32F4xx_HAL_Driver\Src\stm32f4xx_hal_pwr_ex.o Drivers\STM32F4xx_HAL_Driver\Src\stm32f4xx_hal_rcc.o Drivers\STM32F4xx_HAL_Driver\Src\stm32f4xx_hal_rcc_ex.o Drivers\STM32F4xx_HAL_Driver\Src\stm32f4xx_hal_spi.o Drivers\STM32F4xx_HAL_Driver\Src\stm32f4xx_hal_tim.o Drivers\STM32F4xx_HAL_Driver\Src\stm32f4xx_hal_tim_ex.o Drivers\u8g2\u8g2_bitmap.o Drivers\u8g2\u8g2_box.o Drivers\u8g2\u8g2_buffer.o Drivers\u8g2\u8g2_circle.o Drivers\u8g2\u8g2_cleardisplay.o Drivers\u8g2\u8g2_d_memory.o Drivers\u8g2\u8g2_d_setup.o Drivers\u8g2\u8g2_font.o Drivers\u8g2\u8g2_fonts.o Drivers\u8g2\u8g2_hvline.o Drivers\u8g2\u8g2_input_value.o Drivers\u8g2\u8g2_intersection.o Drivers\u8g2\u8g2_kerning.o Drivers\u8g2\u8g2_line.o Drivers\u8g2\u8g2_ll_hvline.o Drivers\u8g2\u8g2_message.o Drivers\u8g2\u8g2_polygon.o Drivers\u8g2\u8g2_selection_list.o Drivers\u8g2\u8g2_setup.o Drivers\u8g2\u8log.o Drivers\u8g2\u8log_u8g2.o Drivers\u8g2\u8log_u8x8.o Drivers\u8g2\u8x8_8x8.o Drivers\u8g2\u8x8_byte.o Drivers\u8g2\u8x8_cad.o Drivers\u8g2\u8x8_d_a2printer.o Drivers\u8g2\u8x8_d_il3820_296x128.o Drivers\u8g2\u8x8_d_ist3020.o Drivers\u8g2\u8x8_d_ks0108.o Drivers\u8g2\u8x8_d_lc7981.o Drivers\u8g2\u8x8_d_ld7032_60x32.o Drivers\u8g2\u8x8_d_ls013b7dh03.o Drivers\u8g2\u8x8_d_max7219.o Drivers\u8g2\u8x8_d_pcd8544_84x48.o Drivers\u8g2\u8x8_d_pcf8812.o Drivers\u8g2\u8x8_d_pcf8814_hx1230.o Drivers\u8g2\u8x8_d_sbn1661.o Drivers\u8g2\u8x8_d_sed1330.o Drivers\u8g2\u8x8_d_sh1106_64x32.o Drivers\u8g2\u8x8_d_sh1106_72x40.o Drivers\u8g2\u8x8_d_sh1107.o Drivers\u8g2\u8x8_d_sh1108.o Drivers\u8g2\u8x8_d_sh1122.o Drivers\u8g2\u8x8_d_ssd1305.o Drivers\u8g2\u8x8_d_ssd1306_128x32.o Drivers\u8g2\u8x8_d_ssd1306_128x64_noname.o Drivers\u8g2\u8x8_d_ssd1306_48x64.o Drivers\u8g2\u8x8_d_ssd1306_64x32.o Drivers\u8g2\u8x8_d_ssd1306_64x48.o Drivers\u8g2\u8x8_d_ssd1306_96x16.o Drivers\u8g2\u8x8_d_ssd1309.o Drivers\u8g2\u8x8_d_ssd1317.o Drivers\u8g2\u8x8_d_ssd1322.o Drivers\u8g2\u8x8_d_ssd1325.o Drivers\u8g2\u8x8_d_ssd1326.o Drivers\u8g2\u8x8_d_ssd1327.o Drivers\u8g2\u8x8_d_ssd1329.o Drivers\u8g2\u8x8_d_ssd1606_172x72.o Drivers\u8g2\u8x8_d_ssd1607_200x200.o Drivers\u8g2\u8x8_d_st75256.o Drivers\u8g2\u8x8_d_st7565.o Drivers\u8g2\u8x8_d_st7567.o Drivers\u8g2\u8x8_d_st7586s_erc240160.o Drivers\u8g2\u8x8_d_st7586s_s028hn118a.o Drivers\u8g2\u8x8_d_st7588.o Drivers\u8g2\u8x8_d_st7920.o Drivers\u8g2\u8x8_d_stdio.o Drivers\u8g2\u8x8_d_t6963.o Drivers\u8g2\u8x8_d_uc1601.o Drivers\u8g2\u8x8_d_uc1604.o Drivers\u8g2\u8x8_d_uc1608.o Drivers\u8g2\u8x8_d_uc1610.o Drivers\u8g2\u8x8_d_uc1611.o Drivers\u8g2\u8x8_d_uc1617.o Drivers\u8g2\u8x8_d_uc1638.o Drivers\u8g2\u8x8_d_uc1701_dogs102.o Drivers\u8g2\u8x8_d_uc1701_mini12864.o Drivers\u8g2\u8x8_debounce.o Drivers\u8g2\u8x8_display.o Drivers\u8g2\u8x8_fonts.o Drivers\u8g2\u8x8_gpio.o Drivers\u8g2\u8x8_input_value.o Drivers\u8g2\u8x8_message.o Drivers\u8g2\u8x8_selection_list.o Drivers\u8g2\u8x8_setup.o Drivers\u8g2\u8x8_string.o Drivers\u8g2\u8x8_u16toa.o Drivers\u8g2\u8x8_u8toa.o Src\dma.o Src\gpio.o Src\main.o Src\spi.o Src\stm32f4xx_hal_msp.o Src\stm32f4xx_it.o Src\syscalls.o Src\system_stm32f4xx.o startup\startup_stm32f407xx.o -mthumb -mcpu=cortex-m4 -mfloat-abi=hard -mfpu=fpv4-sp-d16 -T../STM32F407VG_FLASH.ld -specs=nosys.specs -static -Wl,-Map=Display.map -Wl,--gc-sections -Wl,--defsym=malloc_getpagesize_P=0x80 -Wl,--start-group -lc -lm -Wl,--end-group -specs=nano.specs 
C:\Program Files (x86)\Atollic\TrueSTUDIO for STM32 9.3.0\ide\jre\bin\java -jar C:\Program Files (x86)\Atollic\TrueSTUDIO for STM32 9.3.0\Tools\arm-atollic-reports.jar sizeinfo list Display.elf 
Generate build reports...
Print size information
   text	   data	    bss	    dec	    hex	filename
  20048	   1508	   2264	  23820	   5d0c	Display.elf
Print size information done
Generate listing file
Output sent to: Display.list
Generate listing file done
Generate build reports done
arm-atollic-eabi-objcopy.exe -O ihex Display.elf Display.hex 
02:17:06 **** Incremental Build of configuration Debug for project Display ****
Info: Internal Builder is used for build
arm-atollic-eabi-gcc -c -mthumb -mcpu=cortex-m4 -mfloat-abi=hard -mfpu=fpv4-sp-d16 -std=gnu11 -D__weak=__attribute__((weak)) -D__packed=__attribute__((__packed__)) -DUSE_HAL_DRIVER -DSTM32F407xx -I../Inc -I../Drivers/STM32F4xx_HAL_Driver/Inc -I../Drivers/STM32F4xx_HAL_Driver/Inc/Legacy -I../Drivers/CMSIS/Device/ST/STM32F4xx/Include -I../Drivers/CMSIS/Include -IM:\stm32\Geoptic\Display\Drivers\u8g2 -Os -ffunction-sections -fdata-sections -g -fstack-usage -Wall -specs=nano.specs -o Src\main.o ..\Src\main.c 
..\Src\main.c: In function 'LoadWindow':
..\Src\main.c:396:59: warning: passing argument 6 of 'u8g2_DrawXBMP' from incompatible pointer type [-Wincompatible-pointer-types]
    u8g2_DrawXBMP(u8g2, 8, 0, logo51_width, logo51_height, &logo51_bits);
                                                           ^
In file included from ..\Src\main.c:29:0:
M:\stm32\Geoptic\Display\Drivers\u8g2/u8g2.h:1081:6: note: expected 'const uint8_t * {aka const unsigned char *}' but argument is of type 'unsigned char (*)[1488]'
 void u8g2_DrawXBMP(u8g2_t *u8g2, u8g2_uint_t x, u8g2_uint_t y, u8g2_uint_t w, u8g2_uint_t h, const uint8_t *bitmap); /* assumes bitmap in PROGMEM */
      ^~~~~~~~~~~~~
arm-atollic-eabi-gcc -o Display.elf Drivers\STM32F4xx_HAL_Driver\Src\stm32f4xx_hal.o Drivers\STM32F4xx_HAL_Driver\Src\stm32f4xx_hal_cortex.o Drivers\STM32F4xx_HAL_Driver\Src\stm32f4xx_hal_dma.o Drivers\STM32F4xx_HAL_Driver\Src\stm32f4xx_hal_dma_ex.o Drivers\STM32F4xx_HAL_Driver\Src\stm32f4xx_hal_exti.o Drivers\STM32F4xx_HAL_Driver\Src\stm32f4xx_hal_flash.o Drivers\STM32F4xx_HAL_Driver\Src\stm32f4xx_hal_flash_ex.o Drivers\STM32F4xx_HAL_Driver\Src\stm32f4xx_hal_flash_ramfunc.o Drivers\STM32F4xx_HAL_Driver\Src\stm32f4xx_hal_gpio.o Drivers\STM32F4xx_HAL_Driver\Src\stm32f4xx_hal_pwr.o Drivers\STM32F4xx_HAL_Driver\Src\stm32f4xx_hal_pwr_ex.o Drivers\STM32F4xx_HAL_Driver\Src\stm32f4xx_hal_rcc.o Drivers\STM32F4xx_HAL_Driver\Src\stm32f4xx_hal_rcc_ex.o Drivers\STM32F4xx_HAL_Driver\Src\stm32f4xx_hal_spi.o Drivers\STM32F4xx_HAL_Driver\Src\stm32f4xx_hal_tim.o Drivers\STM32F4xx_HAL_Driver\Src\stm32f4xx_hal_tim_ex.o Drivers\u8g2\u8g2_bitmap.o Drivers\u8g2\u8g2_box.o Drivers\u8g2\u8g2_buffer.o Drivers\u8g2\u8g2_circle.o Drivers\u8g2\u8g2_cleardisplay.o Drivers\u8g2\u8g2_d_memory.o Drivers\u8g2\u8g2_d_setup.o Drivers\u8g2\u8g2_font.o Drivers\u8g2\u8g2_fonts.o Drivers\u8g2\u8g2_hvline.o Drivers\u8g2\u8g2_input_value.o Drivers\u8g2\u8g2_intersection.o Drivers\u8g2\u8g2_kerning.o Drivers\u8g2\u8g2_line.o Drivers\u8g2\u8g2_ll_hvline.o Drivers\u8g2\u8g2_message.o Drivers\u8g2\u8g2_polygon.o Drivers\u8g2\u8g2_selection_list.o Drivers\u8g2\u8g2_setup.o Drivers\u8g2\u8log.o Drivers\u8g2\u8log_u8g2.o Drivers\u8g2\u8log_u8x8.o Drivers\u8g2\u8x8_8x8.o Drivers\u8g2\u8x8_byte.o Drivers\u8g2\u8x8_cad.o Drivers\u8g2\u8x8_d_a2printer.o Drivers\u8g2\u8x8_d_il3820_296x128.o Drivers\u8g2\u8x8_d_ist3020.o Drivers\u8g2\u8x8_d_ks0108.o Drivers\u8g2\u8x8_d_lc7981.o Drivers\u8g2\u8x8_d_ld7032_60x32.o Drivers\u8g2\u8x8_d_ls013b7dh03.o Drivers\u8g2\u8x8_d_max7219.o Drivers\u8g2\u8x8_d_pcd8544_84x48.o Drivers\u8g2\u8x8_d_pcf8812.o Drivers\u8g2\u8x8_d_pcf8814_hx1230.o Drivers\u8g2\u8x8_d_sbn1661.o Drivers\u8g2\u8x8_d_sed1330.o Drivers\u8g2\u8x8_d_sh1106_64x32.o Drivers\u8g2\u8x8_d_sh1106_72x40.o Drivers\u8g2\u8x8_d_sh1107.o Drivers\u8g2\u8x8_d_sh1108.o Drivers\u8g2\u8x8_d_sh1122.o Drivers\u8g2\u8x8_d_ssd1305.o Drivers\u8g2\u8x8_d_ssd1306_128x32.o Drivers\u8g2\u8x8_d_ssd1306_128x64_noname.o Drivers\u8g2\u8x8_d_ssd1306_48x64.o Drivers\u8g2\u8x8_d_ssd1306_64x32.o Drivers\u8g2\u8x8_d_ssd1306_64x48.o Drivers\u8g2\u8x8_d_ssd1306_96x16.o Drivers\u8g2\u8x8_d_ssd1309.o Drivers\u8g2\u8x8_d_ssd1317.o Drivers\u8g2\u8x8_d_ssd1322.o Drivers\u8g2\u8x8_d_ssd1325.o Drivers\u8g2\u8x8_d_ssd1326.o Drivers\u8g2\u8x8_d_ssd1327.o Drivers\u8g2\u8x8_d_ssd1329.o Drivers\u8g2\u8x8_d_ssd1606_172x72.o Drivers\u8g2\u8x8_d_ssd1607_200x200.o Drivers\u8g2\u8x8_d_st75256.o Drivers\u8g2\u8x8_d_st7565.o Drivers\u8g2\u8x8_d_st7567.o Drivers\u8g2\u8x8_d_st7586s_erc240160.o Drivers\u8g2\u8x8_d_st7586s_s028hn118a.o Drivers\u8g2\u8x8_d_st7588.o Drivers\u8g2\u8x8_d_st7920.o Drivers\u8g2\u8x8_d_stdio.o Drivers\u8g2\u8x8_d_t6963.o Drivers\u8g2\u8x8_d_uc1601.o Drivers\u8g2\u8x8_d_uc1604.o Drivers\u8g2\u8x8_d_uc1608.o Drivers\u8g2\u8x8_d_uc1610.o Drivers\u8g2\u8x8_d_uc1611.o Drivers\u8g2\u8x8_d_uc1617.o Drivers\u8g2\u8x8_d_uc1638.o Drivers\u8g2\u8x8_d_uc1701_dogs102.o Drivers\u8g2\u8x8_d_uc1701_mini12864.o Drivers\u8g2\u8x8_debounce.o Drivers\u8g2\u8x8_display.o Drivers\u8g2\u8x8_fonts.o Drivers\u8g2\u8x8_gpio.o Drivers\u8g2\u8x8_input_value.o Drivers\u8g2\u8x8_message.o Drivers\u8g2\u8x8_selection_list.o Drivers\u8g2\u8x8_setup.o Drivers\u8g2\u8x8_string.o Drivers\u8g2\u8x8_u16toa.o Drivers\u8g2\u8x8_u8toa.o Src\dma.o Src\gpio.o Src\main.o Src\spi.o Src\stm32f4xx_hal_msp.o Src\stm32f4xx_it.o Src\syscalls.o Src\system_stm32f4xx.o startup\startup_stm32f407xx.o -mthumb -mcpu=cortex-m4 -mfloat-abi=hard -mfpu=fpv4-sp-d16 -T../STM32F407VG_FLASH.ld -specs=nosys.specs -static -Wl,-Map=Display.map -Wl,--gc-sections -Wl,--defsym=malloc_getpagesize_P=0x80 -Wl,--start-group -lc -lm -Wl,--end-group -specs=nano.specs 
C:\Program Files (x86)\Atollic\TrueSTUDIO for STM32 9.3.0\ide\jre\bin\java -jar C:\Program Files (x86)\Atollic\TrueSTUDIO for STM32 9.3.0\Tools\arm-atollic-reports.jar sizeinfo list Display.elf 
Generate build reports...
Print size information
   text	   data	    bss	    dec	    hex	filename
  20048	   1508	   2264	  23820	   5d0c	Display.elf
Print size information done
Generate listing file
Output sent to: Display.list
Generate listing file done
Generate build reports done
arm-atollic-eabi-objcopy.exe -O ihex Display.elf Display.hex 
